<html>
<body>
<pre>
<h1>µVision Build Log</h1>
<h2>Tool Versions:</h2>
IDE-Version: ¦ÌVision V5.29.0.0
Copyright (C) 2019 ARM Ltd and ARM Germany GmbH. All rights reserved.
License Information: hu zijian, BUPT, LIC=QF82M-X1CMQ-EV81R-K3MFG-LT256-I23QS
 
Tool Versions:
Toolchain:       MDK-ARM Plus  Version: 5.29.0.0
Toolchain Path:  D:\Develop\Keil5\keil_v5_core\ARM\ARMCC\Bin
C Compiler:      Armcc.exe V5.06 update 6 (build 750)
Assembler:       Armasm.exe V5.06 update 6 (build 750)
Linker/Locator:  ArmLink.exe V5.06 update 6 (build 750)
Library Manager: ArmAr.exe V5.06 update 6 (build 750)
Hex Converter:   FromElf.exe V5.06 update 6 (build 750)
CPU DLL:         SARMCM3.DLL V5.29.0.0
Dialog DLL:      DCM.DLL V1.17.3.0
Target DLL:      CMSIS_AGDI.dll V1.32.0.0
Dialog DLL:      TCM.DLL V1.36.5.0
 
<h2>Project:</h2>
D:\ROBOMASTER\projects\2024ÄêÁªÃËÈüÖÐÆÚ\infantry_BUPT_rm_2024\chassis_task\MDK-ARM\chassis_task.uvprojx
Project File Date:  02/22/2024

<h2>Output:</h2>
*** Using Compiler 'V5.06 update 6 (build 750)', folder: 'D:\Develop\Keil5\keil_v5_core\ARM\ARMCC\Bin'
Build target 'chassis_task'
compiling chassis_task.c...
..\application\CAN_receive.h(210): warning:  #1295-D: Deprecated declaration get_yaw_measure_point - give arg types
  extern const  can_send_data_s *get_yaw_measure_point();
..\application\CAN_receive.h(211): warning:  #1295-D: Deprecated declaration get_channel_measure_point - give arg types
  extern const  can_send_data_channel_s *get_channel_measure_point();
..\application\CAN_receive.h(213): warning:  #1295-D: Deprecated declaration get_keyboard_measure_point - give arg types
  extern const can_send_data_s *get_keyboard_measure_point(); 
..\application\CAN_receive.h(214): warning:  #1295-D: Deprecated declaration get_trigger_measure_point - give arg types
  extern const can_send_data_trigger_s *get_trigger_measure_point();
..\application\chassis_task.c(211): warning:  #940-D: missing return statement at end of non-void function "getRobotPresentMode" 
  }
..\application\chassis_task.c(374): warning:  #177-D: variable "i"  was declared but never referenced
      uint8_t i;
..\application\chassis_task.c(429): warning:  #177-D: variable "selfTargetOffsetPitch"  was declared but never referenced
      static fp32 selfTargetOffsetPitch=0,selfTargetOffsetYaw=0;
..\application\chassis_task.c(429): warning:  #177-D: variable "selfTargetOffsetYaw"  was declared but never referenced
      static fp32 selfTargetOffsetPitch=0,selfTargetOffsetYaw=0;
..\application\chassis_task.c(430): warning:  #550-D: variable "yaw_channel"  was set but never used
      static int16_t yaw_channel = 0, pitch_channel = 0;
..\application\chassis_task.c(430): warning:  #177-D: variable "pitch_channel"  was declared but never referenced
      static int16_t yaw_channel = 0, pitch_channel = 0;
..\application\chassis_task.c(438): warning:  #550-D: variable "lastMode"  was set but never used
      static enum RobotState_e lastMode=RobotState_e_Powerless;   //ï¿½ï¿½Ê¼ï¿½ï¿½Îªï¿½ï¿½ï¿½ï¿½
..\application\chassis_task.c(198): warning:  #177-D: variable "NUC_YAW"  was declared but never referenced
  static const can_send_data_nuc_yaw_s* NUC_YAW;
..\application\chassis_task.c(199): warning:  #177-D: variable "keyboard"  was declared but never referenced
  static const can_send_data_s* keyboard;
..\application\chassis_task.c(486): warning:  #177-D: function "ECDFormat"  was declared but never referenced
  static uint16_t ECDFormat(int16_t rawECD)     //test done
..\application\chassis_task.c: 14 warnings, 0 errors
linking...
Program Size: Code=61116 RO-data=4040 RW-data=676 ZI-data=49604  
FromELF: creating hex file...
"chassis_task\chassis_task.axf" - 0 Error(s), 14 Warning(s).

<h2>Software Packages used:</h2>

Package Vendor: ARM
                https://www.keil.com/pack/ARM.CMSIS.6.0.0.pack
                ARM.CMSIS.6.0.0
                CMSIS (Common Microcontroller Software Interface Standard)
   * Component: CORE Version: 6.0.0

Package Vendor: Keil
                https://www.keil.com/pack/Keil.STM32F4xx_DFP.2.17.1.pack
                Keil.STM32F4xx_DFP.2.17.1
                STMicroelectronics STM32F4 Series Device Support, Drivers and Examples

<h2>Collection of Component include folders:</h2>
  .\RTE\_chassis_task
  D:\Develop\Keil5\keil_pack\ARM\CMSIS\6.0.0\CMSIS\Core\Include
  D:\Develop\Keil5\keil_pack\Keil\STM32F4xx_DFP\2.17.1\Drivers\CMSIS\Device\ST\STM32F4xx\Include

<h2>Collection of Component Files used:</h2>

   * Component: ARM::CMSIS:CORE:6.0.0
Build Time Elapsed:  00:00:02
</pre>
</body>
</html>
