Component: ARM Compiler 5.06 update 6 (build 750) Tool: armlink [4d35ed]

==============================================================================

Section Cross References

    startup_stm32f407xx.o(STACK) refers (Special) to heapauxi.o(.text) for __use_two_region_memory
    startup_stm32f407xx.o(HEAP) refers (Special) to heapauxi.o(.text) for __use_two_region_memory
    startup_stm32f407xx.o(RESET) refers (Special) to heapauxi.o(.text) for __use_two_region_memory
    startup_stm32f407xx.o(RESET) refers to startup_stm32f407xx.o(STACK) for __initial_sp
    startup_stm32f407xx.o(RESET) refers to startup_stm32f407xx.o(.text) for Reset_Handler
    startup_stm32f407xx.o(RESET) refers to stm32f4xx_it.o(i.NMI_Handler) for NMI_Handler
    startup_stm32f407xx.o(RESET) refers to stm32f4xx_it.o(i.HardFault_Handler) for HardFault_Handler
    startup_stm32f407xx.o(RESET) refers to stm32f4xx_it.o(i.MemManage_Handler) for MemManage_Handler
    startup_stm32f407xx.o(RESET) refers to stm32f4xx_it.o(i.BusFault_Handler) for BusFault_Handler
    startup_stm32f407xx.o(RESET) refers to stm32f4xx_it.o(i.UsageFault_Handler) for UsageFault_Handler
    startup_stm32f407xx.o(RESET) refers to port.o(.emb_text) for SVC_Handler
    startup_stm32f407xx.o(RESET) refers to stm32f4xx_it.o(i.DebugMon_Handler) for DebugMon_Handler
    startup_stm32f407xx.o(RESET) refers to stm32f4xx_it.o(i.SysTick_Handler) for SysTick_Handler
    startup_stm32f407xx.o(RESET) refers to stm32f4xx_it.o(i.EXTI0_IRQHandler) for EXTI0_IRQHandler
    startup_stm32f407xx.o(RESET) refers to stm32f4xx_it.o(i.EXTI3_IRQHandler) for EXTI3_IRQHandler
    startup_stm32f407xx.o(RESET) refers to stm32f4xx_it.o(i.EXTI4_IRQHandler) for EXTI4_IRQHandler
    startup_stm32f407xx.o(RESET) refers to stm32f4xx_it.o(i.CAN1_RX0_IRQHandler) for CAN1_RX0_IRQHandler
    startup_stm32f407xx.o(RESET) refers to stm32f4xx_it.o(i.EXTI9_5_IRQHandler) for EXTI9_5_IRQHandler
    startup_stm32f407xx.o(RESET) refers to stm32f4xx_it.o(i.USART1_IRQHandler) for USART1_IRQHandler
    startup_stm32f407xx.o(RESET) refers to remote_control.o(i.USART3_IRQHandler) for USART3_IRQHandler
    startup_stm32f407xx.o(RESET) refers to stm32f4xx_it.o(i.DMA2_Stream1_IRQHandler) for DMA2_Stream1_IRQHandler
    startup_stm32f407xx.o(RESET) refers to ins_task.o(i.DMA2_Stream2_IRQHandler) for DMA2_Stream2_IRQHandler
    startup_stm32f407xx.o(RESET) refers to stm32f4xx_it.o(i.CAN2_RX0_IRQHandler) for CAN2_RX0_IRQHandler
    startup_stm32f407xx.o(RESET) refers to stm32f4xx_it.o(i.DMA2_Stream6_IRQHandler) for DMA2_Stream6_IRQHandler
    startup_stm32f407xx.o(RESET) refers to referee_usart_task.o(i.USART6_IRQHandler) for USART6_IRQHandler
    startup_stm32f407xx.o(.text) refers (Special) to heapauxi.o(.text) for __use_two_region_memory
    startup_stm32f407xx.o(.text) refers to system_stm32f4xx.o(i.SystemInit) for SystemInit
    startup_stm32f407xx.o(.text) refers to __main.o(!!!main) for __main
    startup_stm32f407xx.o(.text) refers to startup_stm32f407xx.o(HEAP) for Heap_Mem
    startup_stm32f407xx.o(.text) refers to startup_stm32f407xx.o(STACK) for Stack_Mem
    main.o(i.SystemClock_Config) refers to rt_memclr_w.o(.text) for __aeabi_memclr4
    main.o(i.SystemClock_Config) refers to stm32f4xx_hal_rcc.o(i.HAL_RCC_OscConfig) for HAL_RCC_OscConfig
    main.o(i.SystemClock_Config) refers to main.o(i.Error_Handler) for Error_Handler
    main.o(i.SystemClock_Config) refers to stm32f4xx_hal_rcc.o(i.HAL_RCC_ClockConfig) for HAL_RCC_ClockConfig
    main.o(i.SystemClock_Config) refers to stm32f4xx_hal_rcc_ex.o(i.HAL_RCCEx_PeriphCLKConfig) for HAL_RCCEx_PeriphCLKConfig
    main.o(i.main) refers to stm32f4xx_hal.o(i.HAL_Init) for HAL_Init
    main.o(i.main) refers to main.o(i.SystemClock_Config) for SystemClock_Config
    main.o(i.main) refers to gpio.o(i.MX_GPIO_Init) for MX_GPIO_Init
    main.o(i.main) refers to dma.o(i.MX_DMA_Init) for MX_DMA_Init
    main.o(i.main) refers to can.o(i.MX_CAN1_Init) for MX_CAN1_Init
    main.o(i.main) refers to can.o(i.MX_CAN2_Init) for MX_CAN2_Init
    main.o(i.main) refers to spi.o(i.MX_SPI1_Init) for MX_SPI1_Init
    main.o(i.main) refers to tim.o(i.MX_TIM4_Init) for MX_TIM4_Init
    main.o(i.main) refers to tim.o(i.MX_TIM5_Init) for MX_TIM5_Init
    main.o(i.main) refers to usart.o(i.MX_USART3_UART_Init) for MX_USART3_UART_Init
    main.o(i.main) refers to tim.o(i.MX_TIM8_Init) for MX_TIM8_Init
    main.o(i.main) refers to i2c.o(i.MX_I2C3_Init) for MX_I2C3_Init
    main.o(i.main) refers to rtc.o(i.MX_RTC_Init) for MX_RTC_Init
    main.o(i.main) refers to tim.o(i.MX_TIM3_Init) for MX_TIM3_Init
    main.o(i.main) refers to tim.o(i.MX_TIM10_Init) for MX_TIM10_Init
    main.o(i.main) refers to usart.o(i.MX_USART1_UART_Init) for MX_USART1_UART_Init
    main.o(i.main) refers to usart.o(i.MX_USART6_UART_Init) for MX_USART6_UART_Init
    main.o(i.main) refers to bsp_can.o(i.can_filter_init) for can_filter_init
    main.o(i.main) refers to bsp_delay.o(i.delay_init) for delay_init
[...]
    get_channel_measure_point                0x0800ace1   Thumb Code     4  can_receive.o(i.get_channel_measure_point)
    get_chassis_motor_measure_point          0x0800ace9   Thumb Code    18  can_receive.o(i.get_chassis_motor_measure_point)
    get_chassis_power_and_buffer             0x0800ad01   Thumb Code    24  referee.o(i.get_chassis_power_and_buffer)
    get_error_list_point                     0x0800ad1d   Thumb Code     4  detect_task.o(i.get_error_list_point)
    get_remote_control_point                 0x0800ad25   Thumb Code     4  remote_control.o(i.get_remote_control_point)
    get_robot_chassis_power_limit            0x0800ad2d   Thumb Code     6  referee.o(i.get_robot_chassis_power_limit)
    get_robot_id                             0x0800ad39   Thumb Code     6  referee.o(i.get_robot_id)
    get_robot_level                          0x0800ad45   Thumb Code     6  referee.o(i.get_robot_level)
    get_yaw_gimbal_motor_measure_point       0x0800ad51   Thumb Code     4  can_receive.o(i.get_yaw_gimbal_motor_measure_point)
    get_yaw_measure_point                    0x0800ad59   Thumb Code     4  can_receive.o(i.get_yaw_measure_point)
    gimbal_PID_calc                          0x0800ad61   Thumb Code   612  chassis_task.o(i.gimbal_PID_calc)
    gyro_offset_calc                         0x0800afe5   Thumb Code    78  ins_task.o(i.gyro_offset_calc)
    init_referee_struct_data                 0x0800b385   Thumb Code   112  referee.o(i.init_referee_struct_data)
    led_RGB_flow_task                        0x0800b43d   Thumb Code   424  led_flow_task.o(i.led_RGB_flow_task)
    limitAngles                              0x0800b5f1   Thumb Code   186  chassis_task.o(i.limitAngles)
    main                                     0x0800b6b5   Thumb Code    96  main.o(i.main)
    osDelay                                  0x0800b723   Thumb Code    24  cmsis_os.o(i.osDelay)
    osKernelStart                            0x0800b73b   Thumb Code    10  cmsis_os.o(i.osKernelStart)
    osThreadCreate                           0x0800b745   Thumb Code    94  cmsis_os.o(i.osThreadCreate)
    pvPortMalloc                             0x0800c195   Thumb Code   296  heap_4.o(i.pvPortMalloc)
    pxPortInitialiseStack                    0x0800c2d1   Thumb Code    38  port.o(i.pxPortInitialiseStack)
    radFormat                                0x0800c2fd   Thumb Code    58  chassis_task.o(i.radFormat)
    referee_data_solve                       0x0800c345   Thumb Code   316  referee.o(i.referee_data_solve)
    referee_usart_task                       0x0800c611   Thumb Code    48  referee_usart_task.o(i.referee_usart_task)
    refreshAngleStates                       0x0800c64d   Thumb Code    74  chassis_task.o(i.refreshAngleStates)
    refreshECD                               0x0800c699   Thumb Code    60  chassis_task.o(i.refreshECD)
    remote_control_init                      0x0800c6e1   Thumb Code    16  remote_control.o(i.remote_control_init)
    super_c_task                             0x0800c7cf   Thumb Code    42  super_c_task.o(i.super_c_task)
    test_task                                0x0800c7f9   Thumb Code   124  test_task.o(i.test_task)
    toe_is_error                             0x0800c885   Thumb Code    20  detect_task.o(i.toe_is_error)
    usart1_tx_dma_enable                     0x0800c89d   Thumb Code   156  bsp_usart.o(i.usart1_tx_dma_enable)
    usart6_init                              0x0800c945   Thumb Code   286  bsp_usart.o(i.usart6_init)
    usart_printf                             0x0800ca7d   Thumb Code    62  main.o(i.usart_printf)
    uxListRemove                             0x0800cacd   Thumb Code    40  list.o(i.uxListRemove)
    vApplicationGetIdleTaskMemory            0x0800caf5   Thumb Code    14  freertos.o(i.vApplicationGetIdleTaskMemory)
    vApplicationGetTimerTaskMemory           0x0800cb0d   Thumb Code    16  freertos.o(i.vApplicationGetTimerTaskMemory)
    vListInitialise                          0x0800cb25   Thumb Code    26  list.o(i.vListInitialise)
    vListInitialiseItem                      0x0800cb3f   Thumb Code     6  list.o(i.vListInitialiseItem)
    vListInsert                              0x0800cb45   Thumb Code    52  list.o(i.vListInsert)
    vListInsertEnd                           0x0800cb79   Thumb Code    24  list.o(i.vListInsertEnd)
    vPortEnterCritical                       0x0800cb91   Thumb Code    76  port.o(i.vPortEnterCritical)
    vPortExitCritical                        0x0800cbe5   Thumb Code    56  port.o(i.vPortExitCritical)
    vPortFree                                0x0800cc21   Thumb Code   140  heap_4.o(i.vPortFree)
    vPortSetupTimerInterrupt                 0x0800ccb5   Thumb Code    36  port.o(i.vPortSetupTimerInterrupt)
    vPortValidateInterruptPriority           0x0800ccdd   Thumb Code   106  port.o(i.vPortValidateInterruptPriority)
    vQueueAddToRegistry                      0x0800cd55   Thumb Code    38  queue.o(i.vQueueAddToRegistry)
    vQueueWaitForMessageRestricted           0x0800cd81   Thumb Code    74  queue.o(i.vQueueWaitForMessageRestricted)
    vTaskDelay                               0x0800cdcd   Thumb Code    82  tasks.o(i.vTaskDelay)
    vTaskInternalSetTimeOutState             0x0800ce29   Thumb Code    14  tasks.o(i.vTaskInternalSetTimeOutState)
    vTaskMissedYield                         0x0800ce41   Thumb Code     8  tasks.o(i.vTaskMissedYield)
    vTaskNotifyGiveFromISR                   0x0800ce4d   Thumb Code   216  tasks.o(i.vTaskNotifyGiveFromISR)
    vTaskPlaceOnEventList                    0x0800cf3d   Thumb Code    52  tasks.o(i.vTaskPlaceOnEventList)
    vTaskPlaceOnEventListRestricted          0x0800cf75   Thumb Code    60  tasks.o(i.vTaskPlaceOnEventListRestricted)
    vTaskStartScheduler                      0x0800cfb5   Thumb Code   156  tasks.o(i.vTaskStartScheduler)
    vTaskSuspendAll                          0x0800d06d   Thumb Code    12  tasks.o(i.vTaskSuspendAll)
    vTaskSwitchContext                       0x0800d07d   Thumb Code   118  tasks.o(i.vTaskSwitchContext)
    verify_CRC16_check_sum                   0x0800d109   Thumb Code    60  crc8_crc16.o(i.verify_CRC16_check_sum)
    verify_CRC8_check_sum                    0x0800d149   Thumb Code    46  crc8_crc16.o(i.verify_CRC8_check_sum)
    xPortStartScheduler                      0x0800d179   Thumb Code   330  port.o(i.xPortStartScheduler)
    xPortSysTickHandler                      0x0800d2e1   Thumb Code    46  port.o(i.xPortSysTickHandler)
    xQueueGenericCreateStatic                0x0800d315   Thumb Code   222  queue.o(i.xQueueGenericCreateStatic)
    xQueueGenericReset                       0x0800d3f5   Thumb Code   146  queue.o(i.xQueueGenericReset)
    xQueueGenericSend                        0x0800d48d   Thumb Code   420  queue.o(i.xQueueGenericSend)
    xQueueGenericSendFromISR                 0x0800d635   Thumb Code   248  queue.o(i.xQueueGenericSendFromISR)
    xQueueReceive                            0x0800d72d   Thumb Code   356  queue.o(i.xQueueReceive)
    xTaskCheckForTimeOut                     0x0800d895   Thumb Code   156  tasks.o(i.xTaskCheckForTimeOut)
    xTaskCreate                              0x0800d93d   Thumb Code   100  tasks.o(i.xTaskCreate)
    xTaskCreateStatic                        0x0800d9a1   Thumb Code   184  tasks.o(i.xTaskCreateStatic)
    xTaskGetSchedulerState                   0x0800da59   Thumb Code    24  tasks.o(i.xTaskGetSchedulerState)
    xTaskGetTickCount                        0x0800da79   Thumb Code     6  tasks.o(i.xTaskGetTickCount)
    xTaskIncrementTick                       0x0800da85   Thumb Code   282  tasks.o(i.xTaskIncrementTick)
    xTaskPriorityDisinherit                  0x0800dbcd   Thumb Code   188  tasks.o(i.xTaskPriorityDisinherit)
    xTaskRemoveFromEventList                 0x0800dc95   Thumb Code   128  tasks.o(i.xTaskRemoveFromEventList)
    xTaskResumeAll                           0x0800dd2d   Thumb Code   224  tasks.o(i.xTaskResumeAll)
    xTimerCreateTimerTask                    0x0800de31   Thumb Code   100  timers.o(i.xTimerCreateTimerTask)
    xTimerGenericCommand                     0x0800dea9   Thumb Code   128  timers.o(i.xTimerGenericCommand)
    _get_lc_numeric                          0x0800df2d   Thumb Code    44  lc_numeric_c.o(locale$$code)
    _get_lc_ctype                            0x0800df59   Thumb Code    44  lc_ctype_c.o(locale$$code)
    __aeabi_d2f                              0x0800df85   Thumb Code     0  d2f_clz.o(x$fpl$d2f)
    _d2f                                     0x0800df85   Thumb Code   700  d2f_clz.o(x$fpl$d2f)
    __aeabi_dadd                             0x0800e249   Thumb Code     0  daddsub_clz.o(x$fpl$dadd)
    _dadd                                    0x0800e249   Thumb Code   580  daddsub_clz.o(x$fpl$dadd)
    __dflt_normalise                         0x0800e495   Thumb Code    26  dflt_clz.o(x$fpl$dfltn)
    __fpl_dnaninf                            0x0800e4af   Thumb Code   258  dnaninf.o(x$fpl$dnaninf)
    __fpl_drenorm2                           0x0800e5b1   Thumb Code   106  drenorm_clz.o(x$fpl$drenorm)
    __fpl_drenorm1                           0x0800e61b   Thumb Code     6  drenorm_clz.o(x$fpl$drenorm)
    __fpl_dretinf                            0x0800e621   Thumb Code    12  dretinf.o(x$fpl$dretinf)
    __aeabi_dsub                             0x0800e62d   Thumb Code     0  daddsub_clz.o(x$fpl$dsub)
    _dsub                                    0x0800e62d   Thumb Code   664  daddsub_clz.o(x$fpl$dsub)
    __dunder                                 0x0800e8c9   Thumb Code   314  dunder_clz.o(x$fpl$dunder)
    __dunder_d                               0x0800ea03   Thumb Code    64  dunder_clz.o(x$fpl$dunder)
    __fpl_exception                          0x0800ea45   Thumb Code   454  except.o(x$fpl$exception)
    __aeabi_f2d                              0x0800ec31   Thumb Code     0  f2d.o(x$fpl$f2d)
    _f2d                                     0x0800ec31   Thumb Code   122  f2d.o(x$fpl$f2d)
    __fpl_fnaninf                            0x0800ecab   Thumb Code   242  fnaninf.o(x$fpl$fnaninf)
    _fp_init                                 0x0800ed9d   Thumb Code    10  fpinit.o(x$fpl$fpinit)
    __fplib_config_fpu_vfp                   0x0800eda5   Thumb Code     0  fpinit.o(x$fpl$fpinit)
    __fplib_config_pureend_doubles           0x0800eda5   Thumb Code     0  fpinit.o(x$fpl$fpinit)
    __fpl_fretinf                            0x0800eda7   Thumb Code    10  fretinf.o(x$fpl$fretinf)
    __funder                                 0x0800edb1   Thumb Code   254  funder_clz.o(x$fpl$funder)
    __funder_d                               0x0800eeaf   Thumb Code    62  funder_clz.o(x$fpl$funder)
    __ieee_status                            0x0800eeed   Thumb Code    28  istatus.o(x$fpl$ieeestatus)
    _printf_fp_dec                           0x0800ef0d   Thumb Code     4  printf1.o(x$fpl$printf1)
    _printf_fp_hex                           0x0800ef11   Thumb Code     4  printf2.o(x$fpl$printf2)
    __fpl_return_NaN                         0x0800ef15   Thumb Code   178  retnan.o(x$fpl$retnan)
    _fp_trapveneer                           0x0800efc7   Thumb Code    36  trapv.o(x$fpl$trapveneer)
    __fpl_cmpreturn                          0x0800efeb   Thumb Code    90  trapv.o(x$fpl$trapveneer)
    __I$use$fp                               0x0800f044   Number         0  usenofp.o(x$fpl$usenofp)
    AHBPrescTable                            0x0800f0d8   Data          16  system_stm32f4xx.o(.constdata)
    APBPrescTable                            0x0800f0e8   Data           8  system_stm32f4xx.o(.constdata)
    CRC8_INIT                                0x0800f10c   Data           1  crc8_crc16.o(.constdata)
    CRC8_table                               0x0800f10d   Data         256  crc8_crc16.o(.constdata)
    wCRC_table                               0x0800f20e   Data         512  crc8_crc16.o(.constdata)
    sinTable_f32                             0x0800f410   Data        2052  arm_common_tables.o(.constdata)
    Region$$Table$$Base                      0x0800fd38   Number         0  anon$$obj.o(Region$$Table)
    Region$$Table$$Limit                     0x0800fd58   Number         0  anon$$obj.o(Region$$Table)
    __ctype                                  0x0800fd81   Data           0  lc_ctype_c.o(locale$$data)
    calibrate_tast_handle                    0x20000008   Data           4  freertos.o(.data)
    chassisTaskHandle                        0x2000000c   Data           4  freertos.o(.data)
    detect_handle                            0x20000010   Data           4  freertos.o(.data)
    imuTaskHandle                            0x20000014   Data           4  freertos.o(.data)
    led_RGB_flow_handle                      0x20000018   Data           4  freertos.o(.data)
    referee_usart_task_handle                0x2000001c   Data           4  freertos.o(.data)
    super_c_task_handle                      0x20000020   Data           4  freertos.o(.data)
    testHandle                               0x20000024   Data           4  freertos.o(.data)
    uwTick                                   0x2000002c   Data           4  stm32f4xx_hal.o(.data)
    uwTickPrio                               0x20000030   Data           4  stm32f4xx_hal.o(.data)
    uwTickFreq                               0x20000034   Data           1  stm32f4xx_hal.o(.data)
    SystemCoreClock                          0x20000038   Data           4  system_stm32f4xx.o(.data)
    pxCurrentTCB                             0x2000003c   Data           4  tasks.o(.data)
    calibrate_task_stack                     0x200000c0   Data           4  calibrate_task.o(.data)
    cali_hook_fun                            0x200000ec   Data          20  calibrate_task.o(.data)
    can2_send_super_c_ctrl                   0x2000014e   Data           8  can_receive.o(.data)
    gimbalRounds                             0x20000168   Data           4  chassis_task.o(.data)
    y_data                                   0x20000198   Data           4  chassis_task.o(.data)
    gyro_dma_rx_buf                          0x200001b0   Data           8  ins_task.o(.data)
    gyro_dma_tx_buf                          0x200001b8   Data           8  ins_task.o(.data)
    accel_dma_tx_buf                         0x200001c0   Data           9  ins_task.o(.data)
    accel_temp_dma_rx_buf                    0x200001c9   Data           4  ins_task.o(.data)
    accel_temp_dma_tx_buf                    0x200001cd   Data           4  ins_task.o(.data)
    gyro_update_flag                         0x200001d1   Data           1  ins_task.o(.data)
    accel_update_flag                        0x200001d2   Data           1  ins_task.o(.data)
    accel_temp_update_flag                   0x200001d3   Data           1  ins_task.o(.data)
    mag_update_flag                          0x200001d4   Data           1  ins_task.o(.data)
    imu_start_dma_flag                       0x200001d5   Data           1  ins_task.o(.data)
    gyro_scale_factor                        0x200001d8   Data          36  ins_task.o(.data)
    accel_scale_factor                       0x200001fc   Data          36  ins_task.o(.data)
    mag_scale_factor                         0x20000220   Data          36  ins_task.o(.data)
    RGB_flow_color                           0x2000024c   Data          28  led_flow_task.o(.data)
    error_list_test_local                    0x2000026c   Data           4  test_task.o(.data)
    referee_receive_header                   0x20000278   Data           5  referee.o(.data)
    referee_send_header                      0x2000027d   Data           5  referee.o(.data)
    game_state                               0x20000282   Data           3  referee.o(.data)
    game_result                              0x20000285   Data           1  referee.o(.data)
    field_event                              0x20000286   Data           4  referee.o(.data)
    supply_projectile_action_t               0x2000028a   Data           4  referee.o(.data)
    supply_projectile_booking_t              0x2000028e   Data           3  referee.o(.data)
    referee_warning_t                        0x20000291   Data           2  referee.o(.data)
    buff_musk_t                              0x20000293   Data           1  referee.o(.data)
    robot_energy_t                           0x20000294   Data           2  referee.o(.data)
    robot_hurt_t                             0x20000296   Data           1  referee.o(.data)
    shoot_data_t                             0x20000297   Data           6  referee.o(.data)
    bullet_remaining_t                       0x2000029d   Data           1  referee.o(.data)
    WARNING_POWER                            0x2000029e   Data           2  chassis_power_control.o(.data)
    CRC16_INIT                               0x200002a0   Data           2  crc8_crc16.o(.data)
    hcan1                                    0x20000a4c   Data          40  can.o(.bss)
    hcan2                                    0x20000a74   Data          40  can.o(.bss)
    hi2c3                                    0x20000a9c   Data          84  i2c.o(.bss)
    hrtc                                     0x20000af0   Data          32  rtc.o(.bss)
    hspi1                                    0x20000b10   Data          88  spi.o(.bss)
    hdma_spi1_rx                             0x20000b68   Data          96  spi.o(.bss)
    hdma_spi1_tx                             0x20000bc8   Data          96  spi.o(.bss)
    htim3                                    0x20000c28   Data          64  tim.o(.bss)
    htim4                                    0x20000c68   Data          64  tim.o(.bss)
    htim5                                    0x20000ca8   Data          64  tim.o(.bss)
    htim8                                    0x20000ce8   Data          64  tim.o(.bss)
    htim10                                   0x20000d28   Data          64  tim.o(.bss)
    huart1                                   0x20000d68   Data          64  usart.o(.bss)
    huart3                                   0x20000da8   Data          64  usart.o(.bss)
    huart6                                   0x20000de8   Data          64  usart.o(.bss)
    hdma_usart3_rx                           0x20000e28   Data          96  usart.o(.bss)
    hdma_usart6_rx                           0x20000e88   Data          96  usart.o(.bss)
    hdma_usart6_tx                           0x20000ee8   Data          96  usart.o(.bss)
    xQueueRegistry                           0x20000f48   Data          64  queue.o(.bss)
    hdma_usart1_tx                           0x20007188   Data          96  bsp_usart.o(.bss)
    cali_sensor                              0x200072bc   Data          65  calibrate_task.o(.bss)
    can2_tx_message_super_c_buffer           0x200073a0   Data          24  can_receive.o(.bss)
    can1_tx_message_referee                  0x200073b8   Data          24  can_receive.o(.bss)
    can2_tx_message_super_c_ctrl             0x200073d0   Data          24  can_receive.o(.bss)
    spd_pid_kalman_out                       0x20007654   Data          48  chassis_task.o(.bss)
    c                                        0x20007684   Data         208  chassis_task.o(.bss)
    error_list                               0x20007754   Data         540  detect_task.o(.bss)
    accel_dma_rx_buf                         0x20007970   Data           9  ins_task.o(.bss)
    bmi088_real_data                         0x2000797c   Data          36  ins_task.o(.bss)
    gyro_offset                              0x200079a0   Data          12  ins_task.o(.bss)
    gyro_cali_offset                         0x200079ac   Data          12  ins_task.o(.bss)
    accel_offset                             0x200079b8   Data          12  ins_task.o(.bss)
    accel_cali_offset                        0x200079c4   Data          12  ins_task.o(.bss)
    ist8310_real_data                        0x200079d0   Data          16  ins_task.o(.bss)
    mag_offset                               0x200079e0   Data          12  ins_task.o(.bss)
    mag_cali_offset                          0x200079ec   Data          12  ins_task.o(.bss)
    INS_angle                                0x20007a98   Data          12  ins_task.o(.bss)
    rc_ctrl                                  0x20007aa4   Data          22  remote_control.o(.bss)
    usart6_buf                               0x20007b04   Data        1024  referee_usart_task.o(.bss)
    referee_fifo                             0x20007f04   Data          24  referee_usart_task.o(.bss)
    referee_fifo_buf                         0x20007f1c   Data        1024  referee_usart_task.o(.bss)
    referee_unpack_obj                       0x2000831c   Data         137  referee_usart_task.o(.bss)
    game_robot_HP_t                          0x200083a5   Data          28  referee.o(.bss)
    robot_state                              0x200083c1   Data          27  referee.o(.bss)
    power_heat_data_t                        0x200083dc   Data          14  referee.o(.bss)
    game_robot_pos_t                         0x200083ea   Data          16  referee.o(.bss)
    student_interactive_data_t               0x200083fa   Data          12  referee.o(.bss)
    __libspace_start                         0x20008408   Data          96  libspace.o(.bss)
    __temporary_stack_top$libspace           0x20008468   Data           0  libspace.o(.bss)



==============================================================================

Memory Map of the image

  Image Entry point : 0x08000189

  Load Region LR_IROM1 (Base: 0x08000000, Size: 0x00010128, Max: 0x00100000, ABSOLUTE, COMPRESSED[0x0000ff00])

    Execution Region ER_IROM1 (Exec base: 0x08000000, Load base: 0x08000000, Size: 0x0000fe84, Max: 0x00100000, ABSOLUTE)

    Exec Addr    Load Addr    Size         Type   Attr      Idx    E Section Name        Object

    0x08000000   0x08000000   0x00000188   Data   RO            3    RESET               startup_stm32f407xx.o
    0x08000188   0x08000188   0x00000008   Code   RO         8921  * !!!main             c_w.l(__main.o)
    0x08000190   0x08000190   0x00000034   Code   RO         9428    !!!scatter          c_w.l(__scatter.o)
    0x080001c4   0x080001c4   0x0000005a   Code   RO         9426    !!dczerorl2         c_w.l(__dczerorl2.o)
    0x0800021e   0x0800021e   0x00000002   PAD
    0x08000220   0x08000220   0x0000001c   Code   RO         9430    !!handler_zi        c_w.l(__scatter_zi.o)
    0x0800023c   0x0800023c   0x00000000   Code   RO         9114    .ARM.Collect$$_printf_percent$$00000000  c_w.l(_printf_percent.o)
    0x0800023c   0x0800023c   0x00000006   Code   RO         9103    .ARM.Collect$$_printf_percent$$00000001  c_w.l(_printf_n.o)
    0x08000242   0x08000242   0x00000006   Code   RO         9105    .ARM.Collect$$_printf_percent$$00000002  c_w.l(_printf_p.o)
    0x08000248   0x08000248   0x00000006   Code   RO         9110    .ARM.Collect$$_printf_percent$$00000003  c_w.l(_printf_f.o)
    0x0800024e   0x0800024e   0x00000006   Code   RO         9111    .ARM.Collect$$_printf_percent$$00000004  c_w.l(_printf_e.o)
    0x08000254   0x08000254   0x00000006   Code   RO         9112    .ARM.Collect$$_printf_percent$$00000005  c_w.l(_printf_g.o)
    0x0800025a   0x0800025a   0x00000006   Code   RO         9113    .ARM.Collect$$_printf_percent$$00000006  c_w.l(_printf_a.o)
    0x08000260   0x08000260   0x0000000a   Code   RO         9118    .ARM.Collect$$_printf_percent$$00000007  c_w.l(_printf_ll.o)
    0x0800026a   0x0800026a   0x00000006   Code   RO         9107    .ARM.Collect$$_printf_percent$$00000008  c_w.l(_printf_i.o)
    0x08000270   0x08000270   0x00000006   Code   RO         9108    .ARM.Collect$$_printf_percent$$00000009  c_w.l(_printf_d.o)
    0x08000276   0x08000276   0x00000006   Code   RO         9109    .ARM.Collect$$_printf_percent$$0000000A  c_w.l(_printf_u.o)
    0x0800027c   0x0800027c   0x00000006   Code   RO         9106    .ARM.Collect$$_printf_percent$$0000000B  c_w.l(_printf_o.o)
    0x08000282   0x08000282   0x00000006   Code   RO         9104    .ARM.Collect$$_printf_percent$$0000000C  c_w.l(_printf_x.o)
    0x08000288   0x08000288   0x00000006   Code   RO         9115    .ARM.Collect$$_printf_percent$$0000000D  c_w.l(_printf_lli.o)
    0x0800028e   0x0800028e   0x00000006   Code   RO         9116    .ARM.Collect$$_printf_percent$$0000000E  c_w.l(_printf_lld.o)
    0x08000294   0x08000294   0x00000006   Code   RO         9117    .ARM.Collect$$_printf_percent$$0000000F  c_w.l(_printf_llu.o)
    0x0800029a   0x0800029a   0x00000006   Code   RO         9122    .ARM.Collect$$_printf_percent$$00000010  c_w.l(_printf_llo.o)
    0x080002a0   0x080002a0   0x00000006   Code   RO         9123    .ARM.Collect$$_printf_percent$$00000011  c_w.l(_printf_llx.o)
    0x080002a6   0x080002a6   0x0000000a   Code   RO         9119    .ARM.Collect$$_printf_percent$$00000012  c_w.l(_printf_l.o)
    0x080002b0   0x080002b0   0x00000006   Code   RO         9101    .ARM.Collect$$_printf_percent$$00000013  c_w.l(_printf_c.o)
    0x080002b6   0x080002b6   0x00000006   Code   RO         9102    .ARM.Collect$$_printf_percent$$00000014  c_w.l(_printf_s.o)
    0x080002bc   0x080002bc   0x00000006   Code   RO         9120    .ARM.Collect$$_printf_percent$$00000015  c_w.l(_printf_lc.o)
    0x080002c2   0x080002c2   0x00000006   Code   RO         9121    .ARM.Collect$$_printf_percent$$00000016  c_w.l(_printf_ls.o)
    0x080002c8   0x080002c8   0x00000004   Code   RO         9273    .ARM.Collect$$_printf_percent$$00000017  c_w.l(_printf_percent_end.o)
    0x080002cc   0x080002cc   0x00000002   Code   RO         9356    .ARM.Collect$$libinit$$00000000  c_w.l(libinit.o)
    0x080002ce   0x080002ce   0x00000004   Code   RO         9126    .ARM.Collect$$libinit$$00000001  c_w.l(libinit2.o)
    0x080002d2   0x080002d2   0x00000000   Code   RO         9129    .ARM.Collect$$libinit$$00000004  c_w.l(libinit2.o)
    0x080002d2   0x080002d2   0x00000000   Code   RO         9132    .ARM.Collect$$libinit$$0000000A  c_w.l(libinit2.o)
    0x080002d2   0x080002d2   0x00000000   Code   RO         9134    .ARM.Collect$$libinit$$0000000C  c_w.l(libinit2.o)
    0x080002d2   0x080002d2   0x00000000   Code   RO         9136    .ARM.Collect$$libinit$$0000000E  c_w.l(libinit2.o)
    0x080002d2   0x080002d2   0x00000006   Code   RO         9137    .ARM.Collect$$libinit$$0000000F  c_w.l(libinit2.o)
    0x080002d8   0x080002d8   0x00000000   Code   RO         9139    .ARM.Collect$$libinit$$00000011  c_w.l(libinit2.o)
    0x080002d8   0x080002d8   0x0000000c   Code   RO         9140    .ARM.Collect$$libinit$$00000012  c_w.l(libinit2.o)
    0x080002e4   0x080002e4   0x00000000   Code   RO         9141    .ARM.Collect$$libinit$$00000013  c_w.l(libinit2.o)
    0x080002e4   0x080002e4   0x00000000   Code   RO         9143    .ARM.Collect$$libinit$$00000015  c_w.l(libinit2.o)
    0x080002e4   0x080002e4   0x0000000a   Code   RO         9144    .ARM.Collect$$libinit$$00000016  c_w.l(libinit2.o)
    0x080002ee   0x080002ee   0x00000000   Code   RO         9145    .ARM.Collect$$libinit$$00000017  c_w.l(libinit2.o)
    0x080002ee   0x080002ee   0x00000000   Code   RO         9147    .ARM.Collect$$libinit$$00000019  c_w.l(libinit2.o)
    0x080002ee   0x080002ee   0x00000000   Code   RO         9149    .ARM.Collect$$libinit$$0000001B  c_w.l(libinit2.o)
    0x080002ee   0x080002ee   0x00000000   Code   RO         9151    .ARM.Collect$$libinit$$0000001D  c_w.l(libinit2.o)
    0x080002ee   0x080002ee   0x00000000   Code   RO         9153    .ARM.Collect$$libinit$$0000001F  c_w.l(libinit2.o)
    0x080002ee   0x080002ee   0x00000000   Code   RO         9155    .ARM.Collect$$libinit$$00000021  c_w.l(libinit2.o)
    0x080002ee   0x080002ee   0x00000000   Code   RO         9157    .ARM.Collect$$libinit$$00000023  c_w.l(libinit2.o)
    0x080002ee   0x080002ee   0x00000000   Code   RO         9159    .ARM.Collect$$libinit$$00000025  c_w.l(libinit2.o)
    0x080002ee   0x080002ee   0x00000000   Code   RO         9163    .ARM.Collect$$libinit$$0000002C  c_w.l(libinit2.o)
    0x080002ee   0x080002ee   0x00000000   Code   RO         9165    .ARM.Collect$$libinit$$0000002E  c_w.l(libinit2.o)
    0x080002ee   0x080002ee   0x00000000   Code   RO         9167    .ARM.Collect$$libinit$$00000030  c_w.l(libinit2.o)
    0x080002ee   0x080002ee   0x00000000   Code   RO         9169    .ARM.Collect$$libinit$$00000032  c_w.l(libinit2.o)
    0x080002ee   0x080002ee   0x00000002   Code   RO         9170    .ARM.Collect$$libinit$$00000033  c_w.l(libinit2.o)
    0x080002f0   0x080002f0   0x00000002   Code   RO         9423    .ARM.Collect$$libshutdown$$00000000  c_w.l(libshutdown.o)
    0x080002f2   0x080002f2   0x00000000   Code   RO         9381    .ARM.Collect$$libshutdown$$00000002  c_w.l(libshutdown2.o)
    0x080002f2   0x080002f2   0x00000000   Code   RO         9383    .ARM.Collect$$libshutdown$$00000004  c_w.l(libshutdown2.o)
    0x080002f2   0x080002f2   0x00000000   Code   RO         9386    .ARM.Collect$$libshutdown$$00000007  c_w.l(libshutdown2.o)
    0x080002f2   0x080002f2   0x00000000   Code   RO         9389    .ARM.Collect$$libshutdown$$0000000A  c_w.l(libshutdown2.o)
    0x080002f2   0x080002f2   0x00000000   Code   RO         9391    .ARM.Collect$$libshutdown$$0000000C  c_w.l(libshutdown2.o)
    0x080002f2   0x080002f2   0x00000000   Code   RO         9394    .ARM.Collect$$libshutdown$$0000000F  c_w.l(libshutdown2.o)
    0x080002f2   0x080002f2   0x00000002   Code   RO         9395    .ARM.Collect$$libshutdown$$00000010  c_w.l(libshutdown2.o)
    0x080002f4   0x080002f4   0x00000000   Code   RO         9001    .ARM.Collect$$rtentry$$00000000  c_w.l(__rtentry.o)
    0x080002f4   0x080002f4   0x00000000   Code   RO         9227    .ARM.Collect$$rtentry$$00000002  c_w.l(__rtentry2.o)
    0x080002f4   0x080002f4   0x00000006   Code   RO         9239    .ARM.Collect$$rtentry$$00000004  c_w.l(__rtentry4.o)
    0x080002fa   0x080002fa   0x00000000   Code   RO         9229    .ARM.Collect$$rtentry$$00000009  c_w.l(__rtentry2.o)
    0x080002fa   0x080002fa   0x00000004   Code   RO         9230    .ARM.Collect$$rtentry$$0000000A  c_w.l(__rtentry2.o)
    0x080002fe   0x080002fe   0x00000000   Code   RO         9232    .ARM.Collect$$rtentry$$0000000C  c_w.l(__rtentry2.o)
    0x080002fe   0x080002fe   0x00000008   Code   RO         9233    .ARM.Collect$$rtentry$$0000000D  c_w.l(__rtentry2.o)
    0x08000306   0x08000306   0x00000002   Code   RO         9363    .ARM.Collect$$rtexit$$00000000  c_w.l(rtexit.o)
    0x08000308   0x08000308   0x00000000   Code   RO         9399    .ARM.Collect$$rtexit$$00000002  c_w.l(rtexit2.o)
    0x08000308   0x08000308   0x00000004   Code   RO         9400    .ARM.Collect$$rtexit$$00000003  c_w.l(rtexit2.o)
    0x0800030c   0x0800030c   0x00000006   Code   RO         9401    .ARM.Collect$$rtexit$$00000004  c_w.l(rtexit2.o)
    0x08000312   0x08000312   0x00000002   PAD
    0x08000314   0x08000314   0x000000be   Code   RO         6148    .emb_text           port.o
    0x080003d2   0x080003d2   0x00000002   PAD
    0x080003d4   0x080003d4   0x00000040   Code   RO            4    .text               startup_stm32f407xx.o
    0x08000414   0x08000414   0x00000078   Code   RO         8681    .text               arm_cortexM4lf_math.lib(arm_cos_f32.o)
    0x0800048c   0x0800048c   0x00000074   Code   RO         8734    .text               arm_cortexM4lf_math.lib(arm_sin_f32.o)
    0x08000500   0x08000500   0x000000ee   Code   RO         8901    .text               c_w.l(lludivv7m.o)
    0x080005ee   0x080005ee   0x00000002   PAD
    0x080005f0   0x080005f0   0x00000024   Code   RO         8903    .text               c_w.l(vsprintf.o)
    0x08000614   0x08000614   0x0000008a   Code   RO         8907    .text               c_w.l(rt_memcpy_v6.o)
    0x0800069e   0x0800069e   0x00000064   Code   RO         8909    .text               c_w.l(rt_memcpy_w.o)
    0x08000702   0x08000702   0x00000010   Code   RO         8913    .text               c_w.l(aeabi_memset.o)
    0x08000712   0x08000712   0x00000044   Code   RO         8915    .text               c_w.l(rt_memclr.o)
    0x08000756   0x08000756   0x0000004e   Code   RO         8917    .text               c_w.l(rt_memclr_w.o)
    0x080007a4   0x080007a4   0x00000006   Code   RO         8919    .text               c_w.l(heapauxi.o)
    0x080007aa   0x080007aa   0x0000004e   Code   RO         9035    .text               c_w.l(_printf_pad.o)
    0x080007f8   0x080007f8   0x00000024   Code   RO         9037    .text               c_w.l(_printf_truncate.o)
    0x0800081c   0x0800081c   0x00000052   Code   RO         9039    .text               c_w.l(_printf_str.o)
    0x0800086e   0x0800086e   0x00000002   PAD
    0x08000870   0x08000870   0x00000078   Code   RO         9041    .text               c_w.l(_printf_dec.o)
    0x080008e8   0x080008e8   0x00000028   Code   RO         9043    .text               c_w.l(_printf_charcount.o)
    0x08000910   0x08000910   0x00000030   Code   RO         9045    .text               c_w.l(_printf_char_common.o)
    0x08000940   0x08000940   0x0000000a   Code   RO         9047    .text               c_w.l(_sputc.o)
    0x0800094a   0x0800094a   0x00000002   PAD
    0x0800094c   0x0800094c   0x000000bc   Code   RO         9049    .text               c_w.l(_printf_wctomb.o)
    0x08000a08   0x08000a08   0x0000007c   Code   RO         9052    .text               c_w.l(_printf_longlong_dec.o)
    0x08000a84   0x08000a84   0x00000070   Code   RO         9058    .text               c_w.l(_printf_oct_int_ll.o)
    0x08000af4   0x08000af4   0x00000094   Code   RO         9078    .text               c_w.l(_printf_hex_int_ll_ptr.o)
    0x08000b88   0x08000b88   0x00000188   Code   RO         9098    .text               c_w.l(__printf_flags_ss_wp.o)
    0x08000d10   0x08000d10   0x00000008   Code   RO         9223    .text               c_w.l(libspace.o)
    0x08000d18   0x08000d18   0x0000008a   Code   RO         9256    .text               c_w.l(lludiv10.o)
    0x08000da2   0x08000da2   0x00000002   PAD
    0x08000da4   0x08000da4   0x00000030   Code   RO         9258    .text               c_w.l(_fptrap.o)
    0x08000dd4   0x08000dd4   0x000000b2   Code   RO         9260    .text               c_w.l(_printf_intcommon.o)
    0x08000e86   0x08000e86   0x0000041e   Code   RO         9262    .text               c_w.l(_printf_fp_dec.o)
    0x080012a4   0x080012a4   0x000002fc   Code   RO         9264    .text               c_w.l(_printf_fp_hex.o)
    0x080015a0   0x080015a0   0x0000002c   Code   RO         9269    .text               c_w.l(_printf_char.o)
    0x080015cc   0x080015cc   0x0000002c   Code   RO         9271    .text               c_w.l(_printf_wchar.o)
    0x080015f8   0x080015f8   0x00000040   Code   RO         9274    .text               c_w.l(_wcrtomb.o)
    0x08001638   0x08001638   0x00000002   Code   RO         9291    .text               c_w.l(use_no_semi.o)
    0x0800163a   0x0800163a   0x00000000   Code   RO         9293    .text               c_w.l(indicate_semi.o)
    0x0800163a   0x0800163a   0x0000004a   Code   RO         9294    .text               c_w.l(sys_stackheap_outer.o)
    0x08001684   0x08001684   0x00000010   Code   RO         9296    .text               c_w.l(rt_ctype_table.o)
    0x08001694   0x08001694   0x00000008   Code   RO         9303    .text               c_w.l(rt_locale_intlibspace.o)
    0x0800169c   0x0800169c   0x00000080   Code   RO         9307    .text               c_w.l(_printf_fp_infnan.o)
    0x0800171c   0x0800171c   0x000000e4   Code   RO         9309    .text               c_w.l(bigflt0.o)
    0x08001800   0x08001800   0x00000012   Code   RO         9337    .text               c_w.l(exit.o)
    0x08001812   0x08001812   0x0000000a   Code   RO         9339    .text               c_w.l(defsig_exit.o)
    0x0800181c   0x0800181c   0x0000000e   Code   RO         9341    .text               c_w.l(defsig_fpe_outer.o)
    0x0800182a   0x0800182a   0x00000002   PAD
    0x0800182c   0x0800182c   0x0000000c   Code   RO         9361    .text               c_w.l(sys_exit.o)
    0x08001838   0x08001838   0x00000032   Code   RO         9374    .text               c_w.l(defsig_general.o)
    0x0800186a   0x0800186a   0x00000002   PAD
    0x0800186c   0x0800186c   0x000000ac   Code   RO         9376    .text               c_w.l(defsig_fpe_inner.o)
    0x08001918   0x08001918   0x00000080   Code   RO         9378    .text               c_w.l(strcmpv7m.o)
    0x08001998   0x08001998   0x0000000e   Code   RO         9396    .text               c_w.l(sys_wrch.o)
    0x080019a6   0x080019a6   0x0000003e   Code   RO         9312    CL$$btod_d2e        c_w.l(btod.o)
    0x080019e4   0x080019e4   0x00000046   Code   RO         9314    CL$$btod_d2e_denorm_low  c_w.l(btod.o)
    0x08001a2a   0x08001a2a   0x00000060   Code   RO         9313    CL$$btod_d2e_norm_op1  c_w.l(btod.o)
    0x08001a8a   0x08001a8a   0x00000338   Code   RO         9322    CL$$btod_div_common  c_w.l(btod.o)
    0x08001dc2   0x08001dc2   0x000000dc   Code   RO         9319    CL$$btod_e2e        c_w.l(btod.o)
    0x08001e9e   0x08001e9e   0x0000002a   Code   RO         9316    CL$$btod_ediv       c_w.l(btod.o)
    0x08001ec8   0x08001ec8   0x0000002a   Code   RO         9315    CL$$btod_emul       c_w.l(btod.o)
    0x08001ef2   0x08001ef2   0x00000244   Code   RO         9321    CL$$btod_mult_common  c_w.l(btod.o)
    0x08002136   0x08002136   0x00000004   Code   RO          703    i.BusFault_Handler  stm32f4xx_it.o
    0x0800213a   0x0800213a   0x00000002   PAD
    0x0800213c   0x0800213c   0x00000010   Code   RO          704    i.CAN1_RX0_IRQHandler  stm32f4xx_it.o
    0x0800214c   0x0800214c   0x00000010   Code   RO          705    i.CAN2_RX0_IRQHandler  stm32f4xx_it.o
    0x0800215c   0x0800215c   0x00000038   Code   RO         6771    i.CAN2_send_super_c_buffer  can_receive.o
    0x08002194   0x08002194   0x00000048   Code   RO         6772    i.CAN2_send_super_c_control  can_receive.o
    0x080021dc   0x080021dc   0x00000050   Code   RO         6773    i.CAN_cmd_chassis   can_receive.o
    0x0800222c   0x0800222c   0x00000044   Code   RO         6774    i.CAN_cmd_chassis_reset_ID  can_receive.o
    0x08002270   0x08002270   0x00000050   Code   RO         6775    i.CAN_cmd_gimbal    can_receive.o
    0x080022c0   0x080022c0   0x00000010   Code   RO          706    i.DMA2_Stream1_IRQHandler  stm32f4xx_it.o
    0x080022d0   0x080022d0   0x00000898   Code   RO         7160    i.DMA2_Stream2_IRQHandler  ins_task.o
    0x08002b68   0x08002b68   0x00000010   Code   RO          707    i.DMA2_Stream6_IRQHandler  stm32f4xx_it.o
    0x08002b78   0x08002b78   0x00000034   Code   RO         1583    i.DMA_CalcBaseAndBitshift  stm32f4xx_hal_dma.o
    0x08002bac   0x08002bac   0x000000aa   Code   RO         1584    i.DMA_CheckFifoParam  stm32f4xx_hal_dma.o
    0x08002c56   0x08002c56   0x00000002   Code   RO          708    i.DebugMon_Handler  stm32f4xx_it.o
    0x08002c58   0x08002c58   0x00000030   Code   RO         6966    i.ECD2Rad           chassis_task.o
    0x08002c88   0x08002c88   0x0000000a   Code   RO          709    i.EXTI0_IRQHandler  stm32f4xx_it.o
    0x08002c92   0x08002c92   0x0000000a   Code   RO          710    i.EXTI3_IRQHandler  stm32f4xx_it.o
    0x08002c9c   0x08002c9c   0x0000000a   Code   RO          711    i.EXTI4_IRQHandler  stm32f4xx_it.o
    0x08002ca6   0x08002ca6   0x0000000a   Code   RO          712    i.EXTI9_5_IRQHandler  stm32f4xx_it.o
    0x08002cb0   0x08002cb0   0x00000002   Code   RO           13    i.Error_Handler     main.o
    0x08002cb2   0x08002cb2   0x0000002a   Code   RO          846    i.HAL_CAN_ActivateNotification  stm32f4xx_hal_can.o
    0x08002cdc   0x08002cdc   0x00000156   Code   RO          847    i.HAL_CAN_AddTxMessage  stm32f4xx_hal_can.o
    0x08002e32   0x08002e32   0x00000002   PAD
    0x08002e34   0x08002e34   0x00000124   Code   RO          848    i.HAL_CAN_ConfigFilter  stm32f4xx_hal_can.o
    0x08002f58   0x08002f58   0x00000002   Code   RO          851    i.HAL_CAN_ErrorCallback  stm32f4xx_hal_can.o
    0x08002f5a   0x08002f5a   0x0000017c   Code   RO          854    i.HAL_CAN_GetRxMessage  stm32f4xx_hal_can.o
    0x080030d6   0x080030d6   0x0000024e   Code   RO          858    i.HAL_CAN_IRQHandler  stm32f4xx_hal_can.o
    0x08003324   0x08003324   0x00000174   Code   RO          859    i.HAL_CAN_Init      stm32f4xx_hal_can.o
    0x08003498   0x08003498   0x00000160   Code   RO          379    i.HAL_CAN_MspInit   can.o
    0x080035f8   0x080035f8   0x00000002   Code   RO          866    i.HAL_CAN_RxFifo0FullCallback  stm32f4xx_hal_can.o
    0x080035fa   0x080035fa   0x00000002   PAD
    0x080035fc   0x080035fc   0x000001cc   Code   RO         6776    i.HAL_CAN_RxFifo0MsgPendingCallback  can_receive.o
    0x080037c8   0x080037c8   0x00000002   Code   RO          868    i.HAL_CAN_RxFifo1FullCallback  stm32f4xx_hal_can.o
    0x080037ca   0x080037ca   0x00000002   Code   RO          869    i.HAL_CAN_RxFifo1MsgPendingCallback  stm32f4xx_hal_can.o
    0x080037cc   0x080037cc   0x00000002   Code   RO          870    i.HAL_CAN_SleepCallback  stm32f4xx_hal_can.o
    0x080037ce   0x080037ce   0x0000005e   Code   RO          871    i.HAL_CAN_Start     stm32f4xx_hal_can.o
    0x0800382c   0x0800382c   0x00000002   Code   RO          873    i.HAL_CAN_TxMailbox0AbortCallback  stm32f4xx_hal_can.o
    0x0800382e   0x0800382e   0x00000002   Code   RO          874    i.HAL_CAN_TxMailbox0CompleteCallback  stm32f4xx_hal_can.o
    0x08003830   0x08003830   0x00000002   Code   RO          875    i.HAL_CAN_TxMailbox1AbortCallback  stm32f4xx_hal_can.o
    0x08003832   0x08003832   0x00000002   Code   RO          876    i.HAL_CAN_TxMailbox1CompleteCallback  stm32f4xx_hal_can.o
    0x08003834   0x08003834   0x00000002   Code   RO          877    i.HAL_CAN_TxMailbox2AbortCallback  stm32f4xx_hal_can.o
    0x08003836   0x08003836   0x00000002   Code   RO          878    i.HAL_CAN_TxMailbox2CompleteCallback  stm32f4xx_hal_can.o
    0x08003838   0x08003838   0x00000002   Code   RO          880    i.HAL_CAN_WakeUpFromRxMsgCallback  stm32f4xx_hal_can.o
    0x0800383a   0x0800383a   0x00000028   Code   RO         1587    i.HAL_DMA_Abort_IT  stm32f4xx_hal_dma.o
    0x08003862   0x08003862   0x00000002   PAD
    0x08003864   0x08003864   0x00000240   Code   RO         1591    i.HAL_DMA_IRQHandler  stm32f4xx_hal_dma.o
    0x08003aa4   0x08003aa4   0x000000ec   Code   RO         1592    i.HAL_DMA_Init      stm32f4xx_hal_dma.o
    0x08003b90   0x08003b90   0x000000b8   Code   RO         7161    i.HAL_GPIO_EXTI_Callback  ins_task.o
    0x08003c48   0x08003c48   0x0000001c   Code   RO         1478    i.HAL_GPIO_EXTI_IRQHandler  stm32f4xx_hal_gpio.o
    0x08003c64   0x08003c64   0x00000200   Code   RO         1479    i.HAL_GPIO_Init     stm32f4xx_hal_gpio.o
    0x08003e64   0x08003e64   0x0000000c   Code   RO         1483    i.HAL_GPIO_WritePin  stm32f4xx_hal_gpio.o
    0x08003e70   0x08003e70   0x0000000c   Code   RO         2016    i.HAL_GetTick       stm32f4xx_hal.o
    0x08003e7c   0x08003e7c   0x000001b8   Code   RO         2269    i.HAL_I2C_Init      stm32f4xx_hal_i2c.o
    0x08004034   0x08004034   0x000000c8   Code   RO          452    i.HAL_I2C_MspInit   i2c.o
    0x080040fc   0x080040fc   0x00000018   Code   RO         2022    i.HAL_IncTick       stm32f4xx_hal.o
    0x08004114   0x08004114   0x0000003c   Code   RO         2023    i.HAL_Init          stm32f4xx_hal.o
    0x08004150   0x08004150   0x0000004c   Code   RO         2024    i.HAL_InitTick      stm32f4xx_hal.o
    0x0800419c   0x0800419c   0x00000054   Code   RO          821    i.HAL_MspInit       stm32f4xx_hal_msp.o
    0x080041f0   0x080041f0   0x00000020   Code   RO         1868    i.HAL_NVIC_EnableIRQ  stm32f4xx_hal_cortex.o
    0x08004210   0x08004210   0x0000007c   Code   RO         1874    i.HAL_NVIC_SetPriority  stm32f4xx_hal_cortex.o
    0x0800428c   0x0800428c   0x00000028   Code   RO         1875    i.HAL_NVIC_SetPriorityGrouping  stm32f4xx_hal_cortex.o
    0x080042b4   0x080042b4   0x000001a0   Code   RO         1185    i.HAL_RCCEx_PeriphCLKConfig  stm32f4xx_hal_rcc_ex.o
    0x08004454   0x08004454   0x00000180   Code   RO         1080    i.HAL_RCC_ClockConfig  stm32f4xx_hal_rcc.o
    0x080045d4   0x080045d4   0x0000000c   Code   RO         1085    i.HAL_RCC_GetHCLKFreq  stm32f4xx_hal_rcc.o
    0x080045e0   0x080045e0   0x00000020   Code   RO         1087    i.HAL_RCC_GetPCLK1Freq  stm32f4xx_hal_rcc.o
    0x08004600   0x08004600   0x00000020   Code   RO         1088    i.HAL_RCC_GetPCLK2Freq  stm32f4xx_hal_rcc.o
    0x08004620   0x08004620   0x000000b0   Code   RO         1089    i.HAL_RCC_GetSysClockFreq  stm32f4xx_hal_rcc.o
    0x080046d0   0x080046d0   0x00000448   Code   RO         1092    i.HAL_RCC_OscConfig  stm32f4xx_hal_rcc.o
    0x08004b18   0x08004b18   0x000000d8   Code   RO         2746    i.HAL_RTC_Init      stm32f4xx_hal_rtc.o
    0x08004bf0   0x08004bf0   0x00000018   Code   RO          494    i.HAL_RTC_MspInit   rtc.o
    0x08004c08   0x08004c08   0x0000003a   Code   RO         2754    i.HAL_RTC_WaitForSynchro  stm32f4xx_hal_rtc.o
    0x08004c42   0x08004c42   0x0000008c   Code   RO         3115    i.HAL_SPI_Init      stm32f4xx_hal_spi.o
    0x08004cce   0x08004cce   0x00000002   PAD
    0x08004cd0   0x08004cd0   0x00000158   Code   RO          536    i.HAL_SPI_MspInit   spi.o
    0x08004e28   0x08004e28   0x00000034   Code   RO         1879    i.HAL_SYSTICK_Config  stm32f4xx_hal_cortex.o
    0x08004e5c   0x08004e5c   0x00000054   Code   RO         4132    i.HAL_TIMEx_MasterConfigSynchronization  stm32f4xx_hal_tim_ex.o
    0x08004eb0   0x08004eb0   0x00000034   Code   RO         3428    i.HAL_TIM_Base_Init  stm32f4xx_hal_tim.o
    0x08004ee4   0x08004ee4   0x000000ec   Code   RO          578    i.HAL_TIM_Base_MspInit  tim.o
    0x08004fd0   0x08004fd0   0x0000002a   Code   RO         3431    i.HAL_TIM_Base_Start  stm32f4xx_hal_tim.o
    0x08004ffa   0x08004ffa   0x00000108   Code   RO         3437    i.HAL_TIM_ConfigClockSource  stm32f4xx_hal_tim.o
    0x08005102   0x08005102   0x00000002   PAD
    0x08005104   0x08005104   0x000001a4   Code   RO          579    i.HAL_TIM_MspPostInit  tim.o
    0x080052a8   0x080052a8   0x00000108   Code   RO         3495    i.HAL_TIM_PWM_ConfigChannel  stm32f4xx_hal_tim.o
    0x080053b0   0x080053b0   0x00000034   Code   RO         3498    i.HAL_TIM_PWM_Init  stm32f4xx_hal_tim.o
    0x080053e4   0x080053e4   0x00000002   Code   RO         3500    i.HAL_TIM_PWM_MspInit  stm32f4xx_hal_tim.o
    0x080053e6   0x080053e6   0x00000002   PAD
    0x080053e8   0x080053e8   0x00000058   Code   RO         3503    i.HAL_TIM_PWM_Start  stm32f4xx_hal_tim.o
    0x08005440   0x08005440   0x00000002   Code   RO         4386    i.HAL_UART_ErrorCallback  stm32f4xx_hal_uart.o
    0x08005442   0x08005442   0x00000002   PAD
    0x08005444   0x08005444   0x0000014c   Code   RO         4389    i.HAL_UART_IRQHandler  stm32f4xx_hal_uart.o
    0x08005590   0x08005590   0x00000072   Code   RO         4390    i.HAL_UART_Init     stm32f4xx_hal_uart.o
    0x08005602   0x08005602   0x00000002   PAD
    0x08005604   0x08005604   0x000002b8   Code   RO          650    i.HAL_UART_MspInit  usart.o
    0x080058bc   0x080058bc   0x00000002   Code   RO         4396    i.HAL_UART_RxCpltCallback  stm32f4xx_hal_uart.o
    0x080058be   0x080058be   0x000000d6   Code   RO         4398    i.HAL_UART_Transmit  stm32f4xx_hal_uart.o
    0x08005994   0x08005994   0x00000002   Code   RO         4401    i.HAL_UART_TxCpltCallback  stm32f4xx_hal_uart.o
    0x08005996   0x08005996   0x00000004   Code   RO          713    i.HardFault_Handler  stm32f4xx_it.o
    0x0800599a   0x0800599a   0x00000002   PAD
    0x0800599c   0x0800599c   0x0000007c   Code   RO         7162    i.INS_cali_gyro     ins_task.o
    0x08005a18   0x08005a18   0x00000048   Code   RO         7163    i.INS_set_cali_gyro  ins_task.o
    0x08005a60   0x08005a60   0x00000040   Code   RO         8234    i.KalmanCreate      kalman.o
    0x08005aa0   0x08005aa0   0x00000044   Code   RO          380    i.MX_CAN1_Init      can.o
    0x08005ae4   0x08005ae4   0x00000044   Code   RO          381    i.MX_CAN2_Init      can.o
    0x08005b28   0x08005b28   0x00000098   Code   RO          427    i.MX_DMA_Init       dma.o
    0x08005bc0   0x08005bc0   0x00000098   Code   RO          316    i.MX_FREERTOS_Init  freertos.o
    0x08005c58   0x08005c58   0x000001c0   Code   RO          292    i.MX_GPIO_Init      gpio.o
    0x08005e18   0x08005e18   0x0000003c   Code   RO          453    i.MX_I2C3_Init      i2c.o
    0x08005e54   0x08005e54   0x00000034   Code   RO          495    i.MX_RTC_Init       rtc.o
    0x08005e88   0x08005e88   0x00000048   Code   RO          537    i.MX_SPI1_Init      spi.o
    0x08005ed0   0x08005ed0   0x0000006c   Code   RO          580    i.MX_TIM10_Init     tim.o
    0x08005f3c   0x08005f3c   0x000000a4   Code   RO          581    i.MX_TIM3_Init      tim.o
    0x08005fe0   0x08005fe0   0x000000a4   Code   RO          582    i.MX_TIM4_Init      tim.o
    0x08006084   0x08006084   0x000000c4   Code   RO          583    i.MX_TIM5_Init      tim.o
    0x08006148   0x08006148   0x00000070   Code   RO          584    i.MX_TIM8_Init      tim.o
    0x080061b8   0x080061b8   0x00000038   Code   RO          651    i.MX_USART1_UART_Init  usart.o
    0x080061f0   0x080061f0   0x0000003c   Code   RO          652    i.MX_USART3_UART_Init  usart.o
    0x0800622c   0x0800622c   0x00000038   Code   RO          653    i.MX_USART6_UART_Init  usart.o
    0x08006264   0x08006264   0x00000004   Code   RO          714    i.MemManage_Handler  stm32f4xx_it.o
    0x08006268   0x08006268   0x00000002   Code   RO          715    i.NMI_Handler       stm32f4xx_it.o
    0x0800626a   0x0800626a   0x00000002   PAD
    0x0800626c   0x0800626c   0x000001f0   Code   RO         8267    i.PID_calc          pid.o
    0x0800645c   0x0800645c   0x0000004c   Code   RO         8268    i.PID_clear         pid.o
    0x080064a8   0x080064a8   0x00000060   Code   RO         8269    i.PID_init          pid.o
    0x08006508   0x08006508   0x000001f0   Code   RO         6968    i.PID_spd_calc      chassis_task.o
    0x080066f8   0x080066f8   0x0000009c   Code   RO         6522    i.RC_Init           bsp_rc.o
    0x08006794   0x08006794   0x00000050   Code   RO         6523    i.RC_restart        bsp_rc.o
    0x080067e4   0x080067e4   0x00000018   Code   RO         6524    i.RC_unable         bsp_rc.o
    0x080067fc   0x080067fc   0x0000003e   Code   RO         2757    i.RTC_EnterInitMode  stm32f4xx_hal_rtc.o
    0x0800683a   0x0800683a   0x00000002   PAD
    0x0800683c   0x0800683c   0x0000273c   Code   RO         6562    i.SPI1_DMA_enable   bsp_spi.o
    0x08008f78   0x08008f78   0x00000014   Code   RO          716    i.SysTick_Handler   stm32f4xx_it.o
    0x08008f8c   0x08008f8c   0x000000d4   Code   RO           14    i.SystemClock_Config  main.o
    0x08009060   0x08009060   0x00000064   Code   RO         4697    i.SystemInit        system_stm32f4xx.o
    0x080090c4   0x080090c4   0x000000d8   Code   RO         3516    i.TIM_Base_SetConfig  stm32f4xx_hal_tim.o
    0x0800919c   0x0800919c   0x00000022   Code   RO         3517    i.TIM_CCxChannelCmd  stm32f4xx_hal_tim.o
    0x080091be   0x080091be   0x00000016   Code   RO         3527    i.TIM_ETR_SetConfig  stm32f4xx_hal_tim.o
    0x080091d4   0x080091d4   0x00000012   Code   RO         3528    i.TIM_ITRx_SetConfig  stm32f4xx_hal_tim.o
    0x080091e6   0x080091e6   0x00000002   PAD
    0x080091e8   0x080091e8   0x00000070   Code   RO         3529    i.TIM_OC1_SetConfig  stm32f4xx_hal_tim.o
    0x08009258   0x08009258   0x0000007c   Code   RO         3530    i.TIM_OC2_SetConfig  stm32f4xx_hal_tim.o
    0x080092d4   0x080092d4   0x00000078   Code   RO         3531    i.TIM_OC3_SetConfig  stm32f4xx_hal_tim.o
    0x0800934c   0x0800934c   0x00000054   Code   RO         3532    i.TIM_OC4_SetConfig  stm32f4xx_hal_tim.o
    0x080093a0   0x080093a0   0x00000026   Code   RO         3534    i.TIM_TI1_ConfigInputStage  stm32f4xx_hal_tim.o
    0x080093c6   0x080093c6   0x00000028   Code   RO         3536    i.TIM_TI2_ConfigInputStage  stm32f4xx_hal_tim.o
    0x080093ee   0x080093ee   0x00000014   Code   RO         4403    i.UART_DMAAbortOnError  stm32f4xx_hal_uart.o
    0x08009402   0x08009402   0x00000020   Code   RO         4413    i.UART_EndRxTransfer  stm32f4xx_hal_uart.o
    0x08009422   0x08009422   0x00000020   Code   RO         4414    i.UART_EndTransmit_IT  stm32f4xx_hal_uart.o
    0x08009442   0x08009442   0x000000a6   Code   RO         4416    i.UART_Receive_IT   stm32f4xx_hal_uart.o
    0x080094e8   0x080094e8   0x00000368   Code   RO         4417    i.UART_SetConfig    stm32f4xx_hal_uart.o
    0x08009850   0x08009850   0x00000068   Code   RO         4418    i.UART_Transmit_IT  stm32f4xx_hal_uart.o
    0x080098b8   0x080098b8   0x0000006c   Code   RO         4419    i.UART_WaitOnFlagUntilTimeout  stm32f4xx_hal_uart.o
    0x08009924   0x08009924   0x00000010   Code   RO          717    i.USART1_IRQHandler  stm32f4xx_it.o
    0x08009934   0x08009934   0x00000130   Code   RO         7336    i.USART3_IRQHandler  remote_control.o
    0x08009a64   0x08009a64   0x00000128   Code   RO         7438    i.USART6_IRQHandler  referee_usart_task.o
    0x08009b8c   0x08009b8c   0x00000004   Code   RO          718    i.UsageFault_Handler  stm32f4xx_it.o
    0x08009b90   0x08009b90   0x00000030   Code   RO         9359    i.__ARM_fpclassify  m_wm.l(fpclassify.o)
    0x08009bc0   0x08009bc0   0x00000010   Code   RO         1881    i.__NVIC_GetPriorityGrouping  stm32f4xx_hal_cortex.o
    0x08009bd0   0x08009bd0   0x00000028   Code   RO         1882    i.__NVIC_SetPriority  stm32f4xx_hal_cortex.o
    0x08009bf8   0x08009bf8   0x00000006   Code   RO         8367    i.__get_PRIMASK     fifo.o
    0x08009bfe   0x08009bfe   0x00000014   Code   RO         8969    i.__hardfp_fabs     m_wm.l(fabs.o)
    0x08009c12   0x08009c12   0x00000006   Code   RO         8368    i.__set_PRIMASK     fifo.o
    0x08009c18   0x08009c18   0x0000000e   Code   RO         9091    i._is_digit         c_w.l(__printf_wp.o)
    0x08009c26   0x08009c26   0x00000002   PAD
    0x08009c28   0x08009c28   0x00000068   Code   RO         6493    i.aRGB_led_show     bsp_led.o
    0x08009c90   0x08009c90   0x00000388   Code   RO         6969    i.analyseTotalControl  chassis_task.o
    0x0800a018   0x0800a018   0x00000010   Code   RO         6228    i.buzzer_off        bsp_buzzer.o
    0x0800a028   0x0800a028   0x00000014   Code   RO         6229    i.buzzer_on         bsp_buzzer.o
    0x0800a03c   0x0800a03c   0x0000007c   Code   RO         7403    i.buzzer_warn_error  test_task.o
    0x0800a0b8   0x0800a0b8   0x00000124   Code   RO         6970    i.calcGivenCurrent  chassis_task.o
    0x0800a1dc   0x0800a1dc   0x00000084   Code   RO         6971    i.calcPID           chassis_task.o
    0x0800a260   0x0800a260   0x000000c8   Code   RO         6972    i.calcWheelVelocity  chassis_task.o
    0x0800a328   0x0800a328   0x000000ec   Code   RO         6651    i.cali_data_read    calibrate_task.o
    0x0800a414   0x0800a414   0x00000006   Code   RO         6653    i.cali_gimbal_hook  calibrate_task.o
    0x0800a41a   0x0800a41a   0x00000002   PAD
    0x0800a41c   0x0800a41c   0x00000064   Code   RO         6654    i.cali_gyro_hook    calibrate_task.o
    0x0800a480   0x0800a480   0x00000036   Code   RO         6655    i.cali_head_hook    calibrate_task.o
    0x0800a4b6   0x0800a4b6   0x00000002   PAD
    0x0800a4b8   0x0800a4b8   0x000000b8   Code   RO         6656    i.cali_param_init   calibrate_task.o
    0x0800a570   0x0800a570   0x0000005c   Code   RO         6336    i.can_filter_init   bsp_can.o
    0x0800a5cc   0x0800a5cc   0x00000210   Code   RO         7579    i.chassis_power_control  chassis_power_control.o
    0x0800a7dc   0x0800a7dc   0x000000e8   Code   RO         6973    i.chassis_task      chassis_task.o
    0x0800a8c4   0x0800a8c4   0x00000030   Code   RO         6364    i.delay_init        bsp_delay.o
    0x0800a8f4   0x0800a8f4   0x00000124   Code   RO         7117    i.detect_hook       detect_task.o
    0x0800aa18   0x0800aa18   0x0000003a   Code   RO         8386    i.fifo_s_get        fifo.o
    0x0800aa52   0x0800aa52   0x00000016   Code   RO         8389    i.fifo_s_init       fifo.o
    0x0800aa68   0x0800aa68   0x000000a0   Code   RO         8395    i.fifo_s_puts       fifo.o
    0x0800ab08   0x0800ab08   0x00000006   Code   RO         8397    i.fifo_s_used       fifo.o
    0x0800ab0e   0x0800ab0e   0x00000002   PAD
    0x0800ab10   0x0800ab10   0x00000054   Code   RO         6974    i.firstOrderFilt    chassis_task.o
    0x0800ab64   0x0800ab64   0x00000054   Code   RO         8133    i.first_order_filter_cali  user_lib.o
    0x0800abb8   0x0800abb8   0x00000024   Code   RO         8134    i.first_order_filter_init  user_lib.o
    0x0800abdc   0x0800abdc   0x00000014   Code   RO         6406    i.flash_read        bsp_flash.o
    0x0800abf0   0x0800abf0   0x00000098   Code   RO         6975    i.getControlAngles  chassis_task.o
    0x0800ac88   0x0800ac88   0x00000034   Code   RO         8308    i.get_CRC16_check_sum  crc8_crc16.o
    0x0800acbc   0x0800acbc   0x00000024   Code   RO         8309    i.get_CRC8_check_sum  crc8_crc16.o
    0x0800ace0   0x0800ace0   0x00000008   Code   RO         6777    i.get_channel_measure_point  can_receive.o
    0x0800ace8   0x0800ace8   0x00000018   Code   RO         6778    i.get_chassis_motor_measure_point  can_receive.o
    0x0800ad00   0x0800ad00   0x0000001c   Code   RO         7506    i.get_chassis_power_and_buffer  referee.o
    0x0800ad1c   0x0800ad1c   0x00000008   Code   RO         7120    i.get_error_list_point  detect_task.o
    0x0800ad24   0x0800ad24   0x00000008   Code   RO         7337    i.get_remote_control_point  remote_control.o
    0x0800ad2c   0x0800ad2c   0x0000000c   Code   RO         7507    i.get_robot_chassis_power_limit  referee.o
    0x0800ad38   0x0800ad38   0x0000000c   Code   RO         7508    i.get_robot_id      referee.o
    0x0800ad44   0x0800ad44   0x0000000c   Code   RO         7509    i.get_robot_level   referee.o
    0x0800ad50   0x0800ad50   0x00000008   Code   RO         6782    i.get_yaw_gimbal_motor_measure_point  can_receive.o
    0x0800ad58   0x0800ad58   0x00000008   Code   RO         6783    i.get_yaw_measure_point  can_receive.o
    0x0800ad60   0x0800ad60   0x00000284   Code   RO         6977    i.gimbal_PID_calc   chassis_task.o
    0x0800afe4   0x0800afe4   0x00000054   Code   RO         7170    i.gyro_offset_calc  ins_task.o
    0x0800b038   0x0800b038   0x000001a8   Code   RO         7172    i.imu_cmd_spi_dma   ins_task.o
    0x0800b1e0   0x0800b1e0   0x000000c8   Code   RO         6978    i.initChassis       chassis_task.o
    0x0800b2a8   0x0800b2a8   0x000000dc   Code   RO         6979    i.initGimbalYaw     chassis_task.o
    0x0800b384   0x0800b384   0x000000b8   Code   RO         7512    i.init_referee_struct_data  referee.o
    0x0800b43c   0x0800b43c   0x000001b4   Code   RO         7301    i.led_RGB_flow_task  led_flow_task.o
    0x0800b5f0   0x0800b5f0   0x000000c4   Code   RO         6980    i.limitAngles       chassis_task.o
    0x0800b6b4   0x0800b6b4   0x00000060   Code   RO           15    i.main              main.o
    0x0800b714   0x0800b714   0x0000000e   Code   RO         5720    i.makeFreeRtosPriority  cmsis_os.o
    0x0800b722   0x0800b722   0x00000018   Code   RO         5722    i.osDelay           cmsis_os.o
    0x0800b73a   0x0800b73a   0x0000000a   Code   RO         5725    i.osKernelStart     cmsis_os.o
    0x0800b744   0x0800b744   0x0000005e   Code   RO         5759    i.osThreadCreate    cmsis_os.o
    0x0800b7a2   0x0800b7a2   0x00000002   PAD
    0x0800b7a4   0x0800b7a4   0x000000a4   Code   RO         5218    i.prvAddCurrentTaskToDelayedList  tasks.o
    0x0800b848   0x0800b848   0x000000b4   Code   RO         5219    i.prvAddNewTaskToReadyList  tasks.o
    0x0800b8fc   0x0800b8fc   0x00000074   Code   RO         5567    i.prvCheckForValidListAndQueue  timers.o
    0x0800b970   0x0800b970   0x00000048   Code   RO         5220    i.prvCheckTasksWaitingTermination  tasks.o
    0x0800b9b8   0x0800b9b8   0x0000002a   Code   RO         4874    i.prvCopyDataFromQueue  queue.o
    0x0800b9e2   0x0800b9e2   0x0000007c   Code   RO         4875    i.prvCopyDataToQueue  queue.o
    0x0800ba5e   0x0800ba5e   0x00000050   Code   RO         5221    i.prvDeleteTCB      tasks.o
    0x0800baae   0x0800baae   0x00000002   PAD
    0x0800bab0   0x0800bab0   0x00000028   Code   RO         5568    i.prvGetNextExpireTime  timers.o
    0x0800bad8   0x0800bad8   0x0000007c   Code   RO         6099    i.prvHeapInit       heap_4.o
    0x0800bb54   0x0800bb54   0x00000028   Code   RO         5222    i.prvIdleTask       tasks.o
    0x0800bb7c   0x0800bb7c   0x00000026   Code   RO         4878    i.prvInitialiseNewQueue  queue.o
    0x0800bba2   0x0800bba2   0x000000b8   Code   RO         5223    i.prvInitialiseNewTask  tasks.o
    0x0800bc5a   0x0800bc5a   0x00000002   PAD
    0x0800bc5c   0x0800bc5c   0x00000068   Code   RO         5224    i.prvInitialiseTaskLists  tasks.o
    0x0800bcc4   0x0800bcc4   0x00000068   Code   RO         6100    i.prvInsertBlockIntoFreeList  heap_4.o
    0x0800bd2c   0x0800bd2c   0x00000058   Code   RO         5570    i.prvInsertTimerInActiveList  timers.o
    0x0800bd84   0x0800bd84   0x0000001a   Code   RO         4879    i.prvIsQueueEmpty   queue.o
    0x0800bd9e   0x0800bd9e   0x0000001e   Code   RO         4880    i.prvIsQueueFull    queue.o
    0x0800bdbc   0x0800bdbc   0x00000064   Code   RO         5571    i.prvProcessExpiredTimer  timers.o
    0x0800be20   0x0800be20   0x00000128   Code   RO         5572    i.prvProcessReceivedCommands  timers.o
    0x0800bf48   0x0800bf48   0x00000074   Code   RO         5573    i.prvProcessTimerOrBlockTask  timers.o
    0x0800bfbc   0x0800bfbc   0x00000034   Code   RO         5225    i.prvResetNextTaskUnblockTime  tasks.o
    0x0800bff0   0x0800bff0   0x0000002c   Code   RO         5574    i.prvSampleTimeNow  timers.o
    0x0800c01c   0x0800c01c   0x000000a0   Code   RO         5575    i.prvSwitchTimerLists  timers.o
    0x0800c0bc   0x0800c0bc   0x00000040   Code   RO         6149    i.prvTaskExitError  port.o
    0x0800c0fc   0x0800c0fc   0x0000001a   Code   RO         5576    i.prvTimerTask      timers.o
    0x0800c116   0x0800c116   0x0000007e   Code   RO         4881    i.prvUnlockQueue    queue.o
    0x0800c194   0x0800c194   0x0000013c   Code   RO         6101    i.pvPortMalloc      heap_4.o
    0x0800c2d0   0x0800c2d0   0x0000002c   Code   RO         6150    i.pxPortInitialiseStack  port.o
    0x0800c2fc   0x0800c2fc   0x00000048   Code   RO         6981    i.radFormat         chassis_task.o
    0x0800c344   0x0800c344   0x00000180   Code   RO         7513    i.referee_data_solve  referee.o
    0x0800c4c4   0x0800c4c4   0x0000014c   Code   RO         7439    i.referee_unpack_fifo_data  referee_usart_task.o
    0x0800c610   0x0800c610   0x0000003c   Code   RO         7440    i.referee_usart_task  referee_usart_task.o
    0x0800c64c   0x0800c64c   0x0000004a   Code   RO         6982    i.refreshAngleStates  chassis_task.o
    0x0800c696   0x0800c696   0x00000002   PAD
    0x0800c698   0x0800c698   0x00000048   Code   RO         6983    i.refreshECD        chassis_task.o
    0x0800c6e0   0x0800c6e0   0x00000014   Code   RO         7338    i.remote_control_init  remote_control.o
    0x0800c6f4   0x0800c6f4   0x000000da   Code   RO         7339    i.sbus_to_rc        remote_control.o
    0x0800c7ce   0x0800c7ce   0x0000002a   Code   RO         7606    i.super_c_task      super_c_task.o
    0x0800c7f8   0x0800c7f8   0x0000008c   Code   RO         7404    i.test_task         test_task.o
    0x0800c884   0x0800c884   0x00000018   Code   RO         7121    i.toe_is_error      detect_task.o
    0x0800c89c   0x0800c89c   0x000000a8   Code   RO         6596    i.usart1_tx_dma_enable  bsp_usart.o
    0x0800c944   0x0800c944   0x00000138   Code   RO         6598    i.usart6_init       bsp_usart.o
    0x0800ca7c   0x0800ca7c   0x00000050   Code   RO           16    i.usart_printf      main.o
    0x0800cacc   0x0800cacc   0x00000028   Code   RO         4834    i.uxListRemove      list.o
    0x0800caf4   0x0800caf4   0x00000018   Code   RO          318    i.vApplicationGetIdleTaskMemory  freertos.o
    0x0800cb0c   0x0800cb0c   0x00000018   Code   RO          319    i.vApplicationGetTimerTaskMemory  freertos.o
    0x0800cb24   0x0800cb24   0x0000001a   Code   RO         4835    i.vListInitialise   list.o
    0x0800cb3e   0x0800cb3e   0x00000006   Code   RO         4836    i.vListInitialiseItem  list.o
    0x0800cb44   0x0800cb44   0x00000034   Code   RO         4837    i.vListInsert       list.o
    0x0800cb78   0x0800cb78   0x00000018   Code   RO         4838    i.vListInsertEnd    list.o
    0x0800cb90   0x0800cb90   0x00000054   Code   RO         6152    i.vPortEnterCritical  port.o
    0x0800cbe4   0x0800cbe4   0x0000003c   Code   RO         6153    i.vPortExitCritical  port.o
    0x0800cc20   0x0800cc20   0x00000094   Code   RO         6102    i.vPortFree         heap_4.o
    0x0800ccb4   0x0800ccb4   0x00000028   Code   RO         6154    i.vPortSetupTimerInterrupt  port.o
    0x0800ccdc   0x0800ccdc   0x00000078   Code   RO         6155    i.vPortValidateInterruptPriority  port.o
    0x0800cd54   0x0800cd54   0x0000002c   Code   RO         4885    i.vQueueAddToRegistry  queue.o
    0x0800cd80   0x0800cd80   0x0000004a   Code   RO         4888    i.vQueueWaitForMessageRestricted  queue.o
    0x0800cdca   0x0800cdca   0x00000002   PAD
    0x0800cdcc   0x0800cdcc   0x0000005c   Code   RO         5236    i.vTaskDelay        tasks.o
    0x0800ce28   0x0800ce28   0x00000018   Code   RO         5240    i.vTaskInternalSetTimeOutState  tasks.o
    0x0800ce40   0x0800ce40   0x0000000c   Code   RO         5241    i.vTaskMissedYield  tasks.o
    0x0800ce4c   0x0800ce4c   0x000000f0   Code   RO         5242    i.vTaskNotifyGiveFromISR  tasks.o
    0x0800cf3c   0x0800cf3c   0x00000038   Code   RO         5243    i.vTaskPlaceOnEventList  tasks.o
    0x0800cf74   0x0800cf74   0x00000040   Code   RO         5244    i.vTaskPlaceOnEventListRestricted  tasks.o
    0x0800cfb4   0x0800cfb4   0x000000b8   Code   RO         5251    i.vTaskStartScheduler  tasks.o
    0x0800d06c   0x0800d06c   0x00000010   Code   RO         5253    i.vTaskSuspendAll   tasks.o
    0x0800d07c   0x0800d07c   0x0000008c   Code   RO         5254    i.vTaskSwitchContext  tasks.o
    0x0800d108   0x0800d108   0x00000040   Code   RO         8310    i.verify_CRC16_check_sum  crc8_crc16.o
    0x0800d148   0x0800d148   0x0000002e   Code   RO         8311    i.verify_CRC8_check_sum  crc8_crc16.o
    0x0800d176   0x0800d176   0x00000002   PAD
    0x0800d178   0x0800d178   0x00000168   Code   RO         6156    i.xPortStartScheduler  port.o
    0x0800d2e0   0x0800d2e0   0x00000034   Code   RO         6157    i.xPortSysTickHandler  port.o
    0x0800d314   0x0800d314   0x000000de   Code   RO         4892    i.xQueueGenericCreateStatic  queue.o
    0x0800d3f2   0x0800d3f2   0x00000002   PAD
    0x0800d3f4   0x0800d3f4   0x00000098   Code   RO         4893    i.xQueueGenericReset  queue.o
    0x0800d48c   0x0800d48c   0x000001a8   Code   RO         4894    i.xQueueGenericSend  queue.o
    0x0800d634   0x0800d634   0x000000f8   Code   RO         4895    i.xQueueGenericSendFromISR  queue.o
    0x0800d72c   0x0800d72c   0x00000168   Code   RO         4903    i.xQueueReceive     queue.o
    0x0800d894   0x0800d894   0x000000a8   Code   RO         5256    i.xTaskCheckForTimeOut  tasks.o
    0x0800d93c   0x0800d93c   0x00000064   Code   RO         5257    i.xTaskCreate       tasks.o
    0x0800d9a0   0x0800d9a0   0x000000b8   Code   RO         5258    i.xTaskCreateStatic  tasks.o
    0x0800da58   0x0800da58   0x00000020   Code   RO         5263    i.xTaskGetSchedulerState  tasks.o
    0x0800da78   0x0800da78   0x0000000c   Code   RO         5264    i.xTaskGetTickCount  tasks.o
    0x0800da84   0x0800da84   0x00000148   Code   RO         5266    i.xTaskIncrementTick  tasks.o
    0x0800dbcc   0x0800dbcc   0x000000c8   Code   RO         5269    i.xTaskPriorityDisinherit  tasks.o
    0x0800dc94   0x0800dc94   0x00000098   Code   RO         5271    i.xTaskRemoveFromEventList  tasks.o
    0x0800dd2c   0x0800dd2c   0x00000104   Code   RO         5272    i.xTaskResumeAll    tasks.o
    0x0800de30   0x0800de30   0x00000078   Code   RO         5581    i.xTimerCreateTimerTask  timers.o
    0x0800dea8   0x0800dea8   0x00000084   Code   RO         5582    i.xTimerGenericCommand  timers.o
    0x0800df2c   0x0800df2c   0x0000002c   Code   RO         9335    locale$$code        c_w.l(lc_numeric_c.o)
    0x0800df58   0x0800df58   0x0000002c   Code   RO         9370    locale$$code        c_w.l(lc_ctype_c.o)
    0x0800df84   0x0800df84   0x000002c4   Code   RO         8923    x$fpl$d2f           g_wm.l(d2f_clz.o)
    0x0800e248   0x0800e248   0x0000024c   Code   RO         8925    x$fpl$dadd          g_wm.l(daddsub_clz.o)
    0x0800e494   0x0800e494   0x0000001a   Code   RO         9173    x$fpl$dfltn         g_wm.l(dflt_clz.o)
    0x0800e4ae   0x0800e4ae   0x00000102   Code   RO         9177    x$fpl$dnaninf       g_wm.l(dnaninf.o)
    0x0800e5b0   0x0800e5b0   0x00000070   Code   RO         9285    x$fpl$drenorm       g_wm.l(drenorm_clz.o)
    0x0800e620   0x0800e620   0x0000000c   Code   RO         9179    x$fpl$dretinf       g_wm.l(dretinf.o)
    0x0800e62c   0x0800e62c   0x0000029c   Code   RO         8927    x$fpl$dsub          g_wm.l(daddsub_clz.o)
    0x0800e8c8   0x0800e8c8   0x0000017a   Code   RO         9181    x$fpl$dunder        g_wm.l(dunder_clz.o)
    0x0800ea42   0x0800ea42   0x00000002   PAD
    0x0800ea44   0x0800ea44   0x000001ec   Code   RO         9183    x$fpl$exception     g_wm.l(except.o)
    0x0800ec30   0x0800ec30   0x0000007a   Code   RO         8931    x$fpl$f2d           g_wm.l(f2d.o)
    0x0800ecaa   0x0800ecaa   0x000000f2   Code   RO         9185    x$fpl$fnaninf       g_wm.l(fnaninf.o)
    0x0800ed9c   0x0800ed9c   0x0000000a   Code   RO         9287    x$fpl$fpinit        g_wm.l(fpinit.o)
    0x0800eda6   0x0800eda6   0x0000000a   Code   RO         9187    x$fpl$fretinf       g_wm.l(fretinf.o)
    0x0800edb0   0x0800edb0   0x0000013c   Code   RO         9189    x$fpl$funder        g_wm.l(funder_clz.o)
    0x0800eeec   0x0800eeec   0x00000020   Code   RO         9357    x$fpl$ieeestatus    g_wm.l(istatus.o)
    0x0800ef0c   0x0800ef0c   0x00000004   Code   RO         9191    x$fpl$printf1       g_wm.l(printf1.o)
    0x0800ef10   0x0800ef10   0x00000004   Code   RO         9193    x$fpl$printf2       g_wm.l(printf2.o)
    0x0800ef14   0x0800ef14   0x000000b2   Code   RO         9289    x$fpl$retnan        g_wm.l(retnan.o)
    0x0800efc6   0x0800efc6   0x0000007e   Code   RO         9199    x$fpl$trapveneer    g_wm.l(trapv.o)
    0x0800f044   0x0800f044   0x00000000   Code   RO         9201    x$fpl$usenofp       g_wm.l(usenofp.o)
    0x0800f044   0x0800f044   0x0000008c   Data   RO          321    .constdata          freertos.o
    0x0800f0d0   0x0800f0d0   0x00000008   Data   RO         1598    .constdata          stm32f4xx_hal_dma.o
    0x0800f0d8   0x0800f0d8   0x00000018   Data   RO         4698    .constdata          system_stm32f4xx.o
    0x0800f0f0   0x0800f0f0   0x0000001c   Data   RO         6985    .constdata          chassis_task.o
    0x0800f10c   0x0800f10c   0x00000302   Data   RO         8312    .constdata          crc8_crc16.o
    0x0800f40e   0x0800f40e   0x00000002   PAD
    0x0800f410   0x0800f410   0x00000804   Data   RO         8814    .constdata          arm_cortexM4lf_math.lib(arm_common_tables.o)
    0x0800fc14   0x0800fc14   0x00000008   Data   RO         9050    .constdata          c_w.l(_printf_wctomb.o)
    0x0800fc1c   0x0800fc1c   0x00000028   Data   RO         9079    .constdata          c_w.l(_printf_hex_int_ll_ptr.o)
    0x0800fc44   0x0800fc44   0x00000011   Data   RO         9099    .constdata          c_w.l(__printf_flags_ss_wp.o)
    0x0800fc55   0x0800fc55   0x00000026   Data   RO         9265    .constdata          c_w.l(_printf_fp_hex.o)
    0x0800fc7b   0x0800fc7b   0x00000001   PAD
    0x0800fc7c   0x0800fc7c   0x00000094   Data   RO         9310    .constdata          c_w.l(bigflt0.o)
    0x0800fd10   0x0800fd10   0x00000025   Data   RO          322    .conststring        freertos.o
    0x0800fd35   0x0800fd35   0x00000003   PAD
    0x0800fd38   0x0800fd38   0x00000020   Data   RO         9424    Region$$Table       anon$$obj.o
    0x0800fd58   0x0800fd58   0x0000001c   Data   RO         9334    locale$$data        c_w.l(lc_numeric_c.o)
    0x0800fd74   0x0800fd74   0x00000110   Data   RO         9369    locale$$data        c_w.l(lc_ctype_c.o)


    Execution Region RW_IRAM1 (Exec base: 0x20000000, Load base: 0x0800fe84, Size: 0x0000c468, Max: 0x00020000, ABSOLUTE, COMPRESSED[0x0000007c])

    Exec Addr    Load Addr    Size         Type   Attr      Idx    E Section Name        Object

    0x20000000   COMPRESSED   0x00000006   Data   RW           18    .data               main.o
    0x20000006   COMPRESSED   0x00000002   PAD
    0x20000008   COMPRESSED   0x00000020   Data   RW          323    .data               freertos.o
    0x20000028   COMPRESSED   0x00000004   Data   RW          383    .data               can.o
    0x2000002c   COMPRESSED   0x00000009   Data   RW         2030    .data               stm32f4xx_hal.o
    0x20000035   COMPRESSED   0x00000003   PAD
    0x20000038   COMPRESSED   0x00000004   Data   RW         4699    .data               system_stm32f4xx.o
    0x2000003c   COMPRESSED   0x0000003c   Data   RW         5275    .data               tasks.o
    0x20000078   COMPRESSED   0x00000014   Data   RW         5590    .data               timers.o
    0x2000008c   COMPRESSED   0x00000018   Data   RW         6107    .data               heap_4.o
    0x200000a4   COMPRESSED   0x0000000c   Data   RW         6158    .data               port.o
    0x200000b0   COMPRESSED   0x00000008   Data   RW         6367    .data               bsp_delay.o
    0x200000b8   COMPRESSED   0x00000008   Data   RW         6494    .data               bsp_led.o
    0x200000c0   COMPRESSED   0x00000054   Data   RW         6662    .data               calibrate_task.o
    0x20000114   COMPRESSED   0x00000043   Data   RW         6785    .data               can_receive.o
    0x20000157   COMPRESSED   0x00000001   PAD
    0x20000158   COMPRESSED   0x00000051   Data   RW         6986    .data               chassis_task.o
    0x200001a9   COMPRESSED   0x00000003   PAD
    0x200001ac   COMPRESSED   0x000000a0   Data   RW         7176    .data               ins_task.o
    0x2000024c   COMPRESSED   0x0000001c   Data   RW         7302    .data               led_flow_task.o
    0x20000268   COMPRESSED   0x00000002   Data   RW         7343    .data               remote_control.o
    0x2000026a   COMPRESSED   0x00000002   PAD
    0x2000026c   COMPRESSED   0x0000000a   Data   RW         7405    .data               test_task.o
    0x20000276   COMPRESSED   0x00000002   Data   RW         7442    .data               referee_usart_task.o
    0x20000278   COMPRESSED   0x00000026   Data   RW         7515    .data               referee.o
    0x2000029e   COMPRESSED   0x00000002   Data   RW         7580    .data               chassis_power_control.o
    0x200002a0   COMPRESSED   0x00000002   Data   RW         8313    .data               crc8_crc16.o
    0x200002a2   COMPRESSED   0x00000002   PAD
    0x200002a4        -       0x00000100   Zero   RW           17    .bss                main.o
    0x200003a4        -       0x000006a8   Zero   RW          320    .bss                freertos.o
    0x20000a4c        -       0x00000050   Zero   RW          382    .bss                can.o
    0x20000a9c        -       0x00000054   Zero   RW          454    .bss                i2c.o
    0x20000af0        -       0x00000020   Zero   RW          496    .bss                rtc.o
    0x20000b10        -       0x00000118   Zero   RW          538    .bss                spi.o
    0x20000c28        -       0x00000140   Zero   RW          585    .bss                tim.o
    0x20000d68        -       0x000001e0   Zero   RW          654    .bss                usart.o
    0x20000f48        -       0x00000040   Zero   RW         4906    .bss                queue.o
    0x20000f88        -       0x000000f0   Zero   RW         5274    .bss                tasks.o
    0x20001078        -       0x00000110   Zero   RW         5589    .bss                timers.o
    0x20001188        -       0x00006000   Zero   RW         6106    .bss                heap_4.o
    0x20007188        -       0x00000060   Zero   RW         6600    .bss                bsp_usart.o
    0x200071e8        -       0x00000115   Zero   RW         6660    .bss                calibrate_task.o
    0x200072fd   COMPRESSED   0x00000003   PAD
    0x20007300        -       0x000000e8   Zero   RW         6784    .bss                can_receive.o
    0x200073e8        -       0x0000036c   Zero   RW         6984    .bss                chassis_task.o
    0x20007754        -       0x0000021c   Zero   RW         7122    .bss                detect_task.o
    0x20007970        -       0x00000134   Zero   RW         7174    .bss                ins_task.o
    0x20007aa4        -       0x0000005e   Zero   RW         7342    .bss                remote_control.o
    0x20007b02   COMPRESSED   0x00000002   PAD
    0x20007b04        -       0x000008a1   Zero   RW         7441    .bss                referee_usart_task.o
    0x200083a5        -       0x00000061   Zero   RW         7514    .bss                referee.o
    0x20008406   COMPRESSED   0x00000002   PAD
    0x20008408        -       0x00000060   Zero   RW         9224    .bss                c_w.l(libspace.o)
    0x20008468        -       0x00002000   Zero   RW            2    HEAP                startup_stm32f407xx.o
    0x2000a468        -       0x00002000   Zero   RW            1    STACK               startup_stm32f407xx.o


==============================================================================

Image component sizes


      Code (inc. data)   RO Data    RW Data    ZI Data      Debug   Object Name

        36         12          0          0          0     593761   bsp_buzzer.o
        92          8          0          0          0        630   bsp_can.o
        48         16          0          8          0        745   bsp_delay.o
        20          0          0          0          0       1085   bsp_flash.o
       104         22          0          8          0        632   bsp_led.o
       260         28          0          0          0       2139   bsp_rc.o
     10044        146          0          0          0       4974   bsp_spi.o
       480         38          0          0         96       1982   bsp_usart.o
       580         30          0         84        277      11024   calibrate_task.o
       488         44          0          4         80       2598   can.o
       864        108          0         67        232     610495   can_receive.o
       528         32          0          2          0       2368   chassis_power_control.o
      4018        326         28         81        876      19882   chassis_task.o
       142          0          0          0          0      22411   cmsis_os.o
       198         16        770          2          0       3985   crc8_crc16.o
       324         12          0          0        540       2531   detect_task.o
       152          6          0          0          0        902   dma.o
         0          0          0          0          0      18056   event_groups.o
       258          0          0          0          0      10531   fifo.o
       200         44        177         32       1704       3583   freertos.o
       448         24          0          0          0       1251   gpio.o
       692         62          0         24      24576       5051   heap_4.o
       260         30          0          0         84       1857   i2c.o
      3088        166          0        160        308      17105   ins_task.o
        64          6          0          0          0       1359   kalman.o
       436         12          0         28          0       1769   led_flow_task.o
       148          0          0          0          0       3846   list.o
       390         32          0          6        256     761011   main.o
       668         12          0          0          0       3222   pid.o
      1014         92          0         12          0      12561   port.o
      1910         20          0          0         64      15304   queue.o
       632        162          0         38         97       5959   referee.o
       688         50          0          2       2209       9007   referee_usart_task.o
       550         36          0          2         94       3427   remote_control.o
        76         16          0          0         32       1579   rtc.o
       416         38          0          0        280       2067   spi.o
        64         26        392          0      16384        880   startup_stm32f407xx.o
       172         32          0          9          0       4181   stm32f4xx_hal.o
      2136          6          0          0          0      15179   stm32f4xx_hal_can.o
       304         22          0          0          0      34779   stm32f4xx_hal_cortex.o
      1074         16          8          0          0       4803   stm32f4xx_hal_dma.o
       552         50          0          0          0       3119   stm32f4xx_hal_gpio.o
       440         18          0          0          0       2119   stm32f4xx_hal_i2c.o
        84          6          0          0          0        922   stm32f4xx_hal_msp.o
      1732         84          0          0          0       5836   stm32f4xx_hal_rcc.o
       416         20          0          0          0       1496   stm32f4xx_hal_rcc_ex.o
       336          4          0          0          0       2788   stm32f4xx_hal_rtc.o
       140          0          0          0          0       1251   stm32f4xx_hal_spi.o
      1572         90          0          0          0      13591   stm32f4xx_hal_tim.o
        84          0          0          0          0       1368   stm32f4xx_hal_tim_ex.o
      2000         12          0          0          0      10299   stm32f4xx_hal_uart.o
       160         30          0          0          0       8325   stm32f4xx_it.o
         0          0          0          0          0        428   stream_buffer.o
        42          0          0          0          0        639   super_c_task.o
       100         18         24          4          0       1287   system_stm32f4xx.o
      3140        378          0         60        240      26991   tasks.o
       264         28          0         10          0       2172   test_task.o
      1400        126          0          0        320       5886   tim.o
      1238        124          0         20        272      27835   timers.o
       868         84          0          0        480       3593   usart.o
       120          4          0          0          0       2408   user_lib.o

    ----------------------------------------------------------------------
     48802       2824       1436        676      49508    2342864   Object Totals
         0          0         32          0          0          0   (incl. Generated)
        48          0          5         13          7          0   (incl. Padding)

    ----------------------------------------------------------------------

      Code (inc. data)   RO Data    RW Data    ZI Data      Debug   Library Member Name

         0          0       2052          0          0       4636   arm_common_tables.o
       120         12          0          0          0      16970   arm_cos_f32.o
       116         12          0          0          0        658   arm_sin_f32.o
        90          0          0          0          0          0   __dczerorl2.o
         8          0          0          0          0         68   __main.o
       392          4         17          0          0         92   __printf_flags_ss_wp.o
        14          0          0          0          0         68   __printf_wp.o
         0          0          0          0          0          0   __rtentry.o
        12          0          0          0          0          0   __rtentry2.o
         6          0          0          0          0          0   __rtentry4.o
        52          8          0          0          0          0   __scatter.o
        28          0          0          0          0          0   __scatter_zi.o
        48          4          0          0          0         84   _fptrap.o
         6          0          0          0          0          0   _printf_a.o
         6          0          0          0          0          0   _printf_c.o
        44          0          0          0          0        108   _printf_char.o
        48          6          0          0          0         96   _printf_char_common.o
        40          0          0          0          0         68   _printf_charcount.o
         6          0          0          0          0          0   _printf_d.o
       120         16          0          0          0         92   _printf_dec.o
         6          0          0          0          0          0   _printf_e.o
         6          0          0          0          0          0   _printf_f.o
      1054          0          0          0          0        216   _printf_fp_dec.o
       764          8         38          0          0        100   _printf_fp_hex.o
       128         16          0          0          0         84   _printf_fp_infnan.o
         6          0          0          0          0          0   _printf_g.o
       148          4         40          0          0        160   _printf_hex_int_ll_ptr.o
         6          0          0          0          0          0   _printf_i.o
       178          0          0          0          0         88   _printf_intcommon.o
        10          0          0          0          0          0   _printf_l.o
         6          0          0          0          0          0   _printf_lc.o
        10          0          0          0          0          0   _printf_ll.o
         6          0          0          0          0          0   _printf_lld.o
         6          0          0          0          0          0   _printf_lli.o
         6          0          0          0          0          0   _printf_llo.o
         6          0          0          0          0          0   _printf_llu.o
         6          0          0          0          0          0   _printf_llx.o
       124         16          0          0          0         92   _printf_longlong_dec.o
         6          0          0          0          0          0   _printf_ls.o
         6          0          0          0          0          0   _printf_n.o
         6          0          0          0          0          0   _printf_o.o
       112         10          0          0          0        124   _printf_oct_int_ll.o
         6          0          0          0          0          0   _printf_p.o
        78          0          0          0          0        108   _printf_pad.o
         0          0          0          0          0          0   _printf_percent.o
         4          0          0          0          0          0   _printf_percent_end.o
         6          0          0          0          0          0   _printf_s.o
        82          0          0          0          0         80   _printf_str.o
        36          0          0          0          0         84   _printf_truncate.o
         6          0          0          0          0          0   _printf_u.o
        44          0          0          0          0        108   _printf_wchar.o
       188          6          8          0          0         92   _printf_wctomb.o
         6          0          0          0          0          0   _printf_x.o
        10          0          0          0          0         68   _sputc.o
        64          0          0          0          0         92   _wcrtomb.o
        16          0          0          0          0         68   aeabi_memset.o
       228          4        148          0          0         96   bigflt0.o
      1936        128          0          0          0        672   btod.o
        10          0          0          0          0         68   defsig_exit.o
       172        110          0          0          0         76   defsig_fpe_inner.o
        14          0          0          0          0         80   defsig_fpe_outer.o
        50          0          0          0          0         88   defsig_general.o
        18          0          0          0          0         80   exit.o
         6          0          0          0          0        152   heapauxi.o
         0          0          0          0          0          0   indicate_semi.o
        44         10        272          0          0         76   lc_ctype_c.o
        44         10         28          0          0         76   lc_numeric_c.o
         2          0          0          0          0          0   libinit.o
        34          0          0          0          0          0   libinit2.o
         2          0          0          0          0          0   libshutdown.o
         2          0          0          0          0          0   libshutdown2.o
         8          4          0          0         96         68   libspace.o
       138          0          0          0          0         80   lludiv10.o
       238          0          0          0          0        100   lludivv7m.o
        16          4          0          0          0         76   rt_ctype_table.o
         8          4          0          0          0         68   rt_locale_intlibspace.o
        68          0          0          0          0         68   rt_memclr.o
        78          0          0          0          0         80   rt_memclr_w.o
       138          0          0          0          0         68   rt_memcpy_v6.o
       100          0          0          0          0         80   rt_memcpy_w.o
         2          0          0          0          0          0   rtexit.o
        10          0          0          0          0          0   rtexit2.o
       128          0          0          0          0         68   strcmpv7m.o
        12          4          0          0          0         68   sys_exit.o
        74          0          0          0          0         80   sys_stackheap_outer.o
        14          0          0          0          0         76   sys_wrch.o
         2          0          0          0          0         68   use_no_semi.o
        36          4          0          0          0         76   vsprintf.o
       708         16          0          0          0        140   d2f_clz.o
      1256         28          0          0          0        408   daddsub_clz.o
        26          0          0          0          0        116   dflt_clz.o
       258          4          0          0          0        156   dnaninf.o
       112          0          0          0          0        160   drenorm_clz.o
        12          0          0          0          0        116   dretinf.o
       378          0          0          0          0        168   dunder_clz.o
       492         36          0          0          0        148   except.o
       122          8          0          0          0        132   f2d.o
       242          4          0          0          0        144   fnaninf.o
        10          0          0          0          0        116   fpinit.o
        10          0          0          0          0        116   fretinf.o
       316          0          0          0          0        132   funder_clz.o
        32          4          0          0          0        116   istatus.o
         4          0          0          0          0        116   printf1.o
         4          0          0          0          0        116   printf2.o
       178          0          0          0          0        116   retnan.o
       126          0          0          0          0        148   trapv.o
         0          0          0          0          0          0   usenofp.o
        20          0          0          0          0        124   fabs.o
        48          0          0          0          0        124   fpclassify.o

    ----------------------------------------------------------------------
     12314        504       2604          0         96      30004   Library Totals
        20          0          1          0          0          0   (incl. Padding)

    ----------------------------------------------------------------------

      Code (inc. data)   RO Data    RW Data    ZI Data      Debug   Library Name

       236         24       2052          0          0      22264   arm_cortexM4lf_math.lib
      7704        380        551          0         96       4828   c_w.l
      4286        100          0          0          0       2664   g_wm.l
        68          0          0          0          0        248   m_wm.l

    ----------------------------------------------------------------------
     12314        504       2604          0         96      30004   Library Totals

    ----------------------------------------------------------------------

==============================================================================


      Code (inc. data)   RO Data    RW Data    ZI Data      Debug   

     61116       3328       4040        676      49604    2340864   Grand Totals
     61116       3328       4040        124      49604    2340864   ELF Image Totals (compressed)
     61116       3328       4040        124          0          0   ROM Totals

==============================================================================

    Total RO  Size (Code + RO Data)                65156 (  63.63kB)
    Total RW  Size (RW Data + ZI Data)             50280 (  49.10kB)
    Total ROM Size (Code + RO Data + RW Data)      65280 (  63.75kB)

==============================================================================

