Component: ARM Compiler 5.06 update 6 (build 750) Tool: armlink [4d35ed]

==============================================================================

Section Cross References

    startup_stm32f407xx.o(STACK) refers (Special) to heapauxi.o(.text) for __use_two_region_memory
    startup_stm32f407xx.o(HEAP) refers (Special) to heapauxi.o(.text) for __use_two_region_memory
    startup_stm32f407xx.o(RESET) refers (Special) to heapauxi.o(.text) for __use_two_region_memory
    startup_stm32f407xx.o(RESET) refers to startup_stm32f407xx.o(STACK) for __initial_sp
    startup_stm32f407xx.o(RESET) refers to startup_stm32f407xx.o(.text) for Reset_Handler
    startup_stm32f407xx.o(RESET) refers to stm32f4xx_it.o(i.NMI_Handler) for NMI_Handler
    startup_stm32f407xx.o(RESET) refers to stm32f4xx_it.o(i.HardFault_Handler) for HardFault_Handler
    startup_stm32f407xx.o(RESET) refers to stm32f4xx_it.o(i.MemManage_Handler) for MemManage_Handler
    startup_stm32f407xx.o(RESET) refers to stm32f4xx_it.o(i.BusFault_Handler) for BusFault_Handler
    startup_stm32f407xx.o(RESET) refers to stm32f4xx_it.o(i.UsageFault_Handler) for UsageFault_Handler
    startup_stm32f407xx.o(RESET) refers to port.o(.emb_text) for SVC_Handler
    startup_stm32f407xx.o(RESET) refers to stm32f4xx_it.o(i.DebugMon_Handler) for DebugMon_Handler
    startup_stm32f407xx.o(RESET) refers to stm32f4xx_it.o(i.SysTick_Handler) for SysTick_Handler
    startup_stm32f407xx.o(RESET) refers to stm32f4xx_it.o(i.EXTI0_IRQHandler) for EXTI0_IRQHandler
    startup_stm32f407xx.o(RESET) refers to stm32f4xx_it.o(i.EXTI3_IRQHandler) for EXTI3_IRQHandler
    startup_stm32f407xx.o(RESET) refers to stm32f4xx_it.o(i.EXTI4_IRQHandler) for EXTI4_IRQHandler
    startup_stm32f407xx.o(RESET) refers to stm32f4xx_it.o(i.CAN1_RX0_IRQHandler) for CAN1_RX0_IRQHandler
    startup_stm32f407xx.o(RESET) refers to stm32f4xx_it.o(i.EXTI9_5_IRQHandler) for EXTI9_5_IRQHandler
    startup_stm32f407xx.o(RESET) refers to nuccommu.o(i.USART1_IRQHandler) for USART1_IRQHandler
    startup_stm32f407xx.o(RESET) refers to remote_control.o(i.USART3_IRQHandler) for USART3_IRQHandler
    startup_stm32f407xx.o(RESET) refers to bsp_i2c.o(i.DMA1_Stream7_IRQHandler) for DMA1_Stream7_IRQHandler
    startup_stm32f407xx.o(RESET) refers to stm32f4xx_it.o(i.DMA2_Stream1_IRQHandler) for DMA2_Stream1_IRQHandler
    startup_stm32f407xx.o(RESET) refers to ins_task.o(i.DMA2_Stream2_IRQHandler) for DMA2_Stream2_IRQHandler
    startup_stm32f407xx.o(RESET) refers to stm32f4xx_it.o(i.CAN2_RX0_IRQHandler) for CAN2_RX0_IRQHandler
    startup_stm32f407xx.o(RESET) refers to stm32f4xx_it.o(i.OTG_FS_IRQHandler) for OTG_FS_IRQHandler
    startup_stm32f407xx.o(RESET) refers to stm32f4xx_it.o(i.DMA2_Stream5_IRQHandler) for DMA2_Stream5_IRQHandler
    startup_stm32f407xx.o(RESET) refers to stm32f4xx_it.o(i.DMA2_Stream6_IRQHandler) for DMA2_Stream6_IRQHandler
    startup_stm32f407xx.o(RESET) refers to stm32f4xx_it.o(i.DMA2_Stream7_IRQHandler) for DMA2_Stream7_IRQHandler
    startup_stm32f407xx.o(RESET) refers to referee_usart_task.o(i.USART6_IRQHandler) for USART6_IRQHandler
    startup_stm32f407xx.o(.text) refers (Special) to heapauxi.o(.text) for __use_two_region_memory
    startup_stm32f407xx.o(.text) refers to system_stm32f4xx.o(i.SystemInit) for SystemInit
    startup_stm32f407xx.o(.text) refers to __main.o(!!!main) for __main
    startup_stm32f407xx.o(.text) refers to startup_stm32f407xx.o(HEAP) for Heap_Mem
    startup_stm32f407xx.o(.text) refers to startup_stm32f407xx.o(STACK) for Stack_Mem
    main.o(i.SystemClock_Config) refers to rt_memclr_w.o(.text) for __aeabi_memclr4
    main.o(i.SystemClock_Config) refers to stm32f4xx_hal_rcc.o(i.HAL_RCC_OscConfig) for HAL_RCC_OscConfig
    main.o(i.SystemClock_Config) refers to stm32f4xx_hal_rcc.o(i.HAL_RCC_ClockConfig) for HAL_RCC_ClockConfig
    main.o(i.SystemClock_Config) refers to stm32f4xx_hal_rcc_ex.o(i.HAL_RCCEx_PeriphCLKConfig) for HAL_RCCEx_PeriphCLKConfig
    main.o(i.main) refers to stm32f4xx_hal.o(i.HAL_Init) for HAL_Init
    main.o(i.main) refers to main.o(i.SystemClock_Config) for SystemClock_Config
    main.o(i.main) refers to gpio.o(i.MX_GPIO_Init) for MX_GPIO_Init
    main.o(i.main) refers to dma.o(i.MX_DMA_Init) for MX_DMA_Init
    main.o(i.main) refers to adc.o(i.MX_ADC1_Init) for MX_ADC1_Init
    main.o(i.main) refers to adc.o(i.MX_ADC3_Init) for MX_ADC3_Init
    main.o(i.main) refers to can.o(i.MX_CAN1_Init) for MX_CAN1_Init
    main.o(i.main) refers to can.o(i.MX_CAN2_Init) for MX_CAN2_Init
    main.o(i.main) refers to i2c.o(i.MX_I2C1_Init) for MX_I2C1_Init
    main.o(i.main) refers to spi.o(i.MX_SPI1_Init) for MX_SPI1_Init
    main.o(i.main) refers to tim.o(i.MX_TIM4_Init) for MX_TIM4_Init
    main.o(i.main) refers to tim.o(i.MX_TIM5_Init) for MX_TIM5_Init
    main.o(i.main) refers to usart.o(i.MX_USART3_UART_Init) for MX_USART3_UART_Init
    main.o(i.main) refers to tim.o(i.MX_TIM8_Init) for MX_TIM8_Init
[...]
    0x080002f0   0x080002f0   0x00000002   Code   RO        12942    .ARM.Collect$$libshutdown$$00000000  c_w.l(libshutdown.o)
    0x080002f2   0x080002f2   0x00000000   Code   RO        12900    .ARM.Collect$$libshutdown$$00000002  c_w.l(libshutdown2.o)
    0x080002f2   0x080002f2   0x00000000   Code   RO        12902    .ARM.Collect$$libshutdown$$00000004  c_w.l(libshutdown2.o)
    0x080002f2   0x080002f2   0x00000000   Code   RO        12905    .ARM.Collect$$libshutdown$$00000007  c_w.l(libshutdown2.o)
    0x080002f2   0x080002f2   0x00000000   Code   RO        12908    .ARM.Collect$$libshutdown$$0000000A  c_w.l(libshutdown2.o)
    0x080002f2   0x080002f2   0x00000000   Code   RO        12910    .ARM.Collect$$libshutdown$$0000000C  c_w.l(libshutdown2.o)
    0x080002f2   0x080002f2   0x00000000   Code   RO        12913    .ARM.Collect$$libshutdown$$0000000F  c_w.l(libshutdown2.o)
    0x080002f2   0x080002f2   0x00000002   Code   RO        12914    .ARM.Collect$$libshutdown$$00000010  c_w.l(libshutdown2.o)
    0x080002f4   0x080002f4   0x00000000   Code   RO        12526    .ARM.Collect$$rtentry$$00000000  c_w.l(__rtentry.o)
    0x080002f4   0x080002f4   0x00000000   Code   RO        12750    .ARM.Collect$$rtentry$$00000002  c_w.l(__rtentry2.o)
    0x080002f4   0x080002f4   0x00000006   Code   RO        12762    .ARM.Collect$$rtentry$$00000004  c_w.l(__rtentry4.o)
    0x080002fa   0x080002fa   0x00000000   Code   RO        12752    .ARM.Collect$$rtentry$$00000009  c_w.l(__rtentry2.o)
    0x080002fa   0x080002fa   0x00000004   Code   RO        12753    .ARM.Collect$$rtentry$$0000000A  c_w.l(__rtentry2.o)
    0x080002fe   0x080002fe   0x00000000   Code   RO        12755    .ARM.Collect$$rtentry$$0000000C  c_w.l(__rtentry2.o)
    0x080002fe   0x080002fe   0x00000008   Code   RO        12756    .ARM.Collect$$rtentry$$0000000D  c_w.l(__rtentry2.o)
    0x08000306   0x08000306   0x00000002   Code   RO        12882    .ARM.Collect$$rtexit$$00000000  c_w.l(rtexit.o)
    0x08000308   0x08000308   0x00000000   Code   RO        12918    .ARM.Collect$$rtexit$$00000002  c_w.l(rtexit2.o)
    0x08000308   0x08000308   0x00000004   Code   RO        12919    .ARM.Collect$$rtexit$$00000003  c_w.l(rtexit2.o)
    0x0800030c   0x0800030c   0x00000006   Code   RO        12920    .ARM.Collect$$rtexit$$00000004  c_w.l(rtexit2.o)
    0x08000312   0x08000312   0x00000002   PAD
    0x08000314   0x08000314   0x000000be   Code   RO        11646    .emb_text           port.o
    0x080003d2   0x080003d2   0x00000002   PAD
    0x080003d4   0x080003d4   0x00000040   Code   RO            4    .text               startup_stm32f407xx.o
    0x08000414   0x08000414   0x00000078   Code   RO        12182    .text               arm_cortexM4lf_math.lib(arm_cos_f32.o)
    0x0800048c   0x0800048c   0x00000074   Code   RO        12235    .text               arm_cortexM4lf_math.lib(arm_sin_f32.o)
    0x08000500   0x08000500   0x000000ee   Code   RO        12402    .text               c_w.l(lludivv7m.o)
    0x080005ee   0x080005ee   0x00000002   PAD
    0x080005f0   0x080005f0   0x00000024   Code   RO        12404    .text               c_w.l(vsprintf.o)
    0x08000614   0x08000614   0x0000003e   Code   RO        12406    .text               c_w.l(strlen.o)
    0x08000652   0x08000652   0x0000008a   Code   RO        12408    .text               c_w.l(rt_memcpy_v6.o)
    0x080006dc   0x080006dc   0x00000064   Code   RO        12410    .text               c_w.l(rt_memcpy_w.o)
    0x08000740   0x08000740   0x00000010   Code   RO        12414    .text               c_w.l(aeabi_memset.o)
    0x08000750   0x08000750   0x00000044   Code   RO        12416    .text               c_w.l(rt_memclr.o)
    0x08000794   0x08000794   0x0000004e   Code   RO        12418    .text               c_w.l(rt_memclr_w.o)
    0x080007e2   0x080007e2   0x00000006   Code   RO        12420    .text               c_w.l(heapauxi.o)
    0x080007e8   0x080007e8   0x00000016   Code   RO        12556    .text               c_w.l(_rserrno.o)
    0x080007fe   0x080007fe   0x0000004e   Code   RO        12560    .text               c_w.l(_printf_pad.o)
    0x0800084c   0x0800084c   0x00000024   Code   RO        12562    .text               c_w.l(_printf_truncate.o)
    0x08000870   0x08000870   0x00000052   Code   RO        12564    .text               c_w.l(_printf_str.o)
    0x080008c2   0x080008c2   0x00000002   PAD
    0x080008c4   0x080008c4   0x00000078   Code   RO        12566    .text               c_w.l(_printf_dec.o)
    0x0800093c   0x0800093c   0x00000028   Code   RO        12568    .text               c_w.l(_printf_charcount.o)
    0x08000964   0x08000964   0x00000030   Code   RO        12570    .text               c_w.l(_printf_char_common.o)
    0x08000994   0x08000994   0x0000000a   Code   RO        12572    .text               c_w.l(_sputc.o)
    0x0800099e   0x0800099e   0x00000002   PAD
    0x080009a0   0x080009a0   0x000000bc   Code   RO        12574    .text               c_w.l(_printf_wctomb.o)
    0x08000a5c   0x08000a5c   0x0000007c   Code   RO        12577    .text               c_w.l(_printf_longlong_dec.o)
    0x08000ad8   0x08000ad8   0x00000070   Code   RO        12583    .text               c_w.l(_printf_oct_int_ll.o)
    0x08000b48   0x08000b48   0x00000094   Code   RO        12603    .text               c_w.l(_printf_hex_int_ll_ptr.o)
    0x08000bdc   0x08000bdc   0x00000188   Code   RO        12623    .text               c_w.l(__printf_flags_ss_wp.o)
    0x08000d64   0x08000d64   0x00000008   Code   RO        12746    .text               c_w.l(libspace.o)
    0x08000d6c   0x08000d6c   0x00000008   Code   RO        12769    .text               c_w.l(rt_errno_addr_intlibspace.o)
    0x08000d74   0x08000d74   0x0000008a   Code   RO        12779    .text               c_w.l(lludiv10.o)
    0x08000dfe   0x08000dfe   0x00000002   PAD
    0x08000e00   0x08000e00   0x00000030   Code   RO        12781    .text               c_w.l(_fptrap.o)
    0x08000e30   0x08000e30   0x000000b2   Code   RO        12783    .text               c_w.l(_printf_intcommon.o)
    0x08000ee2   0x08000ee2   0x0000041e   Code   RO        12785    .text               c_w.l(_printf_fp_dec.o)
    0x08001300   0x08001300   0x000002fc   Code   RO        12787    .text               c_w.l(_printf_fp_hex.o)
    0x080015fc   0x080015fc   0x0000002c   Code   RO        12792    .text               c_w.l(_printf_char.o)
    0x08001628   0x08001628   0x0000002c   Code   RO        12794    .text               c_w.l(_printf_wchar.o)
    0x08001654   0x08001654   0x00000040   Code   RO        12797    .text               c_w.l(_wcrtomb.o)
    0x08001694   0x08001694   0x00000002   Code   RO        12812    .text               c_w.l(use_no_semi.o)
    0x08001696   0x08001696   0x00000000   Code   RO        12814    .text               c_w.l(indicate_semi.o)
    0x08001696   0x08001696   0x0000004a   Code   RO        12815    .text               c_w.l(sys_stackheap_outer.o)
    0x080016e0   0x080016e0   0x00000010   Code   RO        12817    .text               c_w.l(rt_ctype_table.o)
    0x080016f0   0x080016f0   0x00000008   Code   RO        12824    .text               c_w.l(rt_locale_intlibspace.o)
    0x080016f8   0x080016f8   0x00000080   Code   RO        12828    .text               c_w.l(_printf_fp_infnan.o)
    0x08001778   0x08001778   0x000000e4   Code   RO        12830    .text               c_w.l(bigflt0.o)
    0x0800185c   0x0800185c   0x00000012   Code   RO        12858    .text               c_w.l(exit.o)
    0x0800186e   0x0800186e   0x0000000a   Code   RO        12860    .text               c_w.l(defsig_exit.o)
    0x08001878   0x08001878   0x0000000e   Code   RO        12862    .text               c_w.l(defsig_fpe_outer.o)
    0x08001886   0x08001886   0x00000002   PAD
    0x08001888   0x08001888   0x0000000c   Code   RO        12880    .text               c_w.l(sys_exit.o)
    0x08001894   0x08001894   0x00000032   Code   RO        12893    .text               c_w.l(defsig_general.o)
    0x080018c6   0x080018c6   0x00000002   PAD
    0x080018c8   0x080018c8   0x000000ac   Code   RO        12895    .text               c_w.l(defsig_fpe_inner.o)
    0x08001974   0x08001974   0x00000080   Code   RO        12897    .text               c_w.l(strcmpv7m.o)
    0x080019f4   0x080019f4   0x0000000e   Code   RO        12915    .text               c_w.l(sys_wrch.o)
    0x08001a02   0x08001a02   0x0000003e   Code   RO        12833    CL$$btod_d2e        c_w.l(btod.o)
    0x08001a40   0x08001a40   0x00000046   Code   RO        12835    CL$$btod_d2e_denorm_low  c_w.l(btod.o)
    0x08001a86   0x08001a86   0x00000060   Code   RO        12834    CL$$btod_d2e_norm_op1  c_w.l(btod.o)
    0x08001ae6   0x08001ae6   0x00000338   Code   RO        12843    CL$$btod_div_common  c_w.l(btod.o)
    0x08001e1e   0x08001e1e   0x000000dc   Code   RO        12840    CL$$btod_e2e        c_w.l(btod.o)
    0x08001efa   0x08001efa   0x0000002a   Code   RO        12837    CL$$btod_ediv       c_w.l(btod.o)
    0x08001f24   0x08001f24   0x0000002a   Code   RO        12836    CL$$btod_emul       c_w.l(btod.o)
    0x08001f4e   0x08001f4e   0x00000244   Code   RO        12842    CL$$btod_mult_common  c_w.l(btod.o)
    0x08002192   0x08002192   0x00000002   PAD
    0x08002194   0x08002194   0x00000128   Code   RO         7220    i.ADC_Init          stm32f4xx_hal_adc.o
    0x080022bc   0x080022bc   0x00000004   Code   RO         4881    i.AHRS_asinf        ahrs_middleware.o
    0x080022c0   0x080022c0   0x00000004   Code   RO         4882    i.AHRS_atan2f       ahrs_middleware.o
    0x080022c4   0x080022c4   0x00000004   Code   RO         4883    i.AHRS_cosf         ahrs_middleware.o
    0x080022c8   0x080022c8   0x0000001a   Code   RO        12092    i.AHRS_fabs         AHRS.lib(ahrs.o)
    0x080022e2   0x080022e2   0x00000002   PAD
    0x080022e4   0x080022e4   0x00000014   Code   RO         4884    i.AHRS_get_height   ahrs_middleware.o
    0x080022f8   0x080022f8   0x0000000e   Code   RO         4885    i.AHRS_get_latitude  ahrs_middleware.o
    0x08002306   0x08002306   0x00000002   PAD
    0x08002308   0x08002308   0x0000029c   Code   RO        12093    i.AHRS_init         AHRS.lib(ahrs.o)
    0x080025a4   0x080025a4   0x00000014   Code   RO         4886    i.AHRS_invSqrt      ahrs_middleware.o
    0x080025b8   0x080025b8   0x00000004   Code   RO         4887    i.AHRS_sinf         ahrs_middleware.o
    0x080025bc   0x080025bc   0x0000013a   Code   RO        12094    i.AHRS_update       AHRS.lib(ahrs.o)
    0x080026f6   0x080026f6   0x00000002   PAD
    0x080026f8   0x080026f8   0x00000010   Code   RO         4699    i.BMI088_ACCEL_NS_H  bmi088middleware.o
    0x08002708   0x08002708   0x00000010   Code   RO         4700    i.BMI088_ACCEL_NS_L  bmi088middleware.o
    0x08002718   0x08002718   0x00000002   Code   RO         4701    i.BMI088_GPIO_init  bmi088middleware.o
    0x0800271a   0x0800271a   0x00000002   PAD
    0x0800271c   0x0800271c   0x00000010   Code   RO         4702    i.BMI088_GYRO_NS_H  bmi088middleware.o
    0x0800272c   0x0800272c   0x00000010   Code   RO         4703    i.BMI088_GYRO_NS_L  bmi088middleware.o
    0x0800273c   0x0800273c   0x00000080   Code   RO         4563    i.BMI088_accel_read_over  bmi088driver.o
    0x080027bc   0x080027bc   0x00000002   Code   RO         4704    i.BMI088_com_init   bmi088middleware.o
    0x080027be   0x080027be   0x00000004   Code   RO         4705    i.BMI088_delay_ms   bmi088middleware.o
    0x080027c2   0x080027c2   0x00000004   Code   RO         4706    i.BMI088_delay_us   bmi088middleware.o
    0x080027c6   0x080027c6   0x00000002   PAD
    0x080027c8   0x080027c8   0x00000060   Code   RO         4564    i.BMI088_gyro_read_over  bmi088driver.o
    0x08002828   0x08002828   0x0000002e   Code   RO         4565    i.BMI088_init       bmi088driver.o
    0x08002856   0x08002856   0x00000002   PAD
    0x08002858   0x08002858   0x00000158   Code   RO         4566    i.BMI088_read       bmi088driver.o
    0x080029b0   0x080029b0   0x00000024   Code   RO         4569    i.BMI088_read_muli_reg  bmi088driver.o
    0x080029d4   0x080029d4   0x00000016   Code   RO         4570    i.BMI088_read_single_reg  bmi088driver.o
    0x080029ea   0x080029ea   0x00000002   PAD
    0x080029ec   0x080029ec   0x00000020   Code   RO         4707    i.BMI088_read_write_byte  bmi088middleware.o
    0x08002a0c   0x08002a0c   0x0000002e   Code   RO         4571    i.BMI088_temperature_read_over  bmi088driver.o
    0x08002a3a   0x08002a3a   0x00000012   Code   RO         4572    i.BMI088_write_single_reg  bmi088driver.o
    0x08002a4c   0x08002a4c   0x00000002   Code   RO         1650    i.BusFault_Handler  stm32f4xx_it.o
    0x08002a4e   0x08002a4e   0x00000002   PAD
    0x08002a50   0x08002a50   0x0000000c   Code   RO         1651    i.CAN1_RX0_IRQHandler  stm32f4xx_it.o
    0x08002a5c   0x08002a5c   0x000000d8   Code   RO         4163    i.CAN1_send_channel  can_receive.o
    0x08002b34   0x08002b34   0x00000054   Code   RO         4166    i.CAN1_send_yaw     can_receive.o
    0x08002b88   0x08002b88   0x0000000c   Code   RO         1652    i.CAN2_RX0_IRQHandler  stm32f4xx_it.o
    0x08002b94   0x08002b94   0x00000048   Code   RO         4169    i.CAN_cmd_gimbal    can_receive.o
    0x08002bdc   0x08002bdc   0x00000044   Code   RO         4170    i.CAN_cmd_shoot     can_receive.o
    0x08002c20   0x08002c20   0x00000058   Code   RO         2305    i.DMA1_Stream7_IRQHandler  bsp_i2c.o
    0x08002c78   0x08002c78   0x0000000c   Code   RO         1653    i.DMA2_Stream1_IRQHandler  stm32f4xx_it.o
    0x08002c84   0x08002c84   0x000002bc   Code   RO         2821    i.DMA2_Stream2_IRQHandler  ins_task.o
    0x08002f40   0x08002f40   0x0000000c   Code   RO         1654    i.DMA2_Stream5_IRQHandler  stm32f4xx_it.o
    0x08002f4c   0x08002f4c   0x0000000c   Code   RO         1655    i.DMA2_Stream6_IRQHandler  stm32f4xx_it.o
    0x08002f58   0x08002f58   0x0000000c   Code   RO         1656    i.DMA2_Stream7_IRQHandler  stm32f4xx_it.o
    0x08002f64   0x08002f64   0x00000028   Code   RO         6547    i.DMA_CalcBaseAndBitshift  stm32f4xx_hal_dma.o
    0x08002f8c   0x08002f8c   0x00000054   Code   RO         6548    i.DMA_CheckFifoParam  stm32f4xx_hal_dma.o
    0x08002fe0   0x08002fe0   0x00000002   Code   RO         1657    i.DebugMon_Handler  stm32f4xx_it.o
    0x08002fe2   0x08002fe2   0x00000020   Code   RO         3640    i.ECDFormat         naive_gimbal_task.o
    0x08003002   0x08003002   0x00000020   Code   RO         4036    i.ECDFormat         naive_shoot_task.o
    0x08003022   0x08003022   0x00000006   Code   RO         1658    i.EXTI0_IRQHandler  stm32f4xx_it.o
    0x08003028   0x08003028   0x00000006   Code   RO         1659    i.EXTI3_IRQHandler  stm32f4xx_it.o
    0x0800302e   0x0800302e   0x00000006   Code   RO         1660    i.EXTI4_IRQHandler  stm32f4xx_it.o
    0x08003034   0x08003034   0x00000006   Code   RO         1661    i.EXTI9_5_IRQHandler  stm32f4xx_it.o
    0x0800303a   0x0800303a   0x00000042   Code   RO         3554    i.Encode            nuccommu.o
    0x0800307c   0x0800307c   0x00000002   Code   RO           13    i.Error_Handler     main.o
    0x0800307e   0x0800307e   0x00000002   PAD
    0x08003080   0x08003080   0x0000014c   Code   RO         7222    i.HAL_ADC_ConfigChannel  stm32f4xx_hal_adc.o
    0x080031cc   0x080031cc   0x00000006   Code   RO         7229    i.HAL_ADC_GetValue  stm32f4xx_hal_adc.o
    0x080031d2   0x080031d2   0x00000054   Code   RO         7231    i.HAL_ADC_Init      stm32f4xx_hal_adc.o
    0x08003226   0x08003226   0x00000002   PAD
    0x08003228   0x08003228   0x0000007c   Code   RO          773    i.HAL_ADC_MspInit   adc.o
    0x080032a4   0x080032a4   0x000000a2   Code   RO         7235    i.HAL_ADC_PollForConversion  stm32f4xx_hal_adc.o
    0x08003346   0x08003346   0x00000002   PAD
    0x08003348   0x08003348   0x000000ec   Code   RO         7237    i.HAL_ADC_Start     stm32f4xx_hal_adc.o
    0x08003434   0x08003434   0x00000024   Code   RO         7493    i.HAL_CAN_ActivateNotification  stm32f4xx_hal_can.o
    0x08003458   0x08003458   0x000000c8   Code   RO         7494    i.HAL_CAN_AddTxMessage  stm32f4xx_hal_can.o
    0x08003520   0x08003520   0x0000010c   Code   RO         7495    i.HAL_CAN_ConfigFilter  stm32f4xx_hal_can.o
    0x0800362c   0x0800362c   0x00000002   Code   RO         7498    i.HAL_CAN_ErrorCallback  stm32f4xx_hal_can.o
    0x0800362e   0x0800362e   0x000000e8   Code   RO         7501    i.HAL_CAN_GetRxMessage  stm32f4xx_hal_can.o
    0x08003716   0x08003716   0x000001fc   Code   RO         7505    i.HAL_CAN_IRQHandler  stm32f4xx_hal_can.o
    0x08003912   0x08003912   0x0000011a   Code   RO         7506    i.HAL_CAN_Init      stm32f4xx_hal_can.o
    0x08003a2c   0x08003a2c   0x000000f8   Code   RO          821    i.HAL_CAN_MspInit   can.o
    0x08003b24   0x08003b24   0x00000002   Code   RO         7513    i.HAL_CAN_RxFifo0FullCallback  stm32f4xx_hal_can.o
    0x08003b26   0x08003b26   0x00000002   PAD
    0x08003b28   0x08003b28   0x000000a8   Code   RO         4172    i.HAL_CAN_RxFifo0MsgPendingCallback  can_receive.o
    0x08003bd0   0x08003bd0   0x00000002   Code   RO         7515    i.HAL_CAN_RxFifo1FullCallback  stm32f4xx_hal_can.o
    0x08003bd2   0x08003bd2   0x00000002   Code   RO         7516    i.HAL_CAN_RxFifo1MsgPendingCallback  stm32f4xx_hal_can.o
    0x08003bd4   0x08003bd4   0x00000002   Code   RO         7517    i.HAL_CAN_SleepCallback  stm32f4xx_hal_can.o
    0x08003bd6   0x08003bd6   0x00000056   Code   RO         7518    i.HAL_CAN_Start     stm32f4xx_hal_can.o
    0x08003c2c   0x08003c2c   0x00000002   Code   RO         7520    i.HAL_CAN_TxMailbox0AbortCallback  stm32f4xx_hal_can.o
    0x08003c2e   0x08003c2e   0x00000002   Code   RO         7521    i.HAL_CAN_TxMailbox0CompleteCallback  stm32f4xx_hal_can.o
    0x08003c30   0x08003c30   0x00000002   Code   RO         7522    i.HAL_CAN_TxMailbox1AbortCallback  stm32f4xx_hal_can.o
    0x08003c32   0x08003c32   0x00000002   Code   RO         7523    i.HAL_CAN_TxMailbox1CompleteCallback  stm32f4xx_hal_can.o
    0x08003c34   0x08003c34   0x00000002   Code   RO         7524    i.HAL_CAN_TxMailbox2AbortCallback  stm32f4xx_hal_can.o
    0x08003c36   0x08003c36   0x00000002   Code   RO         7525    i.HAL_CAN_TxMailbox2CompleteCallback  stm32f4xx_hal_can.o
    0x08003c38   0x08003c38   0x00000002   Code   RO         7527    i.HAL_CAN_WakeUpFromRxMsgCallback  stm32f4xx_hal_can.o
    0x08003c3a   0x08003c3a   0x00000026   Code   RO         7730    i.HAL_CRC_Init      stm32f4xx_hal_crc.o
    0x08003c60   0x08003c60   0x00000028   Code   RO          870    i.HAL_CRC_MspInit   crc.o
    0x08003c88   0x08003c88   0x000001a0   Code   RO         6555    i.HAL_DMA_IRQHandler  stm32f4xx_hal_dma.o
    0x08003e28   0x08003e28   0x000000d4   Code   RO         6556    i.HAL_DMA_Init      stm32f4xx_hal_dma.o
    0x08003efc   0x08003efc   0x0000008c   Code   RO         2822    i.HAL_GPIO_EXTI_Callback  ins_task.o
    0x08003f88   0x08003f88   0x00000018   Code   RO         6442    i.HAL_GPIO_EXTI_IRQHandler  stm32f4xx_hal_gpio.o
    0x08003fa0   0x08003fa0   0x000001c0   Code   RO         6443    i.HAL_GPIO_Init     stm32f4xx_hal_gpio.o
    0x08004160   0x08004160   0x0000000a   Code   RO         6447    i.HAL_GPIO_WritePin  stm32f4xx_hal_gpio.o
    0x0800416a   0x0800416a   0x00000002   PAD
    0x0800416c   0x0800416c   0x0000000c   Code   RO         6975    i.HAL_GetTick       stm32f4xx_hal.o
    0x08004178   0x08004178   0x00000174   Code   RO         7797    i.HAL_I2C_Init      stm32f4xx_hal_i2c.o
    0x080042ec   0x080042ec   0x0000012c   Code   RO         7810    i.HAL_I2C_Master_Transmit  stm32f4xx_hal_i2c.o
    0x08004418   0x08004418   0x000001f8   Code   RO         7815    i.HAL_I2C_Mem_Read  stm32f4xx_hal_i2c.o
    0x08004610   0x08004610   0x00000130   Code   RO         7818    i.HAL_I2C_Mem_Write  stm32f4xx_hal_i2c.o
    0x08004740   0x08004740   0x00000164   Code   RO          939    i.HAL_I2C_MspInit   i2c.o
    0x080048a4   0x080048a4   0x00000010   Code   RO         6981    i.HAL_IncTick       stm32f4xx_hal.o
    0x080048b4   0x080048b4   0x00000034   Code   RO         6982    i.HAL_Init          stm32f4xx_hal.o
    0x080048e8   0x080048e8   0x00000040   Code   RO         6983    i.HAL_InitTick      stm32f4xx_hal.o
    0x08004928   0x08004928   0x00000038   Code   RO         1828    i.HAL_MspInit       stm32f4xx_hal_msp.o
    0x08004960   0x08004960   0x0000001a   Code   RO         6832    i.HAL_NVIC_EnableIRQ  stm32f4xx_hal_cortex.o
    0x0800497a   0x0800497a   0x00000002   PAD
    0x0800497c   0x0800497c   0x00000040   Code   RO         6838    i.HAL_NVIC_SetPriority  stm32f4xx_hal_cortex.o
    0x080049bc   0x080049bc   0x00000024   Code   RO         6839    i.HAL_NVIC_SetPriorityGrouping  stm32f4xx_hal_cortex.o
    0x080049e0   0x080049e0   0x00000002   Code   RO         5747    i.HAL_PCDEx_LPM_Callback  stm32f4xx_hal_pcd_ex.o
    0x080049e2   0x080049e2   0x00000008   Code   RO         1317    i.HAL_PCD_ConnectCallback  usbd_conf.o
    0x080049ea   0x080049ea   0x00000012   Code   RO         1318    i.HAL_PCD_DataInStageCallback  usbd_conf.o
    0x080049fc   0x080049fc   0x00000014   Code   RO         1319    i.HAL_PCD_DataOutStageCallback  usbd_conf.o
    0x08004a10   0x08004a10   0x00000008   Code   RO         1320    i.HAL_PCD_DisconnectCallback  usbd_conf.o
    0x08004a18   0x08004a18   0x0000005c   Code   RO         5536    i.HAL_PCD_EP_ClrStall  stm32f4xx_hal_pcd.o
    0x08004a74   0x08004a74   0x00000060   Code   RO         5539    i.HAL_PCD_EP_Open   stm32f4xx_hal_pcd.o
    0x08004ad4   0x08004ad4   0x00000048   Code   RO         5540    i.HAL_PCD_EP_Receive  stm32f4xx_hal_pcd.o
    0x08004b1c   0x08004b1c   0x00000074   Code   RO         5541    i.HAL_PCD_EP_SetStall  stm32f4xx_hal_pcd.o
    0x08004b90   0x08004b90   0x00000040   Code   RO         5542    i.HAL_PCD_EP_Transmit  stm32f4xx_hal_pcd.o
    0x08004bd0   0x08004bd0   0x00000448   Code   RO         5544    i.HAL_PCD_IRQHandler  stm32f4xx_hal_pcd.o
    0x08005018   0x08005018   0x00000008   Code   RO         1321    i.HAL_PCD_ISOINIncompleteCallback  usbd_conf.o
    0x08005020   0x08005020   0x00000008   Code   RO         1322    i.HAL_PCD_ISOOUTIncompleteCallback  usbd_conf.o
    0x08005028   0x08005028   0x0000002c   Code   RO         1325    i.HAL_PCD_ResetCallback  usbd_conf.o
    0x08005054   0x08005054   0x00000008   Code   RO         1326    i.HAL_PCD_ResumeCallback  usbd_conf.o
    0x0800505c   0x0800505c   0x00000008   Code   RO         1327    i.HAL_PCD_SOFCallback  usbd_conf.o
    0x08005064   0x08005064   0x00000028   Code   RO         5553    i.HAL_PCD_SetAddress  stm32f4xx_hal_pcd.o
    0x0800508c   0x0800508c   0x0000000e   Code   RO         1328    i.HAL_PCD_SetupStageCallback  usbd_conf.o
    0x0800509a   0x0800509a   0x00000002   PAD
    0x0800509c   0x0800509c   0x00000030   Code   RO         1329    i.HAL_PCD_SuspendCallback  usbd_conf.o
    0x080050cc   0x080050cc   0x0000013c   Code   RO         6194    i.HAL_RCCEx_PeriphCLKConfig  stm32f4xx_hal_rcc_ex.o
    0x08005208   0x08005208   0x00000130   Code   RO         6089    i.HAL_RCC_ClockConfig  stm32f4xx_hal_rcc.o
    0x08005338   0x08005338   0x0000000c   Code   RO         6094    i.HAL_RCC_GetHCLKFreq  stm32f4xx_hal_rcc.o
    0x08005344   0x08005344   0x00000020   Code   RO         6096    i.HAL_RCC_GetPCLK1Freq  stm32f4xx_hal_rcc.o
    0x08005364   0x08005364   0x00000020   Code   RO         6097    i.HAL_RCC_GetPCLK2Freq  stm32f4xx_hal_rcc.o
    0x08005384   0x08005384   0x00000064   Code   RO         6098    i.HAL_RCC_GetSysClockFreq  stm32f4xx_hal_rcc.o
    0x080053e8   0x080053e8   0x00000314   Code   RO         6101    i.HAL_RCC_OscConfig  stm32f4xx_hal_rcc.o
    0x080056fc   0x080056fc   0x00000032   Code   RO         8235    i.HAL_RNG_Init      stm32f4xx_hal_rng.o
    0x0800572e   0x0800572e   0x00000002   PAD
    0x08005730   0x08005730   0x00000028   Code   RO          993    i.HAL_RNG_MspInit   rng.o
    0x08005758   0x08005758   0x000000ac   Code   RO         8336    i.HAL_RTC_Init      stm32f4xx_hal_rtc.o
    0x08005804   0x08005804   0x00000018   Code   RO         1035    i.HAL_RTC_MspInit   rtc.o
    0x0800581c   0x0800581c   0x00000034   Code   RO         8344    i.HAL_RTC_WaitForSynchro  stm32f4xx_hal_rtc.o
    0x08005850   0x08005850   0x00000080   Code   RO         8704    i.HAL_SPI_Init      stm32f4xx_hal_spi.o
    0x080058d0   0x080058d0   0x00000144   Code   RO         1077    i.HAL_SPI_MspInit   spi.o
    0x08005a14   0x08005a14   0x000001da   Code   RO         8713    i.HAL_SPI_TransmitReceive  stm32f4xx_hal_spi.o
    0x08005bee   0x08005bee   0x00000028   Code   RO         6843    i.HAL_SYSTICK_Config  stm32f4xx_hal_cortex.o
    0x08005c16   0x08005c16   0x00000054   Code   RO         9695    i.HAL_TIMEx_ConfigBreakDeadTime  stm32f4xx_hal_tim_ex.o
    0x08005c6a   0x08005c6a   0x00000042   Code   RO         9710    i.HAL_TIMEx_MasterConfigSynchronization  stm32f4xx_hal_tim_ex.o
    0x08005cac   0x08005cac   0x00000036   Code   RO         9017    i.HAL_TIM_Base_Init  stm32f4xx_hal_tim.o
    0x08005ce2   0x08005ce2   0x00000002   PAD
    0x08005ce4   0x08005ce4   0x000000ac   Code   RO         1125    i.HAL_TIM_Base_MspInit  tim.o
    0x08005d90   0x08005d90   0x00000024   Code   RO         9020    i.HAL_TIM_Base_Start  stm32f4xx_hal_tim.o
    0x08005db4   0x08005db4   0x000000d6   Code   RO         9026    i.HAL_TIM_ConfigClockSource  stm32f4xx_hal_tim.o
    0x08005e8a   0x08005e8a   0x00000002   PAD
    0x08005e8c   0x08005e8c   0x00000204   Code   RO         1126    i.HAL_TIM_MspPostInit  tim.o
    0x08006090   0x08006090   0x000000d0   Code   RO         9084    i.HAL_TIM_PWM_ConfigChannel  stm32f4xx_hal_tim.o
    0x08006160   0x08006160   0x00000036   Code   RO         9087    i.HAL_TIM_PWM_Init  stm32f4xx_hal_tim.o
    0x08006196   0x08006196   0x00000002   Code   RO         9089    i.HAL_TIM_PWM_MspInit  stm32f4xx_hal_tim.o
    0x08006198   0x08006198   0x00000044   Code   RO         9092    i.HAL_TIM_PWM_Start  stm32f4xx_hal_tim.o
    0x080061dc   0x080061dc   0x00000062   Code   RO         9968    i.HAL_UART_Init     stm32f4xx_hal_uart.o
    0x0800623e   0x0800623e   0x00000002   PAD
    0x08006240   0x08006240   0x00000268   Code   RO         1203    i.HAL_UART_MspInit  usart.o
    0x080064a8   0x080064a8   0x000000ba   Code   RO         9976    i.HAL_UART_Transmit  stm32f4xx_hal_uart.o
    0x08006562   0x08006562   0x00000002   Code   RO         1662    i.HardFault_Handler  stm32f4xx_it.o
    0x08006564   0x08006564   0x00000024   Code   RO         2306    i.I2C2_DMA_transmit  bsp_i2c.o
    0x08006588   0x08006588   0x00000070   Code   RO         2307    i.I2C2_tx_DMA_enable  bsp_i2c.o
    0x080065f8   0x080065f8   0x00000074   Code   RO         2308    i.I2C2_tx_DMA_init  bsp_i2c.o
    0x0800666c   0x0800666c   0x0000002e   Code   RO         7839    i.I2C_IsAcknowledgeFailed  stm32f4xx_hal_i2c.o
    0x0800669a   0x0800669a   0x00000002   PAD
    0x0800669c   0x0800669c   0x00000088   Code   RO         7843    i.I2C_MasterRequestWrite  stm32f4xx_hal_i2c.o
    0x08006724   0x08006724   0x000000e6   Code   RO         7848    i.I2C_RequestMemoryRead  stm32f4xx_hal_i2c.o
    0x0800680a   0x0800680a   0x00000002   PAD
    0x0800680c   0x0800680c   0x00000094   Code   RO         7849    i.I2C_RequestMemoryWrite  stm32f4xx_hal_i2c.o
    0x080068a0   0x080068a0   0x000000a8   Code   RO         2309    i.I2C_TX_DMA_START  bsp_i2c.o
    0x08006948   0x08006948   0x0000004c   Code   RO         7852    i.I2C_WaitOnBTFFlagUntilTimeout  stm32f4xx_hal_i2c.o
    0x08006994   0x08006994   0x00000068   Code   RO         7853    i.I2C_WaitOnFlagUntilTimeout  stm32f4xx_hal_i2c.o
    0x080069fc   0x080069fc   0x00000098   Code   RO         7854    i.I2C_WaitOnMasterAddressFlagUntilTimeout  stm32f4xx_hal_i2c.o
    0x08006a94   0x08006a94   0x0000006a   Code   RO         7855    i.I2C_WaitOnRXNEFlagUntilTimeout  stm32f4xx_hal_i2c.o
    0x08006afe   0x08006afe   0x0000004c   Code   RO         7856    i.I2C_WaitOnTXEFlagUntilTimeout  stm32f4xx_hal_i2c.o
    0x08006b4a   0x08006b4a   0x00000002   PAD
    0x08006b4c   0x08006b4c   0x00000060   Code   RO         2823    i.INS_cali_gyro     ins_task.o
    0x08006bac   0x08006bac   0x00000028   Code   RO         2824    i.INS_set_cali_gyro  ins_task.o
    0x08006bd4   0x08006bd4   0x000002b4   Code   RO         2825    i.INS_task          ins_task.o
    0x08006e88   0x08006e88   0x00000064   Code   RO          774    i.MX_ADC1_Init      adc.o
    0x08006eec   0x08006eec   0x00000064   Code   RO          775    i.MX_ADC3_Init      adc.o
    0x08006f50   0x08006f50   0x00000044   Code   RO          822    i.MX_CAN1_Init      can.o
    0x08006f94   0x08006f94   0x00000044   Code   RO          823    i.MX_CAN2_Init      can.o
    0x08006fd8   0x08006fd8   0x00000024   Code   RO          871    i.MX_CRC_Init       crc.o
    0x08006ffc   0x08006ffc   0x000000ac   Code   RO          911    i.MX_DMA_Init       dma.o
    0x080070a8   0x080070a8   0x00000104   Code   RO          507    i.MX_FREERTOS_Init  freertos.o
    0x080071ac   0x080071ac   0x000001cc   Code   RO          352    i.MX_GPIO_Init      gpio.o
    0x08007378   0x08007378   0x00000040   Code   RO          940    i.MX_I2C1_Init      i2c.o
    0x080073b8   0x080073b8   0x00000040   Code   RO          941    i.MX_I2C2_Init      i2c.o
    0x080073f8   0x080073f8   0x00000040   Code   RO          942    i.MX_I2C3_Init      i2c.o
    0x08007438   0x08007438   0x00000024   Code   RO          994    i.MX_RNG_Init       rng.o
    0x0800745c   0x0800745c   0x00000038   Code   RO         1036    i.MX_RTC_Init       rtc.o
    0x08007494   0x08007494   0x00000048   Code   RO         1078    i.MX_SPI1_Init      spi.o
    0x080074dc   0x080074dc   0x00000048   Code   RO         1079    i.MX_SPI2_Init      spi.o
    0x08007524   0x08007524   0x00000064   Code   RO         1127    i.MX_TIM10_Init     tim.o
    0x08007588   0x08007588   0x000000fc   Code   RO         1128    i.MX_TIM1_Init      tim.o
    0x08007684   0x08007684   0x00000098   Code   RO         1129    i.MX_TIM3_Init      tim.o
    0x0800771c   0x0800771c   0x00000098   Code   RO         1130    i.MX_TIM4_Init      tim.o
    0x080077b4   0x080077b4   0x000000b8   Code   RO         1131    i.MX_TIM5_Init      tim.o
    0x0800786c   0x0800786c   0x000000dc   Code   RO         1132    i.MX_TIM8_Init      tim.o
    0x08007948   0x08007948   0x00000038   Code   RO         1204    i.MX_USART1_UART_Init  usart.o
    0x08007980   0x08007980   0x00000040   Code   RO         1205    i.MX_USART3_UART_Init  usart.o
    0x080079c0   0x080079c0   0x00000038   Code   RO         1206    i.MX_USART6_UART_Init  usart.o
    0x080079f8   0x080079f8   0x00000002   Code   RO         1663    i.MemManage_Handler  stm32f4xx_it.o
    0x080079fa   0x080079fa   0x00000002   Code   RO         1664    i.NMI_Handler       stm32f4xx_it.o
    0x080079fc   0x080079fc   0x00000060   Code   RO         2620    i.NUC_com_init      bsp_nuccom.o
    0x08007a5c   0x08007a5c   0x00000020   Code   RO         4442    i.OLED_LOGO         oled.o
    0x08007a7c   0x08007a7c   0x0000000c   Code   RO         4443    i.OLED_check_ack    oled.o
    0x08007a88   0x08007a88   0x00000024   Code   RO         4444    i.OLED_com_reset    oled.o
    0x08007aac   0x08007aac   0x0000003c   Code   RO         4448    i.OLED_draw_point   oled.o
    0x08007ae8   0x08007ae8   0x000000fa   Code   RO         4449    i.OLED_init         oled.o
    0x08007be2   0x08007be2   0x00000002   PAD
    0x08007be4   0x08007be4   0x00000044   Code   RO         4450    i.OLED_operate_gram  oled.o
    0x08007c28   0x08007c28   0x00000038   Code   RO         4451    i.OLED_printf       oled.o
    0x08007c60   0x08007c60   0x00000024   Code   RO         4452    i.OLED_refresh_gram  oled.o
    0x08007c84   0x08007c84   0x0000003e   Code   RO         4453    i.OLED_set_pos      oled.o
    0x08007cc2   0x08007cc2   0x00000002   PAD
    0x08007cc4   0x08007cc4   0x00000068   Code   RO         4454    i.OLED_show_char    oled.o
    0x08007d2c   0x08007d2c   0x00000070   Code   RO         4455    i.OLED_show_graphic  oled.o
    0x08007d9c   0x08007d9c   0x0000002e   Code   RO         4456    i.OLED_show_string  oled.o
    0x08007dca   0x08007dca   0x00000002   PAD
    0x08007dcc   0x08007dcc   0x0000000c   Code   RO         1665    i.OTG_FS_IRQHandler  stm32f4xx_it.o
    0x08007dd8   0x08007dd8   0x000000d8   Code   RO         5558    i.PCD_EP_OutXfrComplete_int  stm32f4xx_hal_pcd.o
    0x08007eb0   0x08007eb0   0x00000098   Code   RO         5559    i.PCD_WriteEmptyTxFifo  stm32f4xx_hal_pcd.o
    0x08007f48   0x08007f48   0x00000128   Code   RO         5490    i.PID_calc          pid.o
    0x08008070   0x08008070   0x00000040   Code   RO         5491    i.PID_clear         pid.o
    0x080080b0   0x080080b0   0x0000005c   Code   RO         5492    i.PID_init          pid.o
    0x0800810c   0x0800810c   0x00000060   Code   RO         2438    i.RC_Init           bsp_rc.o
    0x0800816c   0x0800816c   0x0000003c   Code   RO         2439    i.RC_restart        bsp_rc.o
    0x080081a8   0x080081a8   0x00000014   Code   RO         2440    i.RC_unable         bsp_rc.o
    0x080081bc   0x080081bc   0x00000038   Code   RO         8347    i.RTC_EnterInitMode  stm32f4xx_hal_rtc.o
    0x080081f4   0x080081f4   0x00001274   Code   RO         2512    i.SPI1_DMA_enable   bsp_spi.o
    0x08009468   0x08009468   0x00000100   Code   RO         2513    i.SPI1_DMA_init     bsp_spi.o
    0x08009568   0x08009568   0x00000058   Code   RO         8742    i.SPI_EndRxTxTransaction  stm32f4xx_hal_spi.o
    0x080095c0   0x080095c0   0x00000094   Code   RO         8747    i.SPI_WaitFlagStateUntilTimeout  stm32f4xx_hal_spi.o
    0x08009654   0x08009654   0x00000018   Code   RO         1666    i.SysTick_Handler   stm32f4xx_it.o
    0x0800966c   0x0800966c   0x0000009c   Code   RO           14    i.SystemClock_Config  main.o
    0x08009708   0x08009708   0x00000054   Code   RO         1853    i.SystemInit        system_stm32f4xx.o
    0x0800975c   0x0800975c   0x000000c8   Code   RO         9105    i.TIM_Base_SetConfig  stm32f4xx_hal_tim.o
    0x08009824   0x08009824   0x0000001a   Code   RO         9106    i.TIM_CCxChannelCmd  stm32f4xx_hal_tim.o
    0x0800983e   0x0800983e   0x00000014   Code   RO         9116    i.TIM_ETR_SetConfig  stm32f4xx_hal_tim.o
    0x08009852   0x08009852   0x00000010   Code   RO         9117    i.TIM_ITRx_SetConfig  stm32f4xx_hal_tim.o
    0x08009862   0x08009862   0x00000002   PAD
    0x08009864   0x08009864   0x00000060   Code   RO         9118    i.TIM_OC1_SetConfig  stm32f4xx_hal_tim.o
    0x080098c4   0x080098c4   0x0000006c   Code   RO         9119    i.TIM_OC2_SetConfig  stm32f4xx_hal_tim.o
    0x08009930   0x08009930   0x00000068   Code   RO         9120    i.TIM_OC3_SetConfig  stm32f4xx_hal_tim.o
    0x08009998   0x08009998   0x00000050   Code   RO         9121    i.TIM_OC4_SetConfig  stm32f4xx_hal_tim.o
    0x080099e8   0x080099e8   0x00000022   Code   RO         9123    i.TIM_TI1_ConfigInputStage  stm32f4xx_hal_tim.o
    0x08009a0a   0x08009a0a   0x00000024   Code   RO         9125    i.TIM_TI2_ConfigInputStage  stm32f4xx_hal_tim.o
    0x08009a2e   0x08009a2e   0x00000002   PAD
    0x08009a30   0x08009a30   0x000002ac   Code   RO         9994    i.UART_SetConfig    stm32f4xx_hal_uart.o
    0x08009cdc   0x08009cdc   0x00000062   Code   RO         9996    i.UART_WaitOnFlagUntilTimeout  stm32f4xx_hal_uart.o
    0x08009d3e   0x08009d3e   0x00000002   PAD
    0x08009d40   0x08009d40   0x000000e4   Code   RO         3556    i.USART1_IRQHandler  nuccommu.o
    0x08009e24   0x08009e24   0x000000ac   Code   RO         3114    i.USART3_IRQHandler  remote_control.o
    0x08009ed0   0x08009ed0   0x00000098   Code   RO         3063    i.USART6_IRQHandler  referee_usart_task.o
    0x08009f68   0x08009f68   0x0000000e   Code   RO        11726    i.USBD_ClrClassConfig  usbd_core.o
    0x08009f76   0x08009f76   0x00000010   Code   RO        11929    i.USBD_CtlContinueRx  usbd_ioreq.o
    0x08009f86   0x08009f86   0x00000010   Code   RO        11930    i.USBD_CtlContinueSendData  usbd_ioreq.o
    0x08009f96   0x08009f96   0x00000016   Code   RO        11864    i.USBD_CtlError     usbd_ctlreq.o
    0x08009fac   0x08009fac   0x00000016   Code   RO        11932    i.USBD_CtlReceiveStatus  usbd_ioreq.o
    0x08009fc2   0x08009fc2   0x0000001a   Code   RO        11933    i.USBD_CtlSendData  usbd_ioreq.o
    0x08009fdc   0x08009fdc   0x00000016   Code   RO        11934    i.USBD_CtlSendStatus  usbd_ioreq.o
    0x08009ff2   0x08009ff2   0x000000e8   Code   RO        11865    i.USBD_GetDescriptor  usbd_ctlreq.o
    0x0800a0da   0x0800a0da   0x00000018   Code   RO         1330    i.USBD_Get_USB_Status  usbd_conf.o
    0x0800a0f2   0x0800a0f2   0x00000012   Code   RO         1331    i.USBD_LL_ClearStallEP  usbd_conf.o
    0x0800a104   0x0800a104   0x000000c6   Code   RO        11729    i.USBD_LL_DataInStage  usbd_core.o
    0x0800a1ca   0x0800a1ca   0x00000082   Code   RO        11730    i.USBD_LL_DataOutStage  usbd_core.o
    0x0800a24c   0x0800a24c   0x00000004   Code   RO        11731    i.USBD_LL_DevConnected  usbd_core.o
    0x0800a250   0x0800a250   0x00000016   Code   RO        11732    i.USBD_LL_DevDisconnected  usbd_core.o
    0x0800a266   0x0800a266   0x00000020   Code   RO         1338    i.USBD_LL_IsStallEP  usbd_conf.o
    0x0800a286   0x0800a286   0x00000004   Code   RO        11733    i.USBD_LL_IsoINIncomplete  usbd_core.o
    0x0800a28a   0x0800a28a   0x00000004   Code   RO        11734    i.USBD_LL_IsoOUTIncomplete  usbd_core.o
    0x0800a28e   0x0800a28e   0x00000018   Code   RO         1339    i.USBD_LL_OpenEP    usbd_conf.o
    0x0800a2a6   0x0800a2a6   0x00000012   Code   RO         1340    i.USBD_LL_PrepareReceive  usbd_conf.o
    0x0800a2b8   0x0800a2b8   0x00000050   Code   RO        11735    i.USBD_LL_Reset     usbd_core.o
    0x0800a308   0x0800a308   0x0000000c   Code   RO        11736    i.USBD_LL_Resume    usbd_core.o
    0x0800a314   0x0800a314   0x00000018   Code   RO        11737    i.USBD_LL_SOF       usbd_core.o
    0x0800a32c   0x0800a32c   0x00000006   Code   RO        11738    i.USBD_LL_SetSpeed  usbd_core.o
    0x0800a332   0x0800a332   0x00000012   Code   RO         1341    i.USBD_LL_SetUSBAddress  usbd_conf.o
    0x0800a344   0x0800a344   0x0000005a   Code   RO        11739    i.USBD_LL_SetupStage  usbd_core.o
    0x0800a39e   0x0800a39e   0x00000012   Code   RO         1342    i.USBD_LL_StallEP   usbd_conf.o
    0x0800a3b0   0x0800a3b0   0x00000012   Code   RO        11740    i.USBD_LL_Suspend   usbd_core.o
    0x0800a3c2   0x0800a3c2   0x00000012   Code   RO         1345    i.USBD_LL_Transmit  usbd_conf.o
    0x0800a3d4   0x0800a3d4   0x00000028   Code   RO        11867    i.USBD_ParseSetupRequest  usbd_ctlreq.o
    0x0800a3fc   0x0800a3fc   0x00000016   Code   RO        11743    i.USBD_SetClassConfig  usbd_core.o
    0x0800a412   0x0800a412   0x00000002   PAD
    0x0800a414   0x0800a414   0x00000084   Code   RO        11868    i.USBD_SetConfig    usbd_ctlreq.o
    0x0800a498   0x0800a498   0x00000112   Code   RO        11869    i.USBD_StdDevReq    usbd_ctlreq.o
    0x0800a5aa   0x0800a5aa   0x00000150   Code   RO        11870    i.USBD_StdEPReq     usbd_ctlreq.o
    0x0800a6fa   0x0800a6fa   0x0000004e   Code   RO        11871    i.USBD_StdItfReq    usbd_ctlreq.o
    0x0800a748   0x0800a748   0x00000080   Code   RO         5789    i.USB_ActivateEndpoint  stm32f4xx_ll_usb.o
    0x0800a7c8   0x0800a7c8   0x00000034   Code   RO         5791    i.USB_ActivateSetup  stm32f4xx_ll_usb.o
    0x0800a7fc   0x0800a7fc   0x00000118   Code   RO         5804    i.USB_EP0StartXfer  stm32f4xx_ll_usb.o
    0x0800a914   0x0800a914   0x00000058   Code   RO         5805    i.USB_EP0_OutStart  stm32f4xx_ll_usb.o
    0x0800a96c   0x0800a96c   0x00000058   Code   RO         5806    i.USB_EPClearStall  stm32f4xx_ll_usb.o
    0x0800a9c4   0x0800a9c4   0x00000058   Code   RO         5807    i.USB_EPSetStall    stm32f4xx_ll_usb.o
    0x0800aa1c   0x0800aa1c   0x000001e4   Code   RO         5808    i.USB_EPStartXfer   stm32f4xx_ll_usb.o
    0x0800ac00   0x0800ac00   0x00000024   Code   RO         5811    i.USB_FlushTxFifo   stm32f4xx_ll_usb.o
    0x0800ac24   0x0800ac24   0x0000001a   Code   RO         5813    i.USB_GetDevSpeed   stm32f4xx_ll_usb.o
    0x0800ac3e   0x0800ac3e   0x00000008   Code   RO         5815    i.USB_GetMode       stm32f4xx_ll_usb.o
    0x0800ac46   0x0800ac46   0x0000000e   Code   RO         5822    i.USB_ReadDevAllInEpInterrupt  stm32f4xx_ll_usb.o
    0x0800ac54   0x0800ac54   0x0000000e   Code   RO         5823    i.USB_ReadDevAllOutEpInterrupt  stm32f4xx_ll_usb.o
    0x0800ac62   0x0800ac62   0x00000024   Code   RO         5824    i.USB_ReadDevInEPInterrupt  stm32f4xx_ll_usb.o
    0x0800ac86   0x0800ac86   0x00000010   Code   RO         5825    i.USB_ReadDevOutEPInterrupt  stm32f4xx_ll_usb.o
    0x0800ac96   0x0800ac96   0x00000008   Code   RO         5826    i.USB_ReadInterrupts  stm32f4xx_ll_usb.o
    0x0800ac9e   0x0800ac9e   0x0000001e   Code   RO         5827    i.USB_ReadPacket    stm32f4xx_ll_usb.o
    0x0800acbc   0x0800acbc   0x00000022   Code   RO         5830    i.USB_SetDevAddress  stm32f4xx_ll_usb.o
    0x0800acde   0x0800acde   0x00000002   PAD
    0x0800ace0   0x0800ace0   0x000000e8   Code   RO         5832    i.USB_SetTurnaroundTime  stm32f4xx_ll_usb.o
    0x0800adc8   0x0800adc8   0x00000024   Code   RO         5835    i.USB_WritePacket   stm32f4xx_ll_usb.o
    0x0800adec   0x0800adec   0x00000002   Code   RO         1668    i.UsageFault_Handler  stm32f4xx_it.o
    0x0800adee   0x0800adee   0x00000030   Code   RO        12878    i.__ARM_fpclassify  m_wm.l(fpclassify.o)
    0x0800ae1e   0x0800ae1e   0x00000026   Code   RO        12725    i.__ARM_fpclassifyf  m_wm.l(fpclassifyf.o)
    0x0800ae44   0x0800ae44   0x00000020   Code   RO         6845    i.__NVIC_SetPriority  stm32f4xx_hal_cortex.o
    0x0800ae64   0x0800ae64   0x0000012c   Code   RO        12456    i.__hardfp_asinf    m_wm.l(asinf.o)
    0x0800af90   0x0800af90   0x00000250   Code   RO        12468    i.__hardfp_atan2f   m_wm.l(atan2f.o)
    0x0800b1e0   0x0800b1e0   0x0000003a   Code   RO        12512    i.__hardfp_sqrtf    m_wm.l(sqrtf_full.o)
    0x0800b21a   0x0800b21a   0x00000006   Code   RO        12728    i.__mathlib_flt_infnan  m_wm.l(funder.o)
    0x0800b220   0x0800b220   0x00000006   Code   RO        12729    i.__mathlib_flt_infnan2  m_wm.l(funder.o)
    0x0800b226   0x0800b226   0x00000002   PAD
    0x0800b228   0x0800b228   0x00000010   Code   RO        12730    i.__mathlib_flt_invalid  m_wm.l(funder.o)
    0x0800b238   0x0800b238   0x00000010   Code   RO        12733    i.__mathlib_flt_underflow  m_wm.l(funder.o)
    0x0800b248   0x0800b248   0x0000000e   Code   RO        12616    i._is_digit         c_w.l(__printf_wp.o)
    0x0800b256   0x0800b256   0x00000002   PAD
    0x0800b258   0x0800b258   0x0000003c   Code   RO         2409    i.aRGB_led_show     bsp_led.o
    0x0800b294   0x0800b294   0x000001d0   Code   RO        12095    i.accel_comple_filter  AHRS.lib(ahrs.o)
    0x0800b464   0x0800b464   0x0000018c   Code   RO        12096    i.accel_update_kp_ki  AHRS.lib(ahrs.o)
    0x0800b5f0   0x0800b5f0   0x0000003c   Code   RO         1890    i.adcx_get_chx_value  bsp_adc.o
    0x0800b62c   0x0800b62c   0x0000016c   Code   RO        12097    i.angle_to_quat     AHRS.lib(ahrs.o)
    0x0800b798   0x0800b798   0x0000002c   Code   RO         3270    i.battery_voltage_task  voltage_task.o
    0x0800b7c4   0x0800b7c4   0x00000128   Code   RO         4573    i.bmi088_accel_init  bmi088driver.o
    0x0800b8ec   0x0800b8ec   0x000002bc   Code   RO         4574    i.bmi088_accel_self_test  bmi088driver.o
    0x0800bba8   0x0800bba8   0x000000dc   Code   RO         4575    i.bmi088_gyro_init  bmi088driver.o
    0x0800bc84   0x0800bc84   0x000000c8   Code   RO         4576    i.bmi088_gyro_self_test  bmi088driver.o
    0x0800bd4c   0x0800bd4c   0x000000d4   Code   RO         2310    i.bsp_I2C_check_ack  bsp_i2c.o
    0x0800be20   0x0800be20   0x00000030   Code   RO         2311    i.bsp_I2C_master_transmit  bsp_i2c.o
    0x0800be50   0x0800be50   0x0000004c   Code   RO         2312    i.bsp_I2C_reset     bsp_i2c.o
    0x0800be9c   0x0800be9c   0x00000010   Code   RO         2037    i.buzzer_off        bsp_buzzer.o
    0x0800beac   0x0800beac   0x00000010   Code   RO         2038    i.buzzer_on         bsp_buzzer.o
    0x0800bebc   0x0800bebc   0x0000008c   Code   RO         4037    i.calcGiveCurrent   naive_shoot_task.o
    0x0800bf48   0x0800bf48   0x00000084   Code   RO         3643    i.calcPID           naive_gimbal_task.o
    0x0800bfcc   0x0800bfcc   0x000000c8   Code   RO         3271    i.calc_battery_percentage  voltage_task.o
    0x0800c094   0x0800c094   0x0000008c   Code   RO         2646    i.cali_data_read    calibrate_task.o
    0x0800c120   0x0800c120   0x00000004   Code   RO         2648    i.cali_gimbal_hook  calibrate_task.o
    0x0800c124   0x0800c124   0x00000054   Code   RO         2649    i.cali_gyro_hook    calibrate_task.o
    0x0800c178   0x0800c178   0x0000003c   Code   RO         2650    i.cali_head_hook    calibrate_task.o
    0x0800c1b4   0x0800c1b4   0x00000078   Code   RO         2651    i.cali_param_init   calibrate_task.o
    0x0800c22c   0x0800c22c   0x00000058   Code   RO         2071    i.can_filter_init   bsp_can.o
    0x0800c284   0x0800c284   0x00000028   Code   RO         2139    i.delay_init        bsp_delay.o
    0x0800c2ac   0x0800c2ac   0x00000034   Code   RO         2141    i.delay_us          bsp_delay.o
    0x0800c2e0   0x0800c2e0   0x00000050   Code   RO         2763    i.detect_hook       detect_task.o
    0x0800c330   0x0800c330   0x00000088   Code   RO         2764    i.detect_init       detect_task.o
    0x0800c3b8   0x0800c3b8   0x000000f8   Code   RO         2765    i.detect_task       detect_task.o
    0x0800c4b0   0x0800c4b0   0x0000002c   Code   RO         5239    i.fifo_s_get        fifo.o
    0x0800c4dc   0x0800c4dc   0x00000016   Code   RO         5242    i.fifo_s_init       fifo.o
    0x0800c4f2   0x0800c4f2   0x0000007c   Code   RO         5248    i.fifo_s_puts       fifo.o
    0x0800c56e   0x0800c56e   0x00000004   Code   RO         5250    i.fifo_s_used       fifo.o
    0x0800c572   0x0800c572   0x0000004e   Code   RO         5051    i.first_order_filter_cali  user_lib.o
    0x0800c5c0   0x0800c5c0   0x00000012   Code   RO         5052    i.first_order_filter_init  user_lib.o
    0x0800c5d2   0x0800c5d2   0x0000000c   Code   RO         2181    i.flash_read        bsp_flash.o
    0x0800c5de   0x0800c5de   0x00000002   PAD
    0x0800c5e0   0x0800c5e0   0x000001b0   Code   RO         3645    i.getControlAngles  naive_gimbal_task.o
    0x0800c790   0x0800c790   0x000000cc   Code   RO         4038    i.getInstructionAndBuff  naive_shoot_task.o
    0x0800c85c   0x0800c85c   0x00000008   Code   RO         4112    i.getRobotPresentMode  robot_total_mode.o
    0x0800c864   0x0800c864   0x00000008   Code   RO         4039    i.getTriggerCurrentP  naive_shoot_task.o
    0x0800c86c   0x0800c86c   0x0000002c   Code   RO         5163    i.get_CRC16_check_sum  crc8_crc16.o
    0x0800c898   0x0800c898   0x0000001c   Code   RO         5164    i.get_CRC8_check_sum  crc8_crc16.o
    0x0800c8b4   0x0800c8b4   0x00000008   Code   RO         2826    i.get_INS_angle_point  ins_task.o
    0x0800c8bc   0x0800c8bc   0x000000e8   Code   RO        12098    i.get_angle         AHRS.lib(ahrs.o)
    0x0800c9a4   0x0800c9a4   0x00000024   Code   RO         3272    i.get_battery_percentage  voltage_task.o
    0x0800c9c8   0x0800c9c8   0x00000034   Code   RO         1891    i.get_battery_voltage  bsp_adc.o
    0x0800c9fc   0x0800c9fc   0x0000000c   Code   RO         2653    i.get_control_temperature  calibrate_task.o
    0x0800ca08   0x0800ca08   0x00000008   Code   RO         2766    i.get_error_list_point  detect_task.o
    0x0800ca10   0x0800ca10   0x00000008   Code   RO         3558    i.get_nuc_control_point  nuccommu.o
    0x0800ca18   0x0800ca18   0x00000008   Code   RO         4174    i.get_pitch_gimbal_motor_measure_point  can_receive.o
    0x0800ca20   0x0800ca20   0x00000008   Code   RO         3115    i.get_remote_control_point  remote_control.o
    0x0800ca28   0x0800ca28   0x00000014   Code   RO         4175    i.get_shoot_motor_measure_point  can_receive.o
    0x0800ca3c   0x0800ca3c   0x00000044   Code   RO         1893    i.get_temprate      bsp_adc.o
    0x0800ca80   0x0800ca80   0x00000008   Code   RO         4176    i.get_trigger_motor_measure_point  can_receive.o
    0x0800ca88   0x0800ca88   0x00000008   Code   RO         3647    i.get_wantedyaw_point  naive_gimbal_task.o
    0x0800ca90   0x0800ca90   0x00000008   Code   RO         4177    i.get_yaw_gimbal_motor_measure_point  can_receive.o
    0x0800ca98   0x0800ca98   0x00000174   Code   RO         3648    i.gimbal_PID_calc   naive_gimbal_task.o
    0x0800cc0c   0x0800cc0c   0x00000148   Code   RO         3649    i.gimbal_task       naive_gimbal_task.o
    0x0800cd54   0x0800cd54   0x0000004c   Code   RO         2831    i.gyro_offset_calc  ins_task.o
    0x0800cda0   0x0800cda0   0x000000ec   Code   RO         2832    i.imu_cali_slove    ins_task.o
    0x0800ce8c   0x0800ce8c   0x000000f8   Code   RO         2833    i.imu_cmd_spi_dma   ins_task.o
    0x0800cf84   0x0800cf84   0x0000000c   Code   RO         2277    i.imu_pwm_set       bsp_imu_pwm.o
    0x0800cf90   0x0800cf90   0x00000098   Code   RO         2834    i.imu_temp_control  ins_task.o
    0x0800d028   0x0800d028   0x00000150   Code   RO         3650    i.initGimbalCtrls   naive_gimbal_task.o
    0x0800d178   0x0800d178   0x00000070   Code   RO         2997    i.init_referee_struct_data  referee.o
    0x0800d1e8   0x0800d1e8   0x0000003c   Code   RO         1894    i.init_vrefint_reciprocal  bsp_adc.o
    0x0800d224   0x0800d224   0x00000002   Code   RO         4801    i.ist8310_GPIO_init  ist8310driver_middleware.o
    0x0800d226   0x0800d226   0x00000002   PAD
    0x0800d228   0x0800d228   0x00000024   Code   RO         4803    i.ist8310_IIC_read_single_reg  ist8310driver_middleware.o
    0x0800d24c   0x0800d24c   0x00000020   Code   RO         4805    i.ist8310_IIC_write_single_reg  ist8310driver_middleware.o
    0x0800d26c   0x0800d26c   0x00000010   Code   RO         4806    i.ist8310_RST_H     ist8310driver_middleware.o
    0x0800d27c   0x0800d27c   0x00000010   Code   RO         4807    i.ist8310_RST_L     ist8310driver_middleware.o
    0x0800d28c   0x0800d28c   0x00000002   Code   RO         4808    i.ist8310_com_init  ist8310driver_middleware.o
    0x0800d28e   0x0800d28e   0x00000004   Code   RO         4809    i.ist8310_delay_ms  ist8310driver_middleware.o
    0x0800d292   0x0800d292   0x00000002   PAD
    0x0800d294   0x0800d294   0x0000007c   Code   RO         4769    i.ist8310_init      ist8310driver.o
    0x0800d310   0x0800d310   0x00000118   Code   RO         3311    i.led_RGB_flow_task  led_flow_task.o
    0x0800d428   0x0800d428   0x00000086   Code   RO           15    i.main              main.o
    0x0800d4ae   0x0800d4ae   0x0000000c   Code   RO        11218    i.makeFreeRtosPriority  cmsis_os.o
    0x0800d4ba   0x0800d4ba   0x000000aa   Code   RO         3653    i.monitorRounds     naive_gimbal_task.o
    0x0800d564   0x0800d564   0x000000ac   Code   RO         4040    i.monitorTriggerECDRound  naive_shoot_task.o
    0x0800d610   0x0800d610   0x00000010   Code   RO         3559    i.nuc_control_init  nuccommu.o
    0x0800d620   0x0800d620   0x00000224   Code   RO         2944    i.oled_task         oled_task.o
    0x0800d844   0x0800d844   0x00000020   Code   RO         4457    i.oled_write_byte   oled.o
    0x0800d864   0x0800d864   0x0000000e   Code   RO        11220    i.osDelay           cmsis_os.o
    0x0800d872   0x0800d872   0x0000000a   Code   RO        11223    i.osKernelStart     cmsis_os.o
    0x0800d87c   0x0800d87c   0x00000054   Code   RO        11257    i.osThreadCreate    cmsis_os.o
    0x0800d8d0   0x0800d8d0   0x00000020   Code   RO        10741    i.pcTaskGetName     tasks.o
    0x0800d8f0   0x0800d8f0   0x00000078   Code   RO        10742    i.prvAddCurrentTaskToDelayedList  tasks.o
    0x0800d968   0x0800d968   0x000000d0   Code   RO        10743    i.prvAddNewTaskToReadyList  tasks.o
    0x0800da38   0x0800da38   0x00000058   Code   RO        11075    i.prvCheckForValidListAndQueue  timers.o
    0x0800da90   0x0800da90   0x00000026   Code   RO        10414    i.prvCopyDataFromQueue  queue.o
    0x0800dab6   0x0800dab6   0x0000006c   Code   RO        10415    i.prvCopyDataToQueue  queue.o
    0x0800db22   0x0800db22   0x00000034   Code   RO        10744    i.prvDeleteTCB      tasks.o
    0x0800db56   0x0800db56   0x00000002   PAD
    0x0800db58   0x0800db58   0x0000004c   Code   RO        11597    i.prvHeapInit       heap_4.o
    0x0800dba4   0x0800dba4   0x0000005c   Code   RO        10745    i.prvIdleTask       tasks.o
    0x0800dc00   0x0800dc00   0x00000016   Code   RO        10417    i.prvInitialiseNewQueue  queue.o
    0x0800dc16   0x0800dc16   0x000000a0   Code   RO        10746    i.prvInitialiseNewTask  tasks.o
    0x0800dcb6   0x0800dcb6   0x00000002   PAD
    0x0800dcb8   0x0800dcb8   0x0000004c   Code   RO        11598    i.prvInsertBlockIntoFreeList  heap_4.o
    0x0800dd04   0x0800dd04   0x00000038   Code   RO        11077    i.prvInsertTimerInActiveList  timers.o
    0x0800dd3c   0x0800dd3c   0x0000001a   Code   RO        10418    i.prvIsQueueEmpty   queue.o
    0x0800dd56   0x0800dd56   0x00000002   PAD
    0x0800dd58   0x0800dd58   0x000000cc   Code   RO        11078    i.prvProcessReceivedCommands  timers.o
    0x0800de24   0x0800de24   0x000000b4   Code   RO        11079    i.prvProcessTimerOrBlockTask  timers.o
    0x0800ded8   0x0800ded8   0x00000020   Code   RO        10747    i.prvResetNextTaskUnblockTime  tasks.o
    0x0800def8   0x0800def8   0x00000028   Code   RO        11080    i.prvSampleTimeNow  timers.o
    0x0800df20   0x0800df20   0x00000058   Code   RO        10748    i.prvSearchForNameWithinSingleList  tasks.o
    0x0800df78   0x0800df78   0x0000006c   Code   RO        11081    i.prvSwitchTimerLists  timers.o
    0x0800dfe4   0x0800dfe4   0x00000028   Code   RO        11647    i.prvTaskExitError  port.o
    0x0800e00c   0x0800e00c   0x00000028   Code   RO        11082    i.prvTimerTask      timers.o
    0x0800e034   0x0800e034   0x0000006a   Code   RO        10419    i.prvUnlockQueue    queue.o
    0x0800e09e   0x0800e09e   0x00000002   PAD
    0x0800e0a0   0x0800e0a0   0x000000d8   Code   RO        11599    i.pvPortMalloc      heap_4.o
    0x0800e178   0x0800e178   0x0000002c   Code   RO        11648    i.pxPortInitialiseStack  port.o
    0x0800e1a4   0x0800e1a4   0x00000084   Code   RO        12103    i.quat_normalization  AHRS.lib(ahrs.o)
    0x0800e228   0x0800e228   0x00000034   Code   RO         3654    i.radFormat         naive_gimbal_task.o
    0x0800e25c   0x0800e25c   0x00000124   Code   RO         2998    i.referee_data_solve  referee.o
    0x0800e380   0x0800e380   0x00000104   Code   RO         3064    i.referee_unpack_fifo_data  referee_usart_task.o
    0x0800e484   0x0800e484   0x00000034   Code   RO         3065    i.referee_usart_task  referee_usart_task.o
    0x0800e4b8   0x0800e4b8   0x00000048   Code   RO         3655    i.refreshAngleStates  naive_gimbal_task.o
    0x0800e500   0x0800e500   0x00000010   Code   RO         3116    i.remote_control_init  remote_control.o
    0x0800e510   0x0800e510   0x0000000c   Code   RO         4113    i.robotIsAuto       robot_total_mode.o
    0x0800e51c   0x0800e51c   0x000000a4   Code   RO         4114    i.robot_total_mode_task  robot_total_mode.o
    0x0800e5c0   0x0800e5c0   0x00000072   Code   RO         3560    i.sbus_to_nucCtrl   nuccommu.o
    0x0800e632   0x0800e632   0x000000b4   Code   RO         3117    i.sbus_to_rc        remote_control.o
    0x0800e6e6   0x0800e6e6   0x00000002   PAD
    0x0800e6e8   0x0800e6e8   0x00000030   Code   RO         2592    i.servo_pwm_set     bsp_servo_pwm.o
    0x0800e718   0x0800e718   0x00000084   Code   RO         3341    i.servo_task        servo_task.o
    0x0800e79c   0x0800e79c   0x00000070   Code   RO         4041    i.setSpeedByMode    naive_shoot_task.o
    0x0800e80c   0x0800e80c   0x00000010   Code   RO         4042    i.shootTaskTrggMonitor  naive_shoot_task.o
    0x0800e81c   0x0800e81c   0x00000140   Code   RO         4043    i.shoot_task        naive_shoot_task.o
    0x0800e95c   0x0800e95c   0x0000003e   Code   RO        12514    i.sqrtf             m_wm.l(sqrtf_full.o)
    0x0800e99a   0x0800e99a   0x00000002   PAD
    0x0800e99c   0x0800e99c   0x00000018   Code   RO         2767    i.toe_is_error      detect_task.o
    0x0800e9b4   0x0800e9b4   0x000000a4   Code   RO         4044    i.triggerModeChange  naive_shoot_task.o
    0x0800ea58   0x0800ea58   0x00000068   Code   RO        10751    i.ulTaskNotifyTake  tasks.o
    0x0800eac0   0x0800eac0   0x0000007a   Code   RO        12104    i.update_w          AHRS.lib(ahrs.o)
    0x0800eb3a   0x0800eb3a   0x00000002   PAD
    0x0800eb3c   0x0800eb3c   0x00000064   Code   RO         2546    i.usart1_tx_dma_enable  bsp_usart.o
    0x0800eba0   0x0800eba0   0x00000048   Code   RO         2547    i.usart1_tx_dma_init  bsp_usart.o
    0x0800ebe8   0x0800ebe8   0x000000b8   Code   RO         2548    i.usart6_init       bsp_usart.o
    0x0800eca0   0x0800eca0   0x00000040   Code   RO           16    i.usart_printf      main.o
    0x0800ece0   0x0800ece0   0x00000026   Code   RO        10374    i.uxListRemove      list.o
    0x0800ed06   0x0800ed06   0x00000002   PAD
    0x0800ed08   0x0800ed08   0x00000020   Code   RO        10753    i.uxTaskGetStackHighWaterMark  tasks.o
    0x0800ed28   0x0800ed28   0x00000014   Code   RO          509    i.vApplicationGetIdleTaskMemory  freertos.o
    0x0800ed3c   0x0800ed3c   0x00000018   Code   RO          510    i.vApplicationGetTimerTaskMemory  freertos.o
    0x0800ed54   0x0800ed54   0x00000016   Code   RO        10375    i.vListInitialise   list.o
    0x0800ed6a   0x0800ed6a   0x00000006   Code   RO        10376    i.vListInitialiseItem  list.o
    0x0800ed70   0x0800ed70   0x00000030   Code   RO        10377    i.vListInsert       list.o
    0x0800eda0   0x0800eda0   0x00000018   Code   RO        10378    i.vListInsertEnd    list.o
    0x0800edb8   0x0800edb8   0x00000040   Code   RO        11650    i.vPortEnterCritical  port.o
    0x0800edf8   0x0800edf8   0x00000028   Code   RO        11651    i.vPortExitCritical  port.o
    0x0800ee20   0x0800ee20   0x0000005c   Code   RO        11600    i.vPortFree         heap_4.o
    0x0800ee7c   0x0800ee7c   0x00000024   Code   RO        11652    i.vPortSetupTimerInterrupt  port.o
    0x0800eea0   0x0800eea0   0x00000054   Code   RO        11653    i.vPortValidateInterruptPriority  port.o
    0x0800eef4   0x0800eef4   0x00000024   Code   RO        10423    i.vQueueAddToRegistry  queue.o
    0x0800ef18   0x0800ef18   0x00000044   Code   RO        10426    i.vQueueWaitForMessageRestricted  queue.o
    0x0800ef5c   0x0800ef5c   0x0000004c   Code   RO        10757    i.vTaskDelay        tasks.o
    0x0800efa8   0x0800efa8   0x00000010   Code   RO        10761    i.vTaskInternalSetTimeOutState  tasks.o
    0x0800efb8   0x0800efb8   0x0000000c   Code   RO        10762    i.vTaskMissedYield  tasks.o
    0x0800efc4   0x0800efc4   0x000000b8   Code   RO        10763    i.vTaskNotifyGiveFromISR  tasks.o
    0x0800f07c   0x0800f07c   0x00000030   Code   RO        10764    i.vTaskPlaceOnEventList  tasks.o
    0x0800f0ac   0x0800f0ac   0x00000038   Code   RO        10765    i.vTaskPlaceOnEventListRestricted  tasks.o
    0x0800f0e4   0x0800f0e4   0x00000084   Code   RO        10772    i.vTaskStartScheduler  tasks.o
    0x0800f168   0x0800f168   0x00000010   Code   RO        10774    i.vTaskSuspendAll   tasks.o
    0x0800f178   0x0800f178   0x0000005c   Code   RO        10775    i.vTaskSwitchContext  tasks.o
    0x0800f1d4   0x0800f1d4   0x0000003c   Code   RO         5165    i.verify_CRC16_check_sum  crc8_crc16.o
    0x0800f210   0x0800f210   0x00000026   Code   RO         5166    i.verify_CRC8_check_sum  crc8_crc16.o
    0x0800f236   0x0800f236   0x00000002   PAD
    0x0800f238   0x0800f238   0x000000f4   Code   RO        11654    i.xPortStartScheduler  port.o
    0x0800f32c   0x0800f32c   0x0000002c   Code   RO        11655    i.xPortSysTickHandler  port.o
    0x0800f358   0x0800f358   0x00000066   Code   RO        10430    i.xQueueGenericCreateStatic  queue.o
    0x0800f3be   0x0800f3be   0x00000002   PAD
    0x0800f3c0   0x0800f3c0   0x00000088   Code   RO        10431    i.xQueueGenericReset  queue.o
    0x0800f448   0x0800f448   0x00000164   Code   RO        10432    i.xQueueGenericSend  queue.o
    0x0800f5ac   0x0800f5ac   0x000000bc   Code   RO        10433    i.xQueueGenericSendFromISR  queue.o
    0x0800f668   0x0800f668   0x00000138   Code   RO        10441    i.xQueueReceive     queue.o
    0x0800f7a0   0x0800f7a0   0x00000088   Code   RO        10777    i.xTaskCheckForTimeOut  tasks.o
    0x0800f828   0x0800f828   0x0000005a   Code   RO        10778    i.xTaskCreate       tasks.o
    0x0800f882   0x0800f882   0x0000005a   Code   RO        10779    i.xTaskCreateStatic  tasks.o
    0x0800f8dc   0x0800f8dc   0x00000084   Code   RO        10783    i.xTaskGetHandle    tasks.o
    0x0800f960   0x0800f960   0x0000001c   Code   RO        10784    i.xTaskGetSchedulerState  tasks.o
    0x0800f97c   0x0800f97c   0x0000000c   Code   RO        10785    i.xTaskGetTickCount  tasks.o
    0x0800f988   0x0800f988   0x000000c8   Code   RO        10787    i.xTaskIncrementTick  tasks.o
    0x0800fa50   0x0800fa50   0x00000098   Code   RO        10790    i.xTaskPriorityDisinherit  tasks.o
    0x0800fae8   0x0800fae8   0x00000074   Code   RO        10792    i.xTaskRemoveFromEventList  tasks.o
    0x0800fb5c   0x0800fb5c   0x000000c4   Code   RO        10793    i.xTaskResumeAll    tasks.o
    0x0800fc20   0x0800fc20   0x00000060   Code   RO        11087    i.xTimerCreateTimerTask  timers.o
    0x0800fc80   0x0800fc80   0x00000064   Code   RO        11088    i.xTimerGenericCommand  timers.o
    0x0800fce4   0x0800fce4   0x0000002c   Code   RO        12856    locale$$code        c_w.l(lc_numeric_c.o)
    0x0800fd10   0x0800fd10   0x0000002c   Code   RO        12889    locale$$code        c_w.l(lc_ctype_c.o)
    0x0800fd3c   0x0800fd3c   0x000002c4   Code   RO        12424    x$fpl$d2f           g_wm.l(d2f_clz.o)
    0x08010000   0x08010000   0x0000024c   Code   RO        12426    x$fpl$dadd          g_wm.l(daddsub_clz.o)
    0x0801024c   0x0801024c   0x0000037c   Code   RO        12433    x$fpl$ddiv          g_wm.l(ddiv_clz.o)
    0x080105c8   0x080105c8   0x0000001a   Code   RO        12438    x$fpl$dfltn         g_wm.l(dflt_clz.o)
    0x080105e2   0x080105e2   0x00000102   Code   RO        12696    x$fpl$dnaninf       g_wm.l(dnaninf.o)
    0x080106e4   0x080106e4   0x00000070   Code   RO        12698    x$fpl$drenorm       g_wm.l(drenorm_clz.o)
    0x08010754   0x08010754   0x0000000c   Code   RO        12700    x$fpl$dretinf       g_wm.l(dretinf.o)
    0x08010760   0x08010760   0x0000029c   Code   RO        12428    x$fpl$dsub          g_wm.l(daddsub_clz.o)
    0x080109fc   0x080109fc   0x0000017a   Code   RO        12702    x$fpl$dunder        g_wm.l(dunder_clz.o)
    0x08010b76   0x08010b76   0x00000002   PAD
    0x08010b78   0x08010b78   0x000001ec   Code   RO        12704    x$fpl$exception     g_wm.l(except.o)
    0x08010d64   0x08010d64   0x0000007a   Code   RO        12442    x$fpl$f2d           g_wm.l(f2d.o)
    0x08010dde   0x08010dde   0x000000f2   Code   RO        12706    x$fpl$fnaninf       g_wm.l(fnaninf.o)
    0x08010ed0   0x08010ed0   0x0000000a   Code   RO        12808    x$fpl$fpinit        g_wm.l(fpinit.o)
    0x08010eda   0x08010eda   0x0000000a   Code   RO        12708    x$fpl$fretinf       g_wm.l(fretinf.o)
    0x08010ee4   0x08010ee4   0x0000013c   Code   RO        12710    x$fpl$funder        g_wm.l(funder_clz.o)
    0x08011020   0x08011020   0x00000020   Code   RO        12712    x$fpl$ieeestatus    g_wm.l(istatus.o)
    0x08011040   0x08011040   0x00000004   Code   RO        12714    x$fpl$printf1       g_wm.l(printf1.o)
    0x08011044   0x08011044   0x00000004   Code   RO        12716    x$fpl$printf2       g_wm.l(printf2.o)
    0x08011048   0x08011048   0x000000b2   Code   RO        12810    x$fpl$retnan        g_wm.l(retnan.o)
    0x080110fa   0x080110fa   0x0000007e   Code   RO        12722    x$fpl$trapveneer    g_wm.l(trapv.o)
    0x08011178   0x08011178   0x00000000   Code   RO        12724    x$fpl$usenofp       g_wm.l(usenofp.o)
    0x08011178   0x08011178   0x00000134   Data   RO          512    .constdata          freertos.o
    0x080112ac   0x080112ac   0x00000010   Data   RO         1854    .constdata          system_stm32f4xx.o
    0x080112bc   0x080112bc   0x00000008   Data   RO         1855    .constdata          system_stm32f4xx.o
    0x080112c4   0x080112c4   0x0000005a   Data   RO         2769    .constdata          detect_task.o
    0x0801131e   0x0801131e   0x00000002   PAD
    0x08011320   0x08011320   0x0000000c   Data   RO         2838    .constdata          ins_task.o
    0x0801132c   0x0801132c   0x00000018   Data   RO         2945    .constdata          oled_task.o
    0x08011344   0x08011344   0x00000018   Data   RO         2946    .constdata          oled_task.o
    0x0801135c   0x0801135c   0x00000018   Data   RO         2947    .constdata          oled_task.o
    0x08011374   0x08011374   0x00000030   Data   RO         2948    .constdata          oled_task.o
    0x080113a4   0x080113a4   0x00000008   Data   RO         3342    .constdata          servo_task.o
    0x080113ac   0x080113ac   0x00000008   Data   RO         3657    .constdata          naive_gimbal_task.o
    0x080113b4   0x080113b4   0x00000018   Data   RO         4046    .constdata          naive_shoot_task.o
    0x080113cc   0x080113cc   0x00000874   Data   RO         4459    .constdata          oled.o
    0x08011c40   0x08011c40   0x00000012   Data   RO         4581    .constdata          bmi088driver.o
    0x08011c52   0x08011c52   0x0000000c   Data   RO         4772    .constdata          ist8310driver.o
    0x08011c5e   0x08011c5e   0x00000300   Data   RO         5168    .constdata          crc8_crc16.o
    0x08011f5e   0x08011f5e   0x00000008   Data   RO         6562    .constdata          stm32f4xx_hal_dma.o
    0x08011f66   0x08011f66   0x00000002   PAD
    0x08011f68   0x08011f68   0x0000000c   Data   RO        12105    .constdata          AHRS.lib(ahrs.o)
    0x08011f74   0x08011f74   0x00000804   Data   RO        12315    .constdata          arm_cortexM4lf_math.lib(arm_common_tables.o)
    0x08012778   0x08012778   0x00000008   Data   RO        12575    .constdata          c_w.l(_printf_wctomb.o)
    0x08012780   0x08012780   0x00000028   Data   RO        12604    .constdata          c_w.l(_printf_hex_int_ll_ptr.o)
    0x080127a8   0x080127a8   0x00000011   Data   RO        12624    .constdata          c_w.l(__printf_flags_ss_wp.o)
    0x080127b9   0x080127b9   0x00000026   Data   RO        12788    .constdata          c_w.l(_printf_fp_hex.o)
    0x080127df   0x080127df   0x00000001   PAD
    0x080127e0   0x080127e0   0x00000094   Data   RO        12831    .constdata          c_w.l(bigflt0.o)
    0x08012874   0x08012874   0x00000074   Data   RO          513    .conststring        freertos.o
    0x080128e8   0x080128e8   0x00000020   Data   RO        12943    Region$$Table       anon$$obj.o
    0x08012908   0x08012908   0x0000001c   Data   RO        12855    locale$$data        c_w.l(lc_numeric_c.o)
    0x08012924   0x08012924   0x00000110   Data   RO        12888    locale$$data        c_w.l(lc_ctype_c.o)


    Execution Region RW_IRAM1 (Exec base: 0x20000000, Load base: 0x08012a34, Size: 0x0000d030, Max: 0x00020000, ABSOLUTE, COMPRESSED[0x000000e8])

    Exec Addr    Load Addr    Size         Type   Attr      Idx    E Section Name        Object

    0x20000000   COMPRESSED   0x00000008   Data   RW           18    .data               main.o
    0x20000008   COMPRESSED   0x0000002c   Data   RW          516    .data               freertos.o
    0x20000034   COMPRESSED   0x00000004   Data   RW          825    .data               can.o
    0x20000038   COMPRESSED   0x00000008   Data   RW          872    .data               crc.o
    0x20000040   COMPRESSED   0x00000004   Data   RW         1856    .data               system_stm32f4xx.o
    0x20000044   COMPRESSED   0x00000004   Data   RW         1896    .data               bsp_adc.o
    0x20000048   COMPRESSED   0x00000008   Data   RW         2142    .data               bsp_delay.o
    0x20000050   COMPRESSED   0x00000008   Data   RW         2410    .data               bsp_led.o
    0x20000058   COMPRESSED   0x00000054   Data   RW         2661    .data               calibrate_task.o
    0x200000ac   COMPRESSED   0x0000000c   Data   RW         2770    .data               detect_task.o
    0x200000b8   COMPRESSED   0x000000ac   Data   RW         2840    .data               ins_task.o
    0x20000164   COMPRESSED   0x00000018   Data   RW         2949    .data               oled_task.o
    0x2000017c   COMPRESSED   0x00000026   Data   RW         3000    .data               referee.o
    0x200001a2   COMPRESSED   0x00000002   Data   RW         3067    .data               referee_usart_task.o
    0x200001a4   COMPRESSED   0x00000004   Data   RW         3122    .data               remote_control.o
    0x200001a8   COMPRESSED   0x00000008   Data   RW         3273    .data               voltage_task.o
    0x200001b0   COMPRESSED   0x0000001c   Data   RW         3312    .data               led_flow_task.o
    0x200001cc   COMPRESSED   0x0000000c   Data   RW         3343    .data               servo_task.o
    0x200001d8   COMPRESSED   0x00000010   Data   RW         3564    .data               nuccommu.o
    0x200001e8   COMPRESSED   0x00000050   Data   RW         3658    .data               naive_gimbal_task.o
    0x20000238   COMPRESSED   0x00000050   Data   RW         4047    .data               naive_shoot_task.o
    0x20000288   COMPRESSED   0x00000010   Data   RW         4115    .data               robot_total_mode.o
    0x20000298   COMPRESSED   0x00000044   Data   RW         4179    .data               can_receive.o
    0x200002dc   COMPRESSED   0x00000008   Data   RW         4460    .data               oled.o
    0x200002e4   COMPRESSED   0x0000002c   Data   RW         4582    .data               bmi088driver.o
    0x20000310   COMPRESSED   0x00000002   Data   RW         5169    .data               crc8_crc16.o
    0x20000312   COMPRESSED   0x00000002   PAD
    0x20000314   COMPRESSED   0x0000000c   Data   RW         6989    .data               stm32f4xx_hal.o
    0x20000320   COMPRESSED   0x0000003c   Data   RW        10796    .data               tasks.o
    0x2000035c   COMPRESSED   0x00000014   Data   RW        11096    .data               timers.o
    0x20000370   COMPRESSED   0x00000018   Data   RW        11605    .data               heap_4.o
    0x20000388   COMPRESSED   0x0000000c   Data   RW        11656    .data               port.o
    0x20000394   COMPRESSED   0x00000001   Data   RW        11872    .data               usbd_ctlreq.o
    0x20000395   COMPRESSED   0x00000003   PAD
    0x20000398   COMPRESSED   0x00000010   Data   RW        12106    .data               AHRS.lib(ahrs.o)
    0x200003a8        -       0x00000100   Zero   RW           17    .bss                main.o
    0x200004a8        -       0x000006a8   Zero   RW          511    .bss                freertos.o
    0x20000b50        -       0x00000090   Zero   RW          776    .bss                adc.o
    0x20000be0        -       0x00000050   Zero   RW          824    .bss                can.o
    0x20000c30        -       0x0000015c   Zero   RW          943    .bss                i2c.o
    0x20000d8c        -       0x00000010   Zero   RW          995    .bss                rng.o
    0x20000d9c        -       0x00000020   Zero   RW         1037    .bss                rtc.o
    0x20000dbc        -       0x00000170   Zero   RW         1080    .bss                spi.o
    0x20000f2c        -       0x00000180   Zero   RW         1133    .bss                tim.o
    0x200010ac        -       0x000002a0   Zero   RW         1207    .bss                usart.o
    0x2000134c        -       0x00000408   Zero   RW         1346    .bss                usbd_conf.o
    0x20001754        -       0x00000010   Zero   RW         1895    .bss                bsp_adc.o
    0x20001764        -       0x00000014   Zero   RW         2655    .bss                calibrate_task.o
    0x20001778        -       0x00000018   Zero   RW         2656    .bss                calibrate_task.o
    0x20001790        -       0x00000018   Zero   RW         2657    .bss                calibrate_task.o
    0x200017a8        -       0x00000018   Zero   RW         2658    .bss                calibrate_task.o
    0x200017c0        -       0x000000b9   Zero   RW         2659    .bss                calibrate_task.o
    0x20001879        -       0x00000240   Zero   RW         2768    .bss                detect_task.o
    0x20001ab9   COMPRESSED   0x00000003   PAD
    0x20001abc        -       0x0000011c   Zero   RW         2835    .bss                ins_task.o
    0x20001bd8        -       0x00000055   Zero   RW         2999    .bss                referee.o
    0x20001c2d   COMPRESSED   0x00000003   PAD
    0x20001c30        -       0x000008a1   Zero   RW         3066    .bss                referee_usart_task.o
    0x200024d1        -       0x00000072   Zero   RW         3121    .bss                remote_control.o
    0x20002543   COMPRESSED   0x00000001   PAD
    0x20002544        -       0x00000070   Zero   RW         3563    .bss                nuccommu.o
    0x200025b4        -       0x000001d1   Zero   RW         3656    .bss                naive_gimbal_task.o
    0x20002785   COMPRESSED   0x00000003   PAD
    0x20002788        -       0x000000ec   Zero   RW         4045    .bss                naive_shoot_task.o
    0x20002874        -       0x00000104   Zero   RW         4178    .bss                can_receive.o
    0x20002978        -       0x00000417   Zero   RW         4458    .bss                oled.o
    0x20002d8f   COMPRESSED   0x00000001   PAD
    0x20002d90        -       0x00000040   Zero   RW        10444    .bss                queue.o
    0x20002dd0        -       0x000000f0   Zero   RW        10795    .bss                tasks.o
    0x20002ec0        -       0x00000110   Zero   RW        11095    .bss                timers.o
    0x20002fd0        -       0x00006000   Zero   RW        11604    .bss                heap_4.o
    0x20008fd0        -       0x00000060   Zero   RW        12747    .bss                c_w.l(libspace.o)
    0x20009030        -       0x00002000   Zero   RW            2    HEAP                startup_stm32f407xx.o
    0x2000b030        -       0x00002000   Zero   RW            1    STACK               startup_stm32f407xx.o


==============================================================================

Image component sizes


      Code (inc. data)   RO Data    RW Data    ZI Data      Debug   Object Name

       324         40          0          0        144       2666   adc.o
        70          6          0          0          0       5684   ahrs_middleware.o
      2152         32         18         44          0      11835   bmi088driver.o
       108         28          0          0          0       5272   bmi088middleware.o
       240         50          0          4         16     653236   bsp_adc.o
        32         10          0          0          0       1133   bsp_buzzer.o
        88          8          0          0          0        654   bsp_can.o
        92         18          0          8          0       1540   bsp_delay.o
        12          0          0          0          0       1165   bsp_flash.o
       856        100          0          0          0       6673   bsp_i2c.o
        12          4          0          0          0        570   bsp_imu_pwm.o
        60          8          0          8          0        688   bsp_led.o
        96         12          0          0          0       1259   bsp_nuccom.o
       176         26          0          0          0       2283   bsp_rc.o
        48         10          0          0          0        680   bsp_servo_pwm.o
      4980         76          0          0          0       2570   bsp_spi.o
       356         48          0          0          0       2607   bsp_usart.o
       420         32          0         84        277      17414   calibrate_task.o
       384         42          0          4         80       2794   can.o
       652         78          0         68        260     584363   can_receive.o
       120          0          0          0          0      22925   cmsis_os.o
        76         18          0          8          0       1775   crc.o
       170         18        768          2          0       4167   crc8_crc16.o
       496         40         90         12        576       5521   detect_task.o
       172          4          0          0          0        990   dma.o
         0          0          0          0          0      18136   event_groups.o
       194          0          0          0          0       8993   fifo.o
       304         22        424         44       1704      32259   freertos.o
       460         30          0          0          0     747855   gpio.o
       460         24          0         24      24576       5295   heap_4.o
       548         82          0          0        348       3552   i2c.o
      2388        156         12        172        284      13918   ins_task.o
       124          4         12          0          0       1699   ist8310driver.o
       108         22          0          0          0       4367   ist8310driver_middleware.o
       280         10          0         28          0       2029   led_flow_task.o
       138          0          0          0          0       3986   list.o
       356         24          0          8        256      72259   main.o
      1934        156          8         80        465      16916   naive_gimbal_task.o
      1168         80         24         80        236      10783   naive_shoot_task.o
       432         34          0         16        112       6796   nuccommu.o
       906         64       2164          8       1047      11393   oled.o
       548         26        120         24          0       3374   oled_task.o
       452         14          0          0          0       2726   pid.o
       786         80          0         12          0      12801   port.o
      1498         18          0          0         64      15724   queue.o
       404         20          0         38         85       8675   referee.o
       464         44          0          2       2209       4492   referee_usart_task.o
       376         32          0          4        114       4344   remote_control.o
        76         18          0          0         16       1775   rng.o
       184         14          0         16          0       3040   robot_total_mode.o
        80         18          0          0         32       1727   rtc.o
       132         10          8         12          0       4050   servo_task.o
       468         44          0          0        368       2940   spi.o
        64         26        392          0      16384        828   startup_stm32f407xx.o
       144         24          0         12          0       4369   stm32f4xx_hal.o
      1116         54          0          0          0       5750   stm32f4xx_hal_adc.o
      1636          6          0          0          0      16015   stm32f4xx_hal_can.o
       198         14          0          0          0      34351   stm32f4xx_hal_cortex.o
        38          0          0          0          0       1195   stm32f4xx_hal_crc.o
       752         16          8          0          0       4452   stm32f4xx_hal_dma.o
       482         52          0          0          0       3447   stm32f4xx_hal_gpio.o
      2554         58          0          0          0      15624   stm32f4xx_hal_i2c.o
        56          4          0          0          0        982   stm32f4xx_hal_msp.o
      1944         18          0          0          0      10635   stm32f4xx_hal_pcd.o
         2          0          0          0          0       1125   stm32f4xx_hal_pcd_ex.o
      1268         82          0          0          0       6252   stm32f4xx_hal_rcc.o
       316         22          0          0          0       1604   stm32f4xx_hal_rcc_ex.o
        50          0          0          0          0       1219   stm32f4xx_hal_rng.o
       280          6          0          0          0       3148   stm32f4xx_hal_rtc.o
       838          8          0          0          0       5085   stm32f4xx_hal_spi.o
      1356         90          0          0          0      15125   stm32f4xx_hal_tim.o
       150          0          0          0          0       2360   stm32f4xx_hal_tim_ex.o
      1066          8          0          0          0       4468   stm32f4xx_hal_uart.o
       144         42          0          0          0      24813   stm32f4xx_it.o
      1698         96          0          0          0      17063   stm32f4xx_ll_usb.o
        84         18         24          4          0       1375   system_stm32f4xx.o
      2704        188          0         60        240      31903   tasks.o
      1748        142          0          0        384       7375   tim.o
       912         84          0         20        272      27475   timers.o
       792         78          0          0        672       4011   usart.o
         0          0          0          0          0       4612   usb_device.o
       362          4          0          0       1032      13349   usbd_conf.o
       628          0          0          0          0      11375   usbd_core.o
      1114         28          0          1          0       7915   usbd_ctlreq.o
       102          0          0          0          0       4236   usbd_ioreq.o
        96          0          0          0          0       2944   user_lib.o
       280         64          0          8          0       3181   voltage_task.o

    ----------------------------------------------------------------------
     52514       2986       4108        920      52264    2666029   Object Totals
         0          0         32          0          0          0   (incl. Generated)
        80          0          4          5         11          0   (incl. Padding)

    ----------------------------------------------------------------------

      Code (inc. data)   RO Data    RW Data    ZI Data      Debug   Library Member Name

      2718         84         12         16          0       9922   ahrs.o
         0          0       2052          0          0       4636   arm_common_tables.o
       120         12          0          0          0      16970   arm_cos_f32.o
       116         12          0          0          0        658   arm_sin_f32.o
        90          0          0          0          0          0   __dczerorl2.o
         8          0          0          0          0         68   __main.o
       392          4         17          0          0         92   __printf_flags_ss_wp.o
        14          0          0          0          0         68   __printf_wp.o
         0          0          0          0          0          0   __rtentry.o
        12          0          0          0          0          0   __rtentry2.o
         6          0          0          0          0          0   __rtentry4.o
        52          8          0          0          0          0   __scatter.o
        28          0          0          0          0          0   __scatter_zi.o
        48          4          0          0          0         84   _fptrap.o
         6          0          0          0          0          0   _printf_a.o
         6          0          0          0          0          0   _printf_c.o
        44          0          0          0          0        108   _printf_char.o
        48          6          0          0          0         96   _printf_char_common.o
        40          0          0          0          0         68   _printf_charcount.o
         6          0          0          0          0          0   _printf_d.o
       120         16          0          0          0         92   _printf_dec.o
         6          0          0          0          0          0   _printf_e.o
         6          0          0          0          0          0   _printf_f.o
      1054          0          0          0          0        216   _printf_fp_dec.o
       764          8         38          0          0        100   _printf_fp_hex.o
       128         16          0          0          0         84   _printf_fp_infnan.o
         6          0          0          0          0          0   _printf_g.o
       148          4         40          0          0        160   _printf_hex_int_ll_ptr.o
         6          0          0          0          0          0   _printf_i.o
       178          0          0          0          0         88   _printf_intcommon.o
        10          0          0          0          0          0   _printf_l.o
         6          0          0          0          0          0   _printf_lc.o
        10          0          0          0          0          0   _printf_ll.o
         6          0          0          0          0          0   _printf_lld.o
         6          0          0          0          0          0   _printf_lli.o
         6          0          0          0          0          0   _printf_llo.o
         6          0          0          0          0          0   _printf_llu.o
         6          0          0          0          0          0   _printf_llx.o
       124         16          0          0          0         92   _printf_longlong_dec.o
         6          0          0          0          0          0   _printf_ls.o
         6          0          0          0          0          0   _printf_n.o
         6          0          0          0          0          0   _printf_o.o
       112         10          0          0          0        124   _printf_oct_int_ll.o
         6          0          0          0          0          0   _printf_p.o
        78          0          0          0          0        108   _printf_pad.o
         0          0          0          0          0          0   _printf_percent.o
         4          0          0          0          0          0   _printf_percent_end.o
         6          0          0          0          0          0   _printf_s.o
        82          0          0          0          0         80   _printf_str.o
        36          0          0          0          0         84   _printf_truncate.o
         6          0          0          0          0          0   _printf_u.o
        44          0          0          0          0        108   _printf_wchar.o
       188          6          8          0          0         92   _printf_wctomb.o
         6          0          0          0          0          0   _printf_x.o
        22          0          0          0          0        100   _rserrno.o
        10          0          0          0          0         68   _sputc.o
        64          0          0          0          0         92   _wcrtomb.o
        16          0          0          0          0         68   aeabi_memset.o
       228          4        148          0          0         96   bigflt0.o
      1936        128          0          0          0        672   btod.o
        10          0          0          0          0         68   defsig_exit.o
       172        110          0          0          0         76   defsig_fpe_inner.o
        14          0          0          0          0         80   defsig_fpe_outer.o
        50          0          0          0          0         88   defsig_general.o
        18          0          0          0          0         80   exit.o
         6          0          0          0          0        152   heapauxi.o
         0          0          0          0          0          0   indicate_semi.o
        44         10        272          0          0         76   lc_ctype_c.o
        44         10         28          0          0         76   lc_numeric_c.o
         2          0          0          0          0          0   libinit.o
        34          0          0          0          0          0   libinit2.o
         2          0          0          0          0          0   libshutdown.o
         2          0          0          0          0          0   libshutdown2.o
         8          4          0          0         96         68   libspace.o
       138          0          0          0          0         80   lludiv10.o
       238          0          0          0          0        100   lludivv7m.o
        16          4          0          0          0         76   rt_ctype_table.o
         8          4          0          0          0         68   rt_errno_addr_intlibspace.o
         8          4          0          0          0         68   rt_locale_intlibspace.o
        68          0          0          0          0         68   rt_memclr.o
        78          0          0          0          0         80   rt_memclr_w.o
       138          0          0          0          0         68   rt_memcpy_v6.o
       100          0          0          0          0         80   rt_memcpy_w.o
         2          0          0          0          0          0   rtexit.o
        10          0          0          0          0          0   rtexit2.o
       128          0          0          0          0         68   strcmpv7m.o
        62          0          0          0          0         76   strlen.o
        12          4          0          0          0         68   sys_exit.o
        74          0          0          0          0         80   sys_stackheap_outer.o
        14          0          0          0          0         76   sys_wrch.o
         2          0          0          0          0         68   use_no_semi.o
        36          4          0          0          0         76   vsprintf.o
       708         16          0          0          0        140   d2f_clz.o
      1256         28          0          0          0        408   daddsub_clz.o
       892        152          0          0          0        292   ddiv_clz.o
        26          0          0          0          0        116   dflt_clz.o
       258          4          0          0          0        156   dnaninf.o
       112          0          0          0          0        160   drenorm_clz.o
        12          0          0          0          0        116   dretinf.o
       378          0          0          0          0        168   dunder_clz.o
       492         36          0          0          0        148   except.o
       122          8          0          0          0        132   f2d.o
       242          4          0          0          0        144   fnaninf.o
        10          0          0          0          0        116   fpinit.o
        10          0          0          0          0        116   fretinf.o
       316          0          0          0          0        132   funder_clz.o
        32          4          0          0          0        116   istatus.o
         4          0          0          0          0        116   printf1.o
         4          0          0          0          0        116   printf2.o
       178          0          0          0          0        116   retnan.o
       126          0          0          0          0        148   trapv.o
         0          0          0          0          0          0   usenofp.o
       300         42          0          0          0        176   asinf.o
       592         90          0          0          0        184   atan2f.o
        48          0          0          0          0        124   fpclassify.o
        38          0          0          0          0        116   fpclassifyf.o
        44         12          0          0          0        464   funder.o
       120          0          0          0          0        272   sqrtf_full.o

    ----------------------------------------------------------------------
     17102        888       2616         16         96      41550   Library Totals
        32          0          1          0          0          0   (incl. Padding)

    ----------------------------------------------------------------------

      Code (inc. data)   RO Data    RW Data    ZI Data      Debug   Library Name

      2718         84         12         16          0       9922   AHRS.lib
       236         24       2052          0          0      22264   arm_cortexM4lf_math.lib
      7796        384        551          0         96       5072   c_w.l
      5178        252          0          0          0       2956   g_wm.l
      1142        144          0          0          0       1336   m_wm.l

    ----------------------------------------------------------------------
     17102        888       2616         16         96      41550   Library Totals

    ----------------------------------------------------------------------

==============================================================================


      Code (inc. data)   RO Data    RW Data    ZI Data      Debug   

     69616       3874       6724        936      52360    2656219   Grand Totals
     69616       3874       6724        232      52360    2656219   ELF Image Totals (compressed)
     69616       3874       6724        232          0          0   ROM Totals

==============================================================================

    Total RO  Size (Code + RO Data)                76340 (  74.55kB)
    Total RW  Size (RW Data + ZI Data)             53296 (  52.05kB)
    Total ROM Size (Code + RO Data + RW Data)      76572 (  74.78kB)

==============================================================================

