Component: ARM Compiler 5.06 update 6 (build 750) Tool: armlink [4d35ed]

==============================================================================

Section Cross References

    startup_stm32f407xx.o(STACK) refers (Special) to heapauxi.o(.text) for __use_two_region_memory
    startup_stm32f407xx.o(HEAP) refers (Special) to heapauxi.o(.text) for __use_two_region_memory
    startup_stm32f407xx.o(RESET) refers (Special) to heapauxi.o(.text) for __use_two_region_memory
    startup_stm32f407xx.o(RESET) refers to startup_stm32f407xx.o(STACK) for __initial_sp
    startup_stm32f407xx.o(RESET) refers to startup_stm32f407xx.o(.text) for Reset_Handler
    startup_stm32f407xx.o(RESET) refers to stm32f4xx_it.o(i.NMI_Handler) for NMI_Handler
    startup_stm32f407xx.o(RESET) refers to stm32f4xx_it.o(i.HardFault_Handler) for HardFault_Handler
    startup_stm32f407xx.o(RESET) refers to stm32f4xx_it.o(i.MemManage_Handler) for MemManage_Handler
    startup_stm32f407xx.o(RESET) refers to stm32f4xx_it.o(i.BusFault_Handler) for BusFault_Handler
    startup_stm32f407xx.o(RESET) refers to stm32f4xx_it.o(i.UsageFault_Handler) for UsageFault_Handler
    startup_stm32f407xx.o(RESET) refers to port.o(.emb_text) for SVC_Handler
    startup_stm32f407xx.o(RESET) refers to stm32f4xx_it.o(i.DebugMon_Handler) for DebugMon_Handler
    startup_stm32f407xx.o(RESET) refers to stm32f4xx_it.o(i.SysTick_Handler) for SysTick_Handler
    startup_stm32f407xx.o(RESET) refers to stm32f4xx_it.o(i.EXTI0_IRQHandler) for EXTI0_IRQHandler
    startup_stm32f407xx.o(RESET) refers to stm32f4xx_it.o(i.EXTI3_IRQHandler) for EXTI3_IRQHandler
    startup_stm32f407xx.o(RESET) refers to stm32f4xx_it.o(i.EXTI4_IRQHandler) for EXTI4_IRQHandler
    startup_stm32f407xx.o(RESET) refers to stm32f4xx_it.o(i.CAN1_RX0_IRQHandler) for CAN1_RX0_IRQHandler
    startup_stm32f407xx.o(RESET) refers to stm32f4xx_it.o(i.EXTI9_5_IRQHandler) for EXTI9_5_IRQHandler
    startup_stm32f407xx.o(RESET) refers to nuccommu.o(i.USART1_IRQHandler) for USART1_IRQHandler
    startup_stm32f407xx.o(RESET) refers to remote_control.o(i.USART3_IRQHandler) for USART3_IRQHandler
    startup_stm32f407xx.o(RESET) refers to bsp_i2c.o(i.DMA1_Stream7_IRQHandler) for DMA1_Stream7_IRQHandler
    startup_stm32f407xx.o(RESET) refers to stm32f4xx_it.o(i.DMA2_Stream1_IRQHandler) for DMA2_Stream1_IRQHandler
    startup_stm32f407xx.o(RESET) refers to ins_task.o(i.DMA2_Stream2_IRQHandler) for DMA2_Stream2_IRQHandler
    startup_stm32f407xx.o(RESET) refers to stm32f4xx_it.o(i.CAN2_RX0_IRQHandler) for CAN2_RX0_IRQHandler
    startup_stm32f407xx.o(RESET) refers to stm32f4xx_it.o(i.OTG_FS_IRQHandler) for OTG_FS_IRQHandler
    startup_stm32f407xx.o(RESET) refers to stm32f4xx_it.o(i.DMA2_Stream5_IRQHandler) for DMA2_Stream5_IRQHandler
    startup_stm32f407xx.o(RESET) refers to stm32f4xx_it.o(i.DMA2_Stream6_IRQHandler) for DMA2_Stream6_IRQHandler
    startup_stm32f407xx.o(RESET) refers to stm32f4xx_it.o(i.DMA2_Stream7_IRQHandler) for DMA2_Stream7_IRQHandler
    startup_stm32f407xx.o(RESET) refers to referee_usart_task.o(i.USART6_IRQHandler) for USART6_IRQHandler
    startup_stm32f407xx.o(.text) refers (Special) to heapauxi.o(.text) for __use_two_region_memory
    startup_stm32f407xx.o(.text) refers to system_stm32f4xx.o(i.SystemInit) for SystemInit
    startup_stm32f407xx.o(.text) refers to __main.o(!!!main) for __main
    startup_stm32f407xx.o(.text) refers to startup_stm32f407xx.o(HEAP) for Heap_Mem
    startup_stm32f407xx.o(.text) refers to startup_stm32f407xx.o(STACK) for Stack_Mem
    main.o(i.SystemClock_Config) refers to rt_memclr_w.o(.text) for __aeabi_memclr4
    main.o(i.SystemClock_Config) refers to stm32f4xx_hal_rcc.o(i.HAL_RCC_OscConfig) for HAL_RCC_OscConfig
    main.o(i.SystemClock_Config) refers to stm32f4xx_hal_rcc.o(i.HAL_RCC_ClockConfig) for HAL_RCC_ClockConfig
    main.o(i.SystemClock_Config) refers to stm32f4xx_hal_rcc_ex.o(i.HAL_RCCEx_PeriphCLKConfig) for HAL_RCCEx_PeriphCLKConfig
    main.o(i.main) refers to stm32f4xx_hal.o(i.HAL_Init) for HAL_Init
    main.o(i.main) refers to main.o(i.SystemClock_Config) for SystemClock_Config
    main.o(i.main) refers to gpio.o(i.MX_GPIO_Init) for MX_GPIO_Init
    main.o(i.main) refers to dma.o(i.MX_DMA_Init) for MX_DMA_Init
    main.o(i.main) refers to adc.o(i.MX_ADC1_Init) for MX_ADC1_Init
    main.o(i.main) refers to adc.o(i.MX_ADC3_Init) for MX_ADC3_Init
    main.o(i.main) refers to can.o(i.MX_CAN1_Init) for MX_CAN1_Init
    main.o(i.main) refers to can.o(i.MX_CAN2_Init) for MX_CAN2_Init
    main.o(i.main) refers to i2c.o(i.MX_I2C1_Init) for MX_I2C1_Init
    main.o(i.main) refers to spi.o(i.MX_SPI1_Init) for MX_SPI1_Init
    main.o(i.main) refers to tim.o(i.MX_TIM4_Init) for MX_TIM4_Init
    main.o(i.main) refers to tim.o(i.MX_TIM5_Init) for MX_TIM5_Init
    main.o(i.main) refers to usart.o(i.MX_USART3_UART_Init) for MX_USART3_UART_Init
    main.o(i.main) refers to tim.o(i.MX_TIM8_Init) for MX_TIM8_Init
[...]
    xTaskPriorityDisinherit                  0x0800d0e9   Thumb Code   144  tasks.o(i.xTaskPriorityDisinherit)
    xTaskRemoveFromEventList                 0x0800d181   Thumb Code   108  tasks.o(i.xTaskRemoveFromEventList)
    xTaskResumeAll                           0x0800d1f5   Thumb Code   182  tasks.o(i.xTaskResumeAll)
    xTimerCreateTimerTask                    0x0800d2b9   Thumb Code    78  timers.o(i.xTimerCreateTimerTask)
    xTimerGenericCommand                     0x0800d319   Thumb Code    94  timers.o(i.xTimerGenericCommand)
    __aeabi_d2f                              0x0800d37d   Thumb Code     0  d2f_clz.o(x$fpl$d2f)
    _d2f                                     0x0800d37d   Thumb Code   700  d2f_clz.o(x$fpl$d2f)
    __aeabi_dadd                             0x0800d641   Thumb Code     0  daddsub_clz.o(x$fpl$dadd)
    _dadd                                    0x0800d641   Thumb Code   580  daddsub_clz.o(x$fpl$dadd)
    __dflt_normalise                         0x0800d88d   Thumb Code    26  dflt_clz.o(x$fpl$dfltn)
    __aeabi_dmul                             0x0800d8a9   Thumb Code     0  dmul_clz.o(x$fpl$dmul)
    _dmul                                    0x0800d8a9   Thumb Code   440  dmul_clz.o(x$fpl$dmul)
    __fpl_dnaninf                            0x0800da69   Thumb Code   258  dnaninf.o(x$fpl$dnaninf)
    __fpl_drenorm2                           0x0800db6b   Thumb Code   106  drenorm_clz.o(x$fpl$drenorm)
    __fpl_drenorm1                           0x0800dbd5   Thumb Code     6  drenorm_clz.o(x$fpl$drenorm)
    __fpl_dretinf                            0x0800dbdb   Thumb Code    12  dretinf.o(x$fpl$dretinf)
    __aeabi_dsub                             0x0800dbe9   Thumb Code     0  daddsub_clz.o(x$fpl$dsub)
    _dsub                                    0x0800dbe9   Thumb Code   664  daddsub_clz.o(x$fpl$dsub)
    __dunder                                 0x0800de85   Thumb Code   314  dunder_clz.o(x$fpl$dunder)
    __dunder_d                               0x0800dfbf   Thumb Code    64  dunder_clz.o(x$fpl$dunder)
    __fpl_exception                          0x0800e001   Thumb Code   454  except.o(x$fpl$exception)
    __aeabi_f2d                              0x0800e1ed   Thumb Code     0  f2d.o(x$fpl$f2d)
    _f2d                                     0x0800e1ed   Thumb Code   122  f2d.o(x$fpl$f2d)
    __fpl_fnaninf                            0x0800e267   Thumb Code   242  fnaninf.o(x$fpl$fnaninf)
    _fp_init                                 0x0800e359   Thumb Code    10  fpinit.o(x$fpl$fpinit)
    __fplib_config_fpu_vfp                   0x0800e361   Thumb Code     0  fpinit.o(x$fpl$fpinit)
    __fplib_config_pureend_doubles           0x0800e361   Thumb Code     0  fpinit.o(x$fpl$fpinit)
    __fpl_fretinf                            0x0800e363   Thumb Code    10  fretinf.o(x$fpl$fretinf)
    __funder                                 0x0800e36d   Thumb Code   254  funder_clz.o(x$fpl$funder)
    __funder_d                               0x0800e46b   Thumb Code    62  funder_clz.o(x$fpl$funder)
    __fpl_return_NaN                         0x0800e4a9   Thumb Code   178  retnan.o(x$fpl$retnan)
    _fp_trapveneer                           0x0800e55b   Thumb Code    36  trapv.o(x$fpl$trapveneer)
    __fpl_cmpreturn                          0x0800e57f   Thumb Code    90  trapv.o(x$fpl$trapveneer)
    __I$use$fp                               0x0800e5d8   Number         0  usenofp.o(x$fpl$usenofp)
    AHBPrescTable                            0x0800e6b8   Data          16  system_stm32f4xx.o(.constdata)
    APBPrescTable                            0x0800e6c8   Data           8  system_stm32f4xx.o(.constdata)
    sinTable_f32                             0x0800e794   Data        2052  arm_common_tables.o(.constdata)
    Region$$Table$$Base                      0x0800efec   Number         0  anon$$obj.o(Region$$Table)
    Region$$Table$$Limit                     0x0800f00c   Number         0  anon$$obj.o(Region$$Table)
    detect_handle                            0x20000000   Data           4  freertos.o(.data)
    gimbalTaskHandle                         0x20000004   Data           4  freertos.o(.data)
    imuTaskHandle                            0x20000008   Data           4  freertos.o(.data)
    led_RGB_flow_handle                      0x2000000c   Data           4  freertos.o(.data)
    servo_task_handle                        0x20000010   Data           4  freertos.o(.data)
    totalModeTask_handle                     0x20000014   Data           4  freertos.o(.data)
    shootTaskTask_handle                     0x20000018   Data           4  freertos.o(.data)
    shootTaskTrgMntr_handle                  0x2000001c   Data           4  freertos.o(.data)
    hcrc                                     0x20000024   Data           8  crc.o(.data)
    SystemCoreClock                          0x2000002c   Data           4  system_stm32f4xx.o(.data)
    voltage_vrefint_proportion               0x20000030   Data           4  bsp_adc.o(.data)
    calibrate_task_stack                     0x20000054   Data           4  calibrate_task.o(.data)
    cali_hook_fun                            0x20000084   Data          20  calibrate_task.o(.data)
    detect_task_stack                        0x200000a0   Data           4  detect_task.o(.data)
    gyro_update_flag                         0x200000a4   Data           1  ins_task.o(.data)
    accel_update_flag                        0x200000a5   Data           1  ins_task.o(.data)
    accel_temp_update_flag                   0x200000a6   Data           1  ins_task.o(.data)
    mag_update_flag                          0x200000a7   Data           1  ins_task.o(.data)
    imu_start_dma_flag                       0x200000a8   Data           1  ins_task.o(.data)
    accel_temp_dma_tx_buf                    0x200000ab   Data           4  ins_task.o(.data)
    a                                        0x200000b0   Data           4  ins_task.o(.data)
    b                                        0x200000b4   Data           4  ins_task.o(.data)
    accel_temp_dma_rx_buf                    0x200000c0   Data           4  ins_task.o(.data)
    nowTime                                  0x200000c4   Data           4  ins_task.o(.data)
    gyro_dma_tx_buf                          0x200000c8   Data           8  ins_task.o(.data)
    gyro_dma_rx_buf                          0x200000d0   Data           8  ins_task.o(.data)
    accel_dma_tx_buf                         0x200000d8   Data           9  ins_task.o(.data)
    gyro_scale_factor                        0x200000e4   Data          36  ins_task.o(.data)
    accel_scale_factor                       0x20000108   Data          36  ins_task.o(.data)
    mag_scale_factor                         0x2000012c   Data          36  ins_task.o(.data)
    RGB_flow_color                           0x20000158   Data          28  led_flow_task.o(.data)
    servo_rc                                 0x20000174   Data           4  servo_task.o(.data)
    servo_pwm                                0x20000178   Data           8  servo_task.o(.data)
    fricOn                                   0x200001e0   Data           1  naive_shoot_task.o(.data)
    triggerOn                                0x200001e1   Data           1  naive_shoot_task.o(.data)
    reverse                                  0x200001e2   Data           1  naive_shoot_task.o(.data)
    giveTriggerCurrent                       0x200001e8   Data           2  naive_shoot_task.o(.data)
    BMI088_ACCEL_SEN                         0x20000298   Data           4  bmi088driver.o(.data)
    BMI088_GYRO_SEN                          0x2000029c   Data           4  bmi088driver.o(.data)
    uwTickFreq                               0x200002c4   Data           1  stm32f4xx_hal.o(.data)
    uwTickPrio                               0x200002c8   Data           4  stm32f4xx_hal.o(.data)
    uwTick                                   0x200002cc   Data           4  stm32f4xx_hal.o(.data)
    pxCurrentTCB                             0x200002d0   Data           4  tasks.o(.data)
    hadc1                                    0x20000a00   Data          72  adc.o(.bss)
    hadc3                                    0x20000a48   Data          72  adc.o(.bss)
    hcan1                                    0x20000a90   Data          40  can.o(.bss)
    hcan2                                    0x20000ab8   Data          40  can.o(.bss)
    hi2c1                                    0x20000ae0   Data          84  i2c.o(.bss)
    hi2c2                                    0x20000b34   Data          84  i2c.o(.bss)
    hi2c3                                    0x20000b88   Data          84  i2c.o(.bss)
    hdma_i2c2_tx                             0x20000bdc   Data          96  i2c.o(.bss)
    hrng                                     0x20000c3c   Data          16  rng.o(.bss)
    hrtc                                     0x20000c4c   Data          32  rtc.o(.bss)
    hspi1                                    0x20000c6c   Data          88  spi.o(.bss)
    hspi2                                    0x20000cc4   Data          88  spi.o(.bss)
    hdma_spi1_rx                             0x20000d1c   Data          96  spi.o(.bss)
    hdma_spi1_tx                             0x20000d7c   Data          96  spi.o(.bss)
    htim1                                    0x20000ddc   Data          64  tim.o(.bss)
    htim3                                    0x20000e1c   Data          64  tim.o(.bss)
    htim4                                    0x20000e5c   Data          64  tim.o(.bss)
    htim5                                    0x20000e9c   Data          64  tim.o(.bss)
    htim8                                    0x20000edc   Data          64  tim.o(.bss)
    htim10                                   0x20000f1c   Data          64  tim.o(.bss)
    huart1                                   0x20000f5c   Data          64  usart.o(.bss)
    huart3                                   0x20000f9c   Data          64  usart.o(.bss)
    huart6                                   0x20000fdc   Data          64  usart.o(.bss)
    hdma_usart1_tx                           0x2000101c   Data          96  usart.o(.bss)
    hdma_usart1_rx                           0x2000107c   Data          96  usart.o(.bss)
    hdma_usart3_rx                           0x200010dc   Data          96  usart.o(.bss)
    hdma_usart6_rx                           0x2000113c   Data          96  usart.o(.bss)
    hdma_usart6_tx                           0x2000119c   Data          96  usart.o(.bss)
    hpcd_USB_OTG_FS                          0x200011fc   Data        1032  usbd_conf.o(.bss)
    cali_sensor                              0x200016e8   Data          65  calibrate_task.o(.bss)
    error_list                               0x20001729   Data         576  detect_task.o(.bss)
    INS_angle                                0x200019c4   Data          12  ins_task.o(.bss)
    accel_dma_rx_buf                         0x200019d0   Data           9  ins_task.o(.bss)
    bmi088_real_data                         0x200019dc   Data          36  ins_task.o(.bss)
    gyro_offset                              0x20001a00   Data          12  ins_task.o(.bss)
    gyro_cali_offset                         0x20001a0c   Data          12  ins_task.o(.bss)
    accel_offset                             0x20001a18   Data          12  ins_task.o(.bss)
    ist8310_real_data                        0x20001a24   Data          16  ins_task.o(.bss)
    mag_offset                               0x20001a34   Data          12  ins_task.o(.bss)
    usart6_buf                               0x20001a88   Data        1024  referee_usart_task.o(.bss)
    referee_fifo                             0x20001e88   Data          24  referee_usart_task.o(.bss)
    referee_fifo_buf                         0x20001ea0   Data        1024  referee_usart_task.o(.bss)
    referee_unpack_obj                       0x200022a0   Data         137  referee_usart_task.o(.bss)
    rc_ctrl                                  0x2000233d   Data          22  remote_control.o(.bss)
    GimbalRxMsg                              0x200023a0   Data          24  nuccommu.o(.bss)
    xQueueRegistry                           0x200027d8   Data          64  queue.o(.bss)
    __libspace_start                         0x20008a18   Data          96  libspace.o(.bss)
    __temporary_stack_top$libspace           0x20008a78   Data           0  libspace.o(.bss)



==============================================================================

Memory Map of the image

  Image Entry point : 0x08000189

  Load Region LR_IROM1 (Base: 0x08000000, Size: 0x0000f364, Max: 0x00100000, ABSOLUTE, COMPRESSED[0x0000f0e4])

    Execution Region ER_IROM1 (Exec base: 0x08000000, Load base: 0x08000000, Size: 0x0000f00c, Max: 0x00100000, ABSOLUTE)

    Exec Addr    Load Addr    Size         Type   Attr      Idx    E Section Name        Object

    0x08000000   0x08000000   0x00000188   Data   RO            3    RESET               startup_stm32f407xx.o
    0x08000188   0x08000188   0x00000008   Code   RO        11694  * !!!main             c_w.l(__main.o)
    0x08000190   0x08000190   0x00000034   Code   RO        12221    !!!scatter          c_w.l(__scatter.o)
    0x080001c4   0x080001c4   0x0000005a   Code   RO        12219    !!dczerorl2         c_w.l(__dczerorl2.o)
    0x0800021e   0x0800021e   0x00000002   PAD
    0x08000220   0x08000220   0x0000001c   Code   RO        12223    !!handler_zi        c_w.l(__scatter_zi.o)
    0x0800023c   0x0800023c   0x00000002   Code   RO        12151    .ARM.Collect$$libinit$$00000000  c_w.l(libinit.o)
    0x0800023e   0x0800023e   0x00000004   Code   RO        11925    .ARM.Collect$$libinit$$00000001  c_w.l(libinit2.o)
    0x08000242   0x08000242   0x00000000   Code   RO        11928    .ARM.Collect$$libinit$$00000004  c_w.l(libinit2.o)
    0x08000242   0x08000242   0x00000000   Code   RO        11931    .ARM.Collect$$libinit$$0000000A  c_w.l(libinit2.o)
    0x08000242   0x08000242   0x00000000   Code   RO        11933    .ARM.Collect$$libinit$$0000000C  c_w.l(libinit2.o)
    0x08000242   0x08000242   0x00000000   Code   RO        11935    .ARM.Collect$$libinit$$0000000E  c_w.l(libinit2.o)
    0x08000242   0x08000242   0x00000000   Code   RO        11938    .ARM.Collect$$libinit$$00000011  c_w.l(libinit2.o)
    0x08000242   0x08000242   0x00000000   Code   RO        11940    .ARM.Collect$$libinit$$00000013  c_w.l(libinit2.o)
    0x08000242   0x08000242   0x00000000   Code   RO        11942    .ARM.Collect$$libinit$$00000015  c_w.l(libinit2.o)
    0x08000242   0x08000242   0x00000000   Code   RO        11944    .ARM.Collect$$libinit$$00000017  c_w.l(libinit2.o)
    0x08000242   0x08000242   0x00000000   Code   RO        11946    .ARM.Collect$$libinit$$00000019  c_w.l(libinit2.o)
    0x08000242   0x08000242   0x00000000   Code   RO        11948    .ARM.Collect$$libinit$$0000001B  c_w.l(libinit2.o)
    0x08000242   0x08000242   0x00000000   Code   RO        11950    .ARM.Collect$$libinit$$0000001D  c_w.l(libinit2.o)
    0x08000242   0x08000242   0x00000000   Code   RO        11952    .ARM.Collect$$libinit$$0000001F  c_w.l(libinit2.o)
    0x08000242   0x08000242   0x00000000   Code   RO        11954    .ARM.Collect$$libinit$$00000021  c_w.l(libinit2.o)
    0x08000242   0x08000242   0x00000000   Code   RO        11956    .ARM.Collect$$libinit$$00000023  c_w.l(libinit2.o)
    0x08000242   0x08000242   0x00000000   Code   RO        11958    .ARM.Collect$$libinit$$00000025  c_w.l(libinit2.o)
    0x08000242   0x08000242   0x00000000   Code   RO        11962    .ARM.Collect$$libinit$$0000002C  c_w.l(libinit2.o)
    0x08000242   0x08000242   0x00000000   Code   RO        11964    .ARM.Collect$$libinit$$0000002E  c_w.l(libinit2.o)
    0x08000242   0x08000242   0x00000000   Code   RO        11966    .ARM.Collect$$libinit$$00000030  c_w.l(libinit2.o)
    0x08000242   0x08000242   0x00000000   Code   RO        11968    .ARM.Collect$$libinit$$00000032  c_w.l(libinit2.o)
    0x08000242   0x08000242   0x00000002   Code   RO        11969    .ARM.Collect$$libinit$$00000033  c_w.l(libinit2.o)
    0x08000244   0x08000244   0x00000002   Code   RO        12216    .ARM.Collect$$libshutdown$$00000000  c_w.l(libshutdown.o)
    0x08000246   0x08000246   0x00000000   Code   RO        12174    .ARM.Collect$$libshutdown$$00000002  c_w.l(libshutdown2.o)
    0x08000246   0x08000246   0x00000000   Code   RO        12176    .ARM.Collect$$libshutdown$$00000004  c_w.l(libshutdown2.o)
    0x08000246   0x08000246   0x00000000   Code   RO        12179    .ARM.Collect$$libshutdown$$00000007  c_w.l(libshutdown2.o)
    0x08000246   0x08000246   0x00000000   Code   RO        12182    .ARM.Collect$$libshutdown$$0000000A  c_w.l(libshutdown2.o)
    0x08000246   0x08000246   0x00000000   Code   RO        12184    .ARM.Collect$$libshutdown$$0000000C  c_w.l(libshutdown2.o)
    0x08000246   0x08000246   0x00000000   Code   RO        12187    .ARM.Collect$$libshutdown$$0000000F  c_w.l(libshutdown2.o)
    0x08000246   0x08000246   0x00000002   Code   RO        12188    .ARM.Collect$$libshutdown$$00000010  c_w.l(libshutdown2.o)
    0x08000248   0x08000248   0x00000000   Code   RO        11800    .ARM.Collect$$rtentry$$00000000  c_w.l(__rtentry.o)
    0x08000248   0x08000248   0x00000000   Code   RO        12024    .ARM.Collect$$rtentry$$00000002  c_w.l(__rtentry2.o)
    0x08000248   0x08000248   0x00000006   Code   RO        12036    .ARM.Collect$$rtentry$$00000004  c_w.l(__rtentry4.o)
    0x0800024e   0x0800024e   0x00000000   Code   RO        12026    .ARM.Collect$$rtentry$$00000009  c_w.l(__rtentry2.o)
    0x0800024e   0x0800024e   0x00000004   Code   RO        12027    .ARM.Collect$$rtentry$$0000000A  c_w.l(__rtentry2.o)
    0x08000252   0x08000252   0x00000000   Code   RO        12029    .ARM.Collect$$rtentry$$0000000C  c_w.l(__rtentry2.o)
    0x08000252   0x08000252   0x00000008   Code   RO        12030    .ARM.Collect$$rtentry$$0000000D  c_w.l(__rtentry2.o)
    0x0800025a   0x0800025a   0x00000002   Code   RO        12156    .ARM.Collect$$rtexit$$00000000  c_w.l(rtexit.o)
    0x0800025c   0x0800025c   0x00000000   Code   RO        12192    .ARM.Collect$$rtexit$$00000002  c_w.l(rtexit2.o)
    0x0800025c   0x0800025c   0x00000004   Code   RO        12193    .ARM.Collect$$rtexit$$00000003  c_w.l(rtexit2.o)
    0x08000260   0x08000260   0x00000006   Code   RO        12194    .ARM.Collect$$rtexit$$00000004  c_w.l(rtexit2.o)
    0x08000266   0x08000266   0x00000002   PAD
    0x08000268   0x08000268   0x000000be   Code   RO        10918    .emb_text           port.o
    0x08000326   0x08000326   0x00000002   PAD
    0x08000328   0x08000328   0x00000040   Code   RO            4    .text               startup_stm32f407xx.o
    0x08000368   0x08000368   0x00000078   Code   RO        11454    .text               arm_cortexM4lf_math.lib(arm_cos_f32.o)
    0x080003e0   0x080003e0   0x00000074   Code   RO        11507    .text               arm_cortexM4lf_math.lib(arm_sin_f32.o)
    0x08000454   0x08000454   0x000000ee   Code   RO        11674    .text               c_w.l(lludivv7m.o)
    0x08000542   0x08000542   0x0000003e   Code   RO        11678    .text               c_w.l(strlen.o)
    0x08000580   0x08000580   0x0000008a   Code   RO        11680    .text               c_w.l(rt_memcpy_v6.o)
    0x0800060a   0x0800060a   0x00000064   Code   RO        11682    .text               c_w.l(rt_memcpy_w.o)
    0x0800066e   0x0800066e   0x00000010   Code   RO        11686    .text               c_w.l(aeabi_memset.o)
    0x0800067e   0x0800067e   0x00000044   Code   RO        11688    .text               c_w.l(rt_memclr.o)
    0x080006c2   0x080006c2   0x0000004e   Code   RO        11690    .text               c_w.l(rt_memclr_w.o)
    0x08000710   0x08000710   0x00000006   Code   RO        11692    .text               c_w.l(heapauxi.o)
    0x08000716   0x08000716   0x00000016   Code   RO        11830    .text               c_w.l(_rserrno.o)
    0x0800072c   0x0800072c   0x00000008   Code   RO        12020    .text               c_w.l(libspace.o)
    0x08000734   0x08000734   0x00000008   Code   RO        12043    .text               c_w.l(rt_errno_addr_intlibspace.o)
    0x0800073c   0x0800073c   0x00000030   Code   RO        12055    .text               c_w.l(_fptrap.o)
    0x0800076c   0x0800076c   0x00000002   Code   RO        12086    .text               c_w.l(use_no_semi.o)
    0x0800076e   0x0800076e   0x00000000   Code   RO        12088    .text               c_w.l(indicate_semi.o)
    0x0800076e   0x0800076e   0x0000004a   Code   RO        12089    .text               c_w.l(sys_stackheap_outer.o)
    0x080007b8   0x080007b8   0x00000012   Code   RO        12132    .text               c_w.l(exit.o)
    0x080007ca   0x080007ca   0x0000000a   Code   RO        12134    .text               c_w.l(defsig_exit.o)
    0x080007d4   0x080007d4   0x0000000e   Code   RO        12136    .text               c_w.l(defsig_fpe_outer.o)
    0x080007e2   0x080007e2   0x00000002   PAD
    0x080007e4   0x080007e4   0x0000000c   Code   RO        12154    .text               c_w.l(sys_exit.o)
    0x080007f0   0x080007f0   0x00000032   Code   RO        12167    .text               c_w.l(defsig_general.o)
    0x08000822   0x08000822   0x00000002   PAD
    0x08000824   0x08000824   0x000000ac   Code   RO        12169    .text               c_w.l(defsig_fpe_inner.o)
    0x080008d0   0x080008d0   0x0000000e   Code   RO        12189    .text               c_w.l(sys_wrch.o)
    0x080008de   0x080008de   0x00000002   PAD
    0x080008e0   0x080008e0   0x00000128   Code   RO         6496    i.ADC_Init          stm32f4xx_hal_adc.o
    0x08000a08   0x08000a08   0x00000004   Code   RO         4160    i.AHRS_asinf        ahrs_middleware.o
    0x08000a0c   0x08000a0c   0x00000004   Code   RO         4161    i.AHRS_atan2f       ahrs_middleware.o
    0x08000a10   0x08000a10   0x00000004   Code   RO         4162    i.AHRS_cosf         ahrs_middleware.o
    0x08000a14   0x08000a14   0x0000001a   Code   RO        11364    i.AHRS_fabs         AHRS.lib(ahrs.o)
    0x08000a2e   0x08000a2e   0x00000002   PAD
    0x08000a30   0x08000a30   0x00000014   Code   RO         4163    i.AHRS_get_height   ahrs_middleware.o
    0x08000a44   0x08000a44   0x0000000e   Code   RO         4164    i.AHRS_get_latitude  ahrs_middleware.o
    0x08000a52   0x08000a52   0x00000002   PAD
    0x08000a54   0x08000a54   0x0000029c   Code   RO        11365    i.AHRS_init         AHRS.lib(ahrs.o)
    0x08000cf0   0x08000cf0   0x00000014   Code   RO         4165    i.AHRS_invSqrt      ahrs_middleware.o
    0x08000d04   0x08000d04   0x00000004   Code   RO         4166    i.AHRS_sinf         ahrs_middleware.o
    0x08000d08   0x08000d08   0x0000013a   Code   RO        11366    i.AHRS_update       AHRS.lib(ahrs.o)
    0x08000e42   0x08000e42   0x00000002   PAD
    0x08000e44   0x08000e44   0x00000010   Code   RO         3975    i.BMI088_ACCEL_NS_H  bmi088middleware.o
    0x08000e54   0x08000e54   0x00000010   Code   RO         3976    i.BMI088_ACCEL_NS_L  bmi088middleware.o
    0x08000e64   0x08000e64   0x00000002   Code   RO         3977    i.BMI088_GPIO_init  bmi088middleware.o
    0x08000e66   0x08000e66   0x00000002   PAD
    0x08000e68   0x08000e68   0x00000010   Code   RO         3978    i.BMI088_GYRO_NS_H  bmi088middleware.o
    0x08000e78   0x08000e78   0x00000010   Code   RO         3979    i.BMI088_GYRO_NS_L  bmi088middleware.o
    0x08000e88   0x08000e88   0x00000080   Code   RO         3839    i.BMI088_accel_read_over  bmi088driver.o
    0x08000f08   0x08000f08   0x00000002   Code   RO         3980    i.BMI088_com_init   bmi088middleware.o
    0x08000f0a   0x08000f0a   0x00000004   Code   RO         3981    i.BMI088_delay_ms   bmi088middleware.o
    0x08000f0e   0x08000f0e   0x00000004   Code   RO         3982    i.BMI088_delay_us   bmi088middleware.o
    0x08000f12   0x08000f12   0x00000002   PAD
    0x08000f14   0x08000f14   0x00000060   Code   RO         3840    i.BMI088_gyro_read_over  bmi088driver.o
    0x08000f74   0x08000f74   0x0000002e   Code   RO         3841    i.BMI088_init       bmi088driver.o
    0x08000fa2   0x08000fa2   0x00000002   PAD
    0x08000fa4   0x08000fa4   0x00000158   Code   RO         3842    i.BMI088_read       bmi088driver.o
    0x080010fc   0x080010fc   0x00000024   Code   RO         3845    i.BMI088_read_muli_reg  bmi088driver.o
    0x08001120   0x08001120   0x00000016   Code   RO         3846    i.BMI088_read_single_reg  bmi088driver.o
    0x08001136   0x08001136   0x00000002   PAD
    0x08001138   0x08001138   0x00000020   Code   RO         3983    i.BMI088_read_write_byte  bmi088middleware.o
    0x08001158   0x08001158   0x0000002e   Code   RO         3847    i.BMI088_temperature_read_over  bmi088driver.o
    0x08001186   0x08001186   0x00000012   Code   RO         3848    i.BMI088_write_single_reg  bmi088driver.o
    0x08001198   0x08001198   0x00000002   Code   RO         1322    i.BusFault_Handler  stm32f4xx_it.o
    0x0800119a   0x0800119a   0x00000002   PAD
    0x0800119c   0x0800119c   0x0000000c   Code   RO         1323    i.CAN1_RX0_IRQHandler  stm32f4xx_it.o
    0x080011a8   0x080011a8   0x000000d8   Code   RO         3595    i.CAN1_send_channel  can_receive.o
    0x08001280   0x08001280   0x00000054   Code   RO         3598    i.CAN1_send_yaw     can_receive.o
    0x080012d4   0x080012d4   0x0000000c   Code   RO         1324    i.CAN2_RX0_IRQHandler  stm32f4xx_it.o
    0x080012e0   0x080012e0   0x00000048   Code   RO         3601    i.CAN_cmd_gimbal    can_receive.o
    0x08001328   0x08001328   0x00000044   Code   RO         3602    i.CAN_cmd_shoot     can_receive.o
    0x0800136c   0x0800136c   0x00000058   Code   RO         1929    i.DMA1_Stream7_IRQHandler  bsp_i2c.o
    0x080013c4   0x080013c4   0x0000000c   Code   RO         1325    i.DMA2_Stream1_IRQHandler  stm32f4xx_it.o
    0x080013d0   0x080013d0   0x000002bc   Code   RO         2460    i.DMA2_Stream2_IRQHandler  ins_task.o
    0x0800168c   0x0800168c   0x0000000c   Code   RO         1326    i.DMA2_Stream5_IRQHandler  stm32f4xx_it.o
    0x08001698   0x08001698   0x0000000c   Code   RO         1327    i.DMA2_Stream6_IRQHandler  stm32f4xx_it.o
    0x080016a4   0x080016a4   0x0000000c   Code   RO         1328    i.DMA2_Stream7_IRQHandler  stm32f4xx_it.o
    0x080016b0   0x080016b0   0x00000028   Code   RO         5823    i.DMA_CalcBaseAndBitshift  stm32f4xx_hal_dma.o
    0x080016d8   0x080016d8   0x00000054   Code   RO         5824    i.DMA_CheckFifoParam  stm32f4xx_hal_dma.o
    0x0800172c   0x0800172c   0x00000002   Code   RO         1329    i.DebugMon_Handler  stm32f4xx_it.o
    0x0800172e   0x0800172e   0x00000020   Code   RO         3203    i.ECDFormat         naive_gimbal_task.o
    0x0800174e   0x0800174e   0x00000020   Code   RO         3474    i.ECDFormat         naive_shoot_task.o
    0x0800176e   0x0800176e   0x00000006   Code   RO         1330    i.EXTI0_IRQHandler  stm32f4xx_it.o
    0x08001774   0x08001774   0x00000006   Code   RO         1331    i.EXTI3_IRQHandler  stm32f4xx_it.o
    0x0800177a   0x0800177a   0x00000006   Code   RO         1332    i.EXTI4_IRQHandler  stm32f4xx_it.o
    0x08001780   0x08001780   0x00000006   Code   RO         1333    i.EXTI9_5_IRQHandler  stm32f4xx_it.o
    0x08001786   0x08001786   0x0000004a   Code   RO         3114    i.Encode            nuccommu.o
    0x080017d0   0x080017d0   0x00000002   Code   RO           13    i.Error_Handler     main.o
    0x080017d2   0x080017d2   0x00000002   PAD
    0x080017d4   0x080017d4   0x0000014c   Code   RO         6498    i.HAL_ADC_ConfigChannel  stm32f4xx_hal_adc.o
    0x08001920   0x08001920   0x00000006   Code   RO         6505    i.HAL_ADC_GetValue  stm32f4xx_hal_adc.o
    0x08001926   0x08001926   0x00000054   Code   RO         6507    i.HAL_ADC_Init      stm32f4xx_hal_adc.o
    0x0800197a   0x0800197a   0x00000002   PAD
    0x0800197c   0x0800197c   0x0000007c   Code   RO          458    i.HAL_ADC_MspInit   adc.o
    0x080019f8   0x080019f8   0x000000a2   Code   RO         6511    i.HAL_ADC_PollForConversion  stm32f4xx_hal_adc.o
    0x08001a9a   0x08001a9a   0x00000002   PAD
    0x08001a9c   0x08001a9c   0x000000ec   Code   RO         6513    i.HAL_ADC_Start     stm32f4xx_hal_adc.o
    0x08001b88   0x08001b88   0x00000024   Code   RO         6769    i.HAL_CAN_ActivateNotification  stm32f4xx_hal_can.o
    0x08001bac   0x08001bac   0x000000c8   Code   RO         6770    i.HAL_CAN_AddTxMessage  stm32f4xx_hal_can.o
    0x08001c74   0x08001c74   0x0000010c   Code   RO         6771    i.HAL_CAN_ConfigFilter  stm32f4xx_hal_can.o
    0x08001d80   0x08001d80   0x00000002   Code   RO         6774    i.HAL_CAN_ErrorCallback  stm32f4xx_hal_can.o
    0x08001d82   0x08001d82   0x000000e8   Code   RO         6777    i.HAL_CAN_GetRxMessage  stm32f4xx_hal_can.o
    0x08001e6a   0x08001e6a   0x000001fc   Code   RO         6781    i.HAL_CAN_IRQHandler  stm32f4xx_hal_can.o
    0x08002066   0x08002066   0x0000011a   Code   RO         6782    i.HAL_CAN_Init      stm32f4xx_hal_can.o
    0x08002180   0x08002180   0x000000f8   Code   RO          506    i.HAL_CAN_MspInit   can.o
    0x08002278   0x08002278   0x00000002   Code   RO         6789    i.HAL_CAN_RxFifo0FullCallback  stm32f4xx_hal_can.o
    0x0800227a   0x0800227a   0x00000002   PAD
    0x0800227c   0x0800227c   0x000000e8   Code   RO         3604    i.HAL_CAN_RxFifo0MsgPendingCallback  can_receive.o
    0x08002364   0x08002364   0x00000002   Code   RO         6791    i.HAL_CAN_RxFifo1FullCallback  stm32f4xx_hal_can.o
    0x08002366   0x08002366   0x00000002   Code   RO         6792    i.HAL_CAN_RxFifo1MsgPendingCallback  stm32f4xx_hal_can.o
    0x08002368   0x08002368   0x00000002   Code   RO         6793    i.HAL_CAN_SleepCallback  stm32f4xx_hal_can.o
    0x0800236a   0x0800236a   0x00000056   Code   RO         6794    i.HAL_CAN_Start     stm32f4xx_hal_can.o
    0x080023c0   0x080023c0   0x00000002   Code   RO         6796    i.HAL_CAN_TxMailbox0AbortCallback  stm32f4xx_hal_can.o
    0x080023c2   0x080023c2   0x00000002   Code   RO         6797    i.HAL_CAN_TxMailbox0CompleteCallback  stm32f4xx_hal_can.o
    0x080023c4   0x080023c4   0x00000002   Code   RO         6798    i.HAL_CAN_TxMailbox1AbortCallback  stm32f4xx_hal_can.o
    0x080023c6   0x080023c6   0x00000002   Code   RO         6799    i.HAL_CAN_TxMailbox1CompleteCallback  stm32f4xx_hal_can.o
    0x080023c8   0x080023c8   0x00000002   Code   RO         6800    i.HAL_CAN_TxMailbox2AbortCallback  stm32f4xx_hal_can.o
    0x080023ca   0x080023ca   0x00000002   Code   RO         6801    i.HAL_CAN_TxMailbox2CompleteCallback  stm32f4xx_hal_can.o
    0x080023cc   0x080023cc   0x00000002   Code   RO         6803    i.HAL_CAN_WakeUpFromRxMsgCallback  stm32f4xx_hal_can.o
    0x080023ce   0x080023ce   0x00000026   Code   RO         7006    i.HAL_CRC_Init      stm32f4xx_hal_crc.o
    0x080023f4   0x080023f4   0x00000028   Code   RO          555    i.HAL_CRC_MspInit   crc.o
    0x0800241c   0x0800241c   0x000001a0   Code   RO         5831    i.HAL_DMA_IRQHandler  stm32f4xx_hal_dma.o
    0x080025bc   0x080025bc   0x000000d4   Code   RO         5832    i.HAL_DMA_Init      stm32f4xx_hal_dma.o
    0x08002690   0x08002690   0x0000008c   Code   RO         2461    i.HAL_GPIO_EXTI_Callback  ins_task.o
    0x0800271c   0x0800271c   0x00000018   Code   RO         5718    i.HAL_GPIO_EXTI_IRQHandler  stm32f4xx_hal_gpio.o
    0x08002734   0x08002734   0x000001c0   Code   RO         5719    i.HAL_GPIO_Init     stm32f4xx_hal_gpio.o
    0x080028f4   0x080028f4   0x0000000a   Code   RO         5723    i.HAL_GPIO_WritePin  stm32f4xx_hal_gpio.o
    0x080028fe   0x080028fe   0x00000002   PAD
    0x08002900   0x08002900   0x0000000c   Code   RO         6251    i.HAL_GetTick       stm32f4xx_hal.o
    0x0800290c   0x0800290c   0x00000174   Code   RO         7073    i.HAL_I2C_Init      stm32f4xx_hal_i2c.o
    0x08002a80   0x08002a80   0x000001f8   Code   RO         7091    i.HAL_I2C_Mem_Read  stm32f4xx_hal_i2c.o
    0x08002c78   0x08002c78   0x00000130   Code   RO         7094    i.HAL_I2C_Mem_Write  stm32f4xx_hal_i2c.o
    0x08002da8   0x08002da8   0x00000164   Code   RO          621    i.HAL_I2C_MspInit   i2c.o
    0x08002f0c   0x08002f0c   0x00000010   Code   RO         6257    i.HAL_IncTick       stm32f4xx_hal.o
    0x08002f1c   0x08002f1c   0x00000034   Code   RO         6258    i.HAL_Init          stm32f4xx_hal.o
    0x08002f50   0x08002f50   0x00000040   Code   RO         6259    i.HAL_InitTick      stm32f4xx_hal.o
    0x08002f90   0x08002f90   0x00000038   Code   RO         1452    i.HAL_MspInit       stm32f4xx_hal_msp.o
    0x08002fc8   0x08002fc8   0x0000001a   Code   RO         6108    i.HAL_NVIC_EnableIRQ  stm32f4xx_hal_cortex.o
    0x08002fe2   0x08002fe2   0x00000002   PAD
    0x08002fe4   0x08002fe4   0x00000040   Code   RO         6114    i.HAL_NVIC_SetPriority  stm32f4xx_hal_cortex.o
    0x08003024   0x08003024   0x00000024   Code   RO         6115    i.HAL_NVIC_SetPriorityGrouping  stm32f4xx_hal_cortex.o
    0x08003048   0x08003048   0x00000002   Code   RO         5023    i.HAL_PCDEx_LPM_Callback  stm32f4xx_hal_pcd_ex.o
    0x0800304a   0x0800304a   0x00000008   Code   RO          990    i.HAL_PCD_ConnectCallback  usbd_conf.o
    0x08003052   0x08003052   0x00000012   Code   RO          991    i.HAL_PCD_DataInStageCallback  usbd_conf.o
    0x08003064   0x08003064   0x00000014   Code   RO          992    i.HAL_PCD_DataOutStageCallback  usbd_conf.o
    0x08003078   0x08003078   0x00000008   Code   RO          993    i.HAL_PCD_DisconnectCallback  usbd_conf.o
    0x08003080   0x08003080   0x0000005c   Code   RO         4812    i.HAL_PCD_EP_ClrStall  stm32f4xx_hal_pcd.o
    0x080030dc   0x080030dc   0x00000060   Code   RO         4815    i.HAL_PCD_EP_Open   stm32f4xx_hal_pcd.o
    0x0800313c   0x0800313c   0x00000048   Code   RO         4816    i.HAL_PCD_EP_Receive  stm32f4xx_hal_pcd.o
    0x08003184   0x08003184   0x00000074   Code   RO         4817    i.HAL_PCD_EP_SetStall  stm32f4xx_hal_pcd.o
    0x080031f8   0x080031f8   0x00000040   Code   RO         4818    i.HAL_PCD_EP_Transmit  stm32f4xx_hal_pcd.o
    0x08003238   0x08003238   0x00000448   Code   RO         4820    i.HAL_PCD_IRQHandler  stm32f4xx_hal_pcd.o
    0x08003680   0x08003680   0x00000008   Code   RO          994    i.HAL_PCD_ISOINIncompleteCallback  usbd_conf.o
    0x08003688   0x08003688   0x00000008   Code   RO          995    i.HAL_PCD_ISOOUTIncompleteCallback  usbd_conf.o
    0x08003690   0x08003690   0x0000002c   Code   RO          998    i.HAL_PCD_ResetCallback  usbd_conf.o
    0x080036bc   0x080036bc   0x00000008   Code   RO          999    i.HAL_PCD_ResumeCallback  usbd_conf.o
    0x080036c4   0x080036c4   0x00000008   Code   RO         1000    i.HAL_PCD_SOFCallback  usbd_conf.o
    0x080036cc   0x080036cc   0x00000028   Code   RO         4829    i.HAL_PCD_SetAddress  stm32f4xx_hal_pcd.o
    0x080036f4   0x080036f4   0x0000000e   Code   RO         1001    i.HAL_PCD_SetupStageCallback  usbd_conf.o
    0x08003702   0x08003702   0x00000002   PAD
    0x08003704   0x08003704   0x00000030   Code   RO         1002    i.HAL_PCD_SuspendCallback  usbd_conf.o
    0x08003734   0x08003734   0x0000013c   Code   RO         5470    i.HAL_RCCEx_PeriphCLKConfig  stm32f4xx_hal_rcc_ex.o
    0x08003870   0x08003870   0x00000130   Code   RO         5365    i.HAL_RCC_ClockConfig  stm32f4xx_hal_rcc.o
    0x080039a0   0x080039a0   0x0000000c   Code   RO         5370    i.HAL_RCC_GetHCLKFreq  stm32f4xx_hal_rcc.o
    0x080039ac   0x080039ac   0x00000020   Code   RO         5372    i.HAL_RCC_GetPCLK1Freq  stm32f4xx_hal_rcc.o
    0x080039cc   0x080039cc   0x00000020   Code   RO         5373    i.HAL_RCC_GetPCLK2Freq  stm32f4xx_hal_rcc.o
    0x080039ec   0x080039ec   0x00000064   Code   RO         5374    i.HAL_RCC_GetSysClockFreq  stm32f4xx_hal_rcc.o
    0x08003a50   0x08003a50   0x00000314   Code   RO         5377    i.HAL_RCC_OscConfig  stm32f4xx_hal_rcc.o
    0x08003d64   0x08003d64   0x00000032   Code   RO         7511    i.HAL_RNG_Init      stm32f4xx_hal_rng.o
    0x08003d96   0x08003d96   0x00000002   PAD
    0x08003d98   0x08003d98   0x00000028   Code   RO          675    i.HAL_RNG_MspInit   rng.o
    0x08003dc0   0x08003dc0   0x000000ac   Code   RO         7612    i.HAL_RTC_Init      stm32f4xx_hal_rtc.o
    0x08003e6c   0x08003e6c   0x00000018   Code   RO          717    i.HAL_RTC_MspInit   rtc.o
    0x08003e84   0x08003e84   0x00000034   Code   RO         7620    i.HAL_RTC_WaitForSynchro  stm32f4xx_hal_rtc.o
    0x08003eb8   0x08003eb8   0x00000080   Code   RO         7980    i.HAL_SPI_Init      stm32f4xx_hal_spi.o
    0x08003f38   0x08003f38   0x00000144   Code   RO          759    i.HAL_SPI_MspInit   spi.o
    0x0800407c   0x0800407c   0x000001da   Code   RO         7989    i.HAL_SPI_TransmitReceive  stm32f4xx_hal_spi.o
    0x08004256   0x08004256   0x00000028   Code   RO         6119    i.HAL_SYSTICK_Config  stm32f4xx_hal_cortex.o
    0x0800427e   0x0800427e   0x00000054   Code   RO         8971    i.HAL_TIMEx_ConfigBreakDeadTime  stm32f4xx_hal_tim_ex.o
    0x080042d2   0x080042d2   0x00000042   Code   RO         8986    i.HAL_TIMEx_MasterConfigSynchronization  stm32f4xx_hal_tim_ex.o
    0x08004314   0x08004314   0x00000036   Code   RO         8293    i.HAL_TIM_Base_Init  stm32f4xx_hal_tim.o
    0x0800434a   0x0800434a   0x00000002   PAD
    0x0800434c   0x0800434c   0x000000ac   Code   RO          807    i.HAL_TIM_Base_MspInit  tim.o
    0x080043f8   0x080043f8   0x00000024   Code   RO         8296    i.HAL_TIM_Base_Start  stm32f4xx_hal_tim.o
    0x0800441c   0x0800441c   0x000000d6   Code   RO         8302    i.HAL_TIM_ConfigClockSource  stm32f4xx_hal_tim.o
    0x080044f2   0x080044f2   0x00000002   PAD
    0x080044f4   0x080044f4   0x00000204   Code   RO          808    i.HAL_TIM_MspPostInit  tim.o
    0x080046f8   0x080046f8   0x000000d0   Code   RO         8360    i.HAL_TIM_PWM_ConfigChannel  stm32f4xx_hal_tim.o
    0x080047c8   0x080047c8   0x00000036   Code   RO         8363    i.HAL_TIM_PWM_Init  stm32f4xx_hal_tim.o
    0x080047fe   0x080047fe   0x00000002   Code   RO         8365    i.HAL_TIM_PWM_MspInit  stm32f4xx_hal_tim.o
    0x08004800   0x08004800   0x00000044   Code   RO         8368    i.HAL_TIM_PWM_Start  stm32f4xx_hal_tim.o
    0x08004844   0x08004844   0x00000062   Code   RO         9244    i.HAL_UART_Init     stm32f4xx_hal_uart.o
    0x080048a6   0x080048a6   0x00000002   PAD
    0x080048a8   0x080048a8   0x00000268   Code   RO          885    i.HAL_UART_MspInit  usart.o
    0x08004b10   0x08004b10   0x000000ba   Code   RO         9252    i.HAL_UART_Transmit  stm32f4xx_hal_uart.o
    0x08004bca   0x08004bca   0x00000002   Code   RO         1334    i.HardFault_Handler  stm32f4xx_it.o
    0x08004bcc   0x08004bcc   0x0000002e   Code   RO         7115    i.I2C_IsAcknowledgeFailed  stm32f4xx_hal_i2c.o
    0x08004bfa   0x08004bfa   0x000000e6   Code   RO         7124    i.I2C_RequestMemoryRead  stm32f4xx_hal_i2c.o
    0x08004ce0   0x08004ce0   0x00000094   Code   RO         7125    i.I2C_RequestMemoryWrite  stm32f4xx_hal_i2c.o
    0x08004d74   0x08004d74   0x0000004c   Code   RO         7128    i.I2C_WaitOnBTFFlagUntilTimeout  stm32f4xx_hal_i2c.o
    0x08004dc0   0x08004dc0   0x00000068   Code   RO         7129    i.I2C_WaitOnFlagUntilTimeout  stm32f4xx_hal_i2c.o
    0x08004e28   0x08004e28   0x00000098   Code   RO         7130    i.I2C_WaitOnMasterAddressFlagUntilTimeout  stm32f4xx_hal_i2c.o
    0x08004ec0   0x08004ec0   0x0000006a   Code   RO         7131    i.I2C_WaitOnRXNEFlagUntilTimeout  stm32f4xx_hal_i2c.o
    0x08004f2a   0x08004f2a   0x0000004c   Code   RO         7132    i.I2C_WaitOnTXEFlagUntilTimeout  stm32f4xx_hal_i2c.o
    0x08004f76   0x08004f76   0x00000002   PAD
    0x08004f78   0x08004f78   0x00000060   Code   RO         2462    i.INS_cali_gyro     ins_task.o
    0x08004fd8   0x08004fd8   0x00000028   Code   RO         2463    i.INS_set_cali_gyro  ins_task.o
    0x08005000   0x08005000   0x000002b4   Code   RO         2464    i.INS_task          ins_task.o
    0x080052b4   0x080052b4   0x00000064   Code   RO          459    i.MX_ADC1_Init      adc.o
    0x08005318   0x08005318   0x00000064   Code   RO          460    i.MX_ADC3_Init      adc.o
    0x0800537c   0x0800537c   0x00000044   Code   RO          507    i.MX_CAN1_Init      can.o
    0x080053c0   0x080053c0   0x00000044   Code   RO          508    i.MX_CAN2_Init      can.o
    0x08005404   0x08005404   0x00000024   Code   RO          556    i.MX_CRC_Init       crc.o
    0x08005428   0x08005428   0x000000ac   Code   RO          596    i.MX_DMA_Init       dma.o
    0x080054d4   0x080054d4   0x000000c0   Code   RO          385    i.MX_FREERTOS_Init  freertos.o
    0x08005594   0x08005594   0x000001cc   Code   RO          361    i.MX_GPIO_Init      gpio.o
    0x08005760   0x08005760   0x00000040   Code   RO          622    i.MX_I2C1_Init      i2c.o
    0x080057a0   0x080057a0   0x00000040   Code   RO          623    i.MX_I2C2_Init      i2c.o
    0x080057e0   0x080057e0   0x00000040   Code   RO          624    i.MX_I2C3_Init      i2c.o
    0x08005820   0x08005820   0x00000024   Code   RO          676    i.MX_RNG_Init       rng.o
    0x08005844   0x08005844   0x00000038   Code   RO          718    i.MX_RTC_Init       rtc.o
    0x0800587c   0x0800587c   0x00000048   Code   RO          760    i.MX_SPI1_Init      spi.o
    0x080058c4   0x080058c4   0x00000048   Code   RO          761    i.MX_SPI2_Init      spi.o
    0x0800590c   0x0800590c   0x00000064   Code   RO          809    i.MX_TIM10_Init     tim.o
    0x08005970   0x08005970   0x000000fc   Code   RO          810    i.MX_TIM1_Init      tim.o
    0x08005a6c   0x08005a6c   0x00000098   Code   RO          811    i.MX_TIM3_Init      tim.o
    0x08005b04   0x08005b04   0x00000098   Code   RO          812    i.MX_TIM4_Init      tim.o
    0x08005b9c   0x08005b9c   0x000000b8   Code   RO          813    i.MX_TIM5_Init      tim.o
    0x08005c54   0x08005c54   0x000000dc   Code   RO          814    i.MX_TIM8_Init      tim.o
    0x08005d30   0x08005d30   0x00000038   Code   RO          886    i.MX_USART1_UART_Init  usart.o
    0x08005d68   0x08005d68   0x00000040   Code   RO          887    i.MX_USART3_UART_Init  usart.o
    0x08005da8   0x08005da8   0x00000038   Code   RO          888    i.MX_USART6_UART_Init  usart.o
    0x08005de0   0x08005de0   0x00000002   Code   RO         1335    i.MemManage_Handler  stm32f4xx_it.o
    0x08005de2   0x08005de2   0x00000002   Code   RO         1336    i.NMI_Handler       stm32f4xx_it.o
    0x08005de4   0x08005de4   0x00000060   Code   RO         2244    i.NUC_com_init      bsp_nuccom.o
    0x08005e44   0x08005e44   0x00000024   Code   RO         3714    i.OLED_com_reset    oled.o
    0x08005e68   0x08005e68   0x0000000c   Code   RO         1337    i.OTG_FS_IRQHandler  stm32f4xx_it.o
    0x08005e74   0x08005e74   0x000000d8   Code   RO         4834    i.PCD_EP_OutXfrComplete_int  stm32f4xx_hal_pcd.o
    0x08005f4c   0x08005f4c   0x00000098   Code   RO         4835    i.PCD_WriteEmptyTxFifo  stm32f4xx_hal_pcd.o
    0x08005fe4   0x08005fe4   0x00000128   Code   RO         4763    i.PID_calc          pid.o
    0x0800610c   0x0800610c   0x00000040   Code   RO         4764    i.PID_clear         pid.o
    0x0800614c   0x0800614c   0x0000005c   Code   RO         4765    i.PID_init          pid.o
    0x080061a8   0x080061a8   0x00000060   Code   RO         2062    i.RC_Init           bsp_rc.o
    0x08006208   0x08006208   0x0000003c   Code   RO         2063    i.RC_restart        bsp_rc.o
    0x08006244   0x08006244   0x00000014   Code   RO         2064    i.RC_unable         bsp_rc.o
    0x08006258   0x08006258   0x00000038   Code   RO         7623    i.RTC_EnterInitMode  stm32f4xx_hal_rtc.o
    0x08006290   0x08006290   0x00001274   Code   RO         2136    i.SPI1_DMA_enable   bsp_spi.o
    0x08007504   0x08007504   0x00000100   Code   RO         2137    i.SPI1_DMA_init     bsp_spi.o
    0x08007604   0x08007604   0x00000058   Code   RO         8018    i.SPI_EndRxTxTransaction  stm32f4xx_hal_spi.o
    0x0800765c   0x0800765c   0x00000094   Code   RO         8023    i.SPI_WaitFlagStateUntilTimeout  stm32f4xx_hal_spi.o
    0x080076f0   0x080076f0   0x00000018   Code   RO         1338    i.SysTick_Handler   stm32f4xx_it.o
    0x08007708   0x08007708   0x0000009c   Code   RO           14    i.SystemClock_Config  main.o
    0x080077a4   0x080077a4   0x00000054   Code   RO         1477    i.SystemInit        system_stm32f4xx.o
    0x080077f8   0x080077f8   0x000000c8   Code   RO         8381    i.TIM_Base_SetConfig  stm32f4xx_hal_tim.o
    0x080078c0   0x080078c0   0x0000001a   Code   RO         8382    i.TIM_CCxChannelCmd  stm32f4xx_hal_tim.o
    0x080078da   0x080078da   0x00000014   Code   RO         8392    i.TIM_ETR_SetConfig  stm32f4xx_hal_tim.o
    0x080078ee   0x080078ee   0x00000010   Code   RO         8393    i.TIM_ITRx_SetConfig  stm32f4xx_hal_tim.o
    0x080078fe   0x080078fe   0x00000002   PAD
    0x08007900   0x08007900   0x00000060   Code   RO         8394    i.TIM_OC1_SetConfig  stm32f4xx_hal_tim.o
    0x08007960   0x08007960   0x0000006c   Code   RO         8395    i.TIM_OC2_SetConfig  stm32f4xx_hal_tim.o
    0x080079cc   0x080079cc   0x00000068   Code   RO         8396    i.TIM_OC3_SetConfig  stm32f4xx_hal_tim.o
    0x08007a34   0x08007a34   0x00000050   Code   RO         8397    i.TIM_OC4_SetConfig  stm32f4xx_hal_tim.o
    0x08007a84   0x08007a84   0x00000022   Code   RO         8399    i.TIM_TI1_ConfigInputStage  stm32f4xx_hal_tim.o
    0x08007aa6   0x08007aa6   0x00000024   Code   RO         8401    i.TIM_TI2_ConfigInputStage  stm32f4xx_hal_tim.o
    0x08007aca   0x08007aca   0x00000002   PAD
    0x08007acc   0x08007acc   0x000002ac   Code   RO         9270    i.UART_SetConfig    stm32f4xx_hal_uart.o
    0x08007d78   0x08007d78   0x00000062   Code   RO         9272    i.UART_WaitOnFlagUntilTimeout  stm32f4xx_hal_uart.o
    0x08007dda   0x08007dda   0x00000002   PAD
    0x08007ddc   0x08007ddc   0x000000a8   Code   RO         3116    i.USART1_IRQHandler  nuccommu.o
    0x08007e84   0x08007e84   0x000000ac   Code   RO         2842    i.USART3_IRQHandler  remote_control.o
    0x08007f30   0x08007f30   0x00000098   Code   RO         2788    i.USART6_IRQHandler  referee_usart_task.o
    0x08007fc8   0x08007fc8   0x0000000e   Code   RO        10998    i.USBD_ClrClassConfig  usbd_core.o
    0x08007fd6   0x08007fd6   0x00000010   Code   RO        11201    i.USBD_CtlContinueRx  usbd_ioreq.o
    0x08007fe6   0x08007fe6   0x00000010   Code   RO        11202    i.USBD_CtlContinueSendData  usbd_ioreq.o
    0x08007ff6   0x08007ff6   0x00000016   Code   RO        11136    i.USBD_CtlError     usbd_ctlreq.o
    0x0800800c   0x0800800c   0x00000016   Code   RO        11204    i.USBD_CtlReceiveStatus  usbd_ioreq.o
    0x08008022   0x08008022   0x0000001a   Code   RO        11205    i.USBD_CtlSendData  usbd_ioreq.o
    0x0800803c   0x0800803c   0x00000016   Code   RO        11206    i.USBD_CtlSendStatus  usbd_ioreq.o
    0x08008052   0x08008052   0x000000e8   Code   RO        11137    i.USBD_GetDescriptor  usbd_ctlreq.o
    0x0800813a   0x0800813a   0x00000018   Code   RO         1003    i.USBD_Get_USB_Status  usbd_conf.o
    0x08008152   0x08008152   0x00000012   Code   RO         1004    i.USBD_LL_ClearStallEP  usbd_conf.o
    0x08008164   0x08008164   0x000000c6   Code   RO        11001    i.USBD_LL_DataInStage  usbd_core.o
    0x0800822a   0x0800822a   0x00000082   Code   RO        11002    i.USBD_LL_DataOutStage  usbd_core.o
    0x080082ac   0x080082ac   0x00000004   Code   RO        11003    i.USBD_LL_DevConnected  usbd_core.o
    0x080082b0   0x080082b0   0x00000016   Code   RO        11004    i.USBD_LL_DevDisconnected  usbd_core.o
    0x080082c6   0x080082c6   0x00000020   Code   RO         1011    i.USBD_LL_IsStallEP  usbd_conf.o
    0x080082e6   0x080082e6   0x00000004   Code   RO        11005    i.USBD_LL_IsoINIncomplete  usbd_core.o
    0x080082ea   0x080082ea   0x00000004   Code   RO        11006    i.USBD_LL_IsoOUTIncomplete  usbd_core.o
    0x080082ee   0x080082ee   0x00000018   Code   RO         1012    i.USBD_LL_OpenEP    usbd_conf.o
    0x08008306   0x08008306   0x00000012   Code   RO         1013    i.USBD_LL_PrepareReceive  usbd_conf.o
    0x08008318   0x08008318   0x00000050   Code   RO        11007    i.USBD_LL_Reset     usbd_core.o
    0x08008368   0x08008368   0x0000000c   Code   RO        11008    i.USBD_LL_Resume    usbd_core.o
    0x08008374   0x08008374   0x00000018   Code   RO        11009    i.USBD_LL_SOF       usbd_core.o
    0x0800838c   0x0800838c   0x00000006   Code   RO        11010    i.USBD_LL_SetSpeed  usbd_core.o
    0x08008392   0x08008392   0x00000012   Code   RO         1014    i.USBD_LL_SetUSBAddress  usbd_conf.o
    0x080083a4   0x080083a4   0x0000005a   Code   RO        11011    i.USBD_LL_SetupStage  usbd_core.o
    0x080083fe   0x080083fe   0x00000012   Code   RO         1015    i.USBD_LL_StallEP   usbd_conf.o
    0x08008410   0x08008410   0x00000012   Code   RO        11012    i.USBD_LL_Suspend   usbd_core.o
    0x08008422   0x08008422   0x00000012   Code   RO         1018    i.USBD_LL_Transmit  usbd_conf.o
    0x08008434   0x08008434   0x00000028   Code   RO        11139    i.USBD_ParseSetupRequest  usbd_ctlreq.o
    0x0800845c   0x0800845c   0x00000016   Code   RO        11015    i.USBD_SetClassConfig  usbd_core.o
    0x08008472   0x08008472   0x00000002   PAD
    0x08008474   0x08008474   0x00000084   Code   RO        11140    i.USBD_SetConfig    usbd_ctlreq.o
    0x080084f8   0x080084f8   0x00000112   Code   RO        11141    i.USBD_StdDevReq    usbd_ctlreq.o
    0x0800860a   0x0800860a   0x00000150   Code   RO        11142    i.USBD_StdEPReq     usbd_ctlreq.o
    0x0800875a   0x0800875a   0x0000004e   Code   RO        11143    i.USBD_StdItfReq    usbd_ctlreq.o
    0x080087a8   0x080087a8   0x00000080   Code   RO         5065    i.USB_ActivateEndpoint  stm32f4xx_ll_usb.o
    0x08008828   0x08008828   0x00000034   Code   RO         5067    i.USB_ActivateSetup  stm32f4xx_ll_usb.o
    0x0800885c   0x0800885c   0x00000118   Code   RO         5080    i.USB_EP0StartXfer  stm32f4xx_ll_usb.o
    0x08008974   0x08008974   0x00000058   Code   RO         5081    i.USB_EP0_OutStart  stm32f4xx_ll_usb.o
    0x080089cc   0x080089cc   0x00000058   Code   RO         5082    i.USB_EPClearStall  stm32f4xx_ll_usb.o
    0x08008a24   0x08008a24   0x00000058   Code   RO         5083    i.USB_EPSetStall    stm32f4xx_ll_usb.o
    0x08008a7c   0x08008a7c   0x000001e4   Code   RO         5084    i.USB_EPStartXfer   stm32f4xx_ll_usb.o
    0x08008c60   0x08008c60   0x00000024   Code   RO         5087    i.USB_FlushTxFifo   stm32f4xx_ll_usb.o
    0x08008c84   0x08008c84   0x0000001a   Code   RO         5089    i.USB_GetDevSpeed   stm32f4xx_ll_usb.o
    0x08008c9e   0x08008c9e   0x00000008   Code   RO         5091    i.USB_GetMode       stm32f4xx_ll_usb.o
    0x08008ca6   0x08008ca6   0x0000000e   Code   RO         5098    i.USB_ReadDevAllInEpInterrupt  stm32f4xx_ll_usb.o
    0x08008cb4   0x08008cb4   0x0000000e   Code   RO         5099    i.USB_ReadDevAllOutEpInterrupt  stm32f4xx_ll_usb.o
    0x08008cc2   0x08008cc2   0x00000024   Code   RO         5100    i.USB_ReadDevInEPInterrupt  stm32f4xx_ll_usb.o
    0x08008ce6   0x08008ce6   0x00000010   Code   RO         5101    i.USB_ReadDevOutEPInterrupt  stm32f4xx_ll_usb.o
    0x08008cf6   0x08008cf6   0x00000008   Code   RO         5102    i.USB_ReadInterrupts  stm32f4xx_ll_usb.o
    0x08008cfe   0x08008cfe   0x0000001e   Code   RO         5103    i.USB_ReadPacket    stm32f4xx_ll_usb.o
    0x08008d1c   0x08008d1c   0x00000022   Code   RO         5106    i.USB_SetDevAddress  stm32f4xx_ll_usb.o
    0x08008d3e   0x08008d3e   0x00000002   PAD
    0x08008d40   0x08008d40   0x000000e8   Code   RO         5108    i.USB_SetTurnaroundTime  stm32f4xx_ll_usb.o
    0x08008e28   0x08008e28   0x00000024   Code   RO         5111    i.USB_WritePacket   stm32f4xx_ll_usb.o
    0x08008e4c   0x08008e4c   0x00000002   Code   RO         1339    i.UsageFault_Handler  stm32f4xx_it.o
    0x08008e4e   0x08008e4e   0x00000026   Code   RO        11999    i.__ARM_fpclassifyf  m_wm.l(fpclassifyf.o)
    0x08008e74   0x08008e74   0x00000020   Code   RO         6121    i.__NVIC_SetPriority  stm32f4xx_hal_cortex.o
    0x08008e94   0x08008e94   0x0000012c   Code   RO        11730    i.__hardfp_asinf    m_wm.l(asinf.o)
    0x08008fc0   0x08008fc0   0x00000250   Code   RO        11742    i.__hardfp_atan2f   m_wm.l(atan2f.o)
    0x08009210   0x08009210   0x0000003a   Code   RO        11786    i.__hardfp_sqrtf    m_wm.l(sqrtf_full.o)
    0x0800924a   0x0800924a   0x00000006   Code   RO        12002    i.__mathlib_flt_infnan  m_wm.l(funder.o)
    0x08009250   0x08009250   0x00000006   Code   RO        12003    i.__mathlib_flt_infnan2  m_wm.l(funder.o)
    0x08009256   0x08009256   0x00000002   PAD
    0x08009258   0x08009258   0x00000010   Code   RO        12004    i.__mathlib_flt_invalid  m_wm.l(funder.o)
    0x08009268   0x08009268   0x00000010   Code   RO        12007    i.__mathlib_flt_underflow  m_wm.l(funder.o)
    0x08009278   0x08009278   0x0000003c   Code   RO         2033    i.aRGB_led_show     bsp_led.o
    0x080092b4   0x080092b4   0x000001d0   Code   RO        11367    i.accel_comple_filter  AHRS.lib(ahrs.o)
    0x08009484   0x08009484   0x0000018c   Code   RO        11368    i.accel_update_kp_ki  AHRS.lib(ahrs.o)
    0x08009610   0x08009610   0x0000003c   Code   RO         1514    i.adcx_get_chx_value  bsp_adc.o
    0x0800964c   0x0800964c   0x0000016c   Code   RO        11369    i.angle_to_quat     AHRS.lib(ahrs.o)
    0x080097b8   0x080097b8   0x00000128   Code   RO         3849    i.bmi088_accel_init  bmi088driver.o
    0x080098e0   0x080098e0   0x000002bc   Code   RO         3850    i.bmi088_accel_self_test  bmi088driver.o
    0x08009b9c   0x08009b9c   0x000000dc   Code   RO         3851    i.bmi088_gyro_init  bmi088driver.o
    0x08009c78   0x08009c78   0x000000c8   Code   RO         3852    i.bmi088_gyro_self_test  bmi088driver.o
    0x08009d40   0x08009d40   0x0000004c   Code   RO         1936    i.bsp_I2C_reset     bsp_i2c.o
    0x08009d8c   0x08009d8c   0x00000010   Code   RO         1661    i.buzzer_off        bsp_buzzer.o
    0x08009d9c   0x08009d9c   0x00000010   Code   RO         1662    i.buzzer_on         bsp_buzzer.o
    0x08009dac   0x08009dac   0x0000008c   Code   RO         3475    i.calcGiveCurrent1  naive_shoot_task.o
    0x08009e38   0x08009e38   0x00000084   Code   RO         3206    i.calcPID           naive_gimbal_task.o
    0x08009ebc   0x08009ebc   0x0000008c   Code   RO         2270    i.cali_data_read    calibrate_task.o
    0x08009f48   0x08009f48   0x00000004   Code   RO         2272    i.cali_gimbal_hook  calibrate_task.o
    0x08009f4c   0x08009f4c   0x00000054   Code   RO         2273    i.cali_gyro_hook    calibrate_task.o
    0x08009fa0   0x08009fa0   0x0000003c   Code   RO         2274    i.cali_head_hook    calibrate_task.o
    0x08009fdc   0x08009fdc   0x00000078   Code   RO         2275    i.cali_param_init   calibrate_task.o
    0x0800a054   0x0800a054   0x00000058   Code   RO         1695    i.can_filter_init   bsp_can.o
    0x0800a0ac   0x0800a0ac   0x00000028   Code   RO         1763    i.delay_init        bsp_delay.o
    0x0800a0d4   0x0800a0d4   0x00000034   Code   RO         1765    i.delay_us          bsp_delay.o
    0x0800a108   0x0800a108   0x00000050   Code   RO         2402    i.detect_hook       detect_task.o
    0x0800a158   0x0800a158   0x00000088   Code   RO         2403    i.detect_init       detect_task.o
    0x0800a1e0   0x0800a1e0   0x000000f8   Code   RO         2404    i.detect_task       detect_task.o
    0x0800a2d8   0x0800a2d8   0x0000007c   Code   RO         4518    i.fifo_s_puts       fifo.o
    0x0800a354   0x0800a354   0x0000004e   Code   RO         4330    i.first_order_filter_cali  user_lib.o
    0x0800a3a2   0x0800a3a2   0x00000012   Code   RO         4331    i.first_order_filter_init  user_lib.o
    0x0800a3b4   0x0800a3b4   0x0000000c   Code   RO         1805    i.flash_read        bsp_flash.o
    0x0800a3c0   0x0800a3c0   0x00000188   Code   RO         3208    i.getControlAngles  naive_gimbal_task.o
    0x0800a548   0x0800a548   0x000000d8   Code   RO         3476    i.getInstructionAndBuff  naive_shoot_task.o
    0x0800a620   0x0800a620   0x00000008   Code   RO         3547    i.getRobotPresentMode  robot_total_mode.o
    0x0800a628   0x0800a628   0x00000008   Code   RO         3477    i.getTriggerCurrentP  naive_shoot_task.o
    0x0800a630   0x0800a630   0x00000008   Code   RO         2465    i.get_INS_angle_point  ins_task.o
    0x0800a638   0x0800a638   0x000000e8   Code   RO        11370    i.get_angle         AHRS.lib(ahrs.o)
    0x0800a720   0x0800a720   0x0000000c   Code   RO         2277    i.get_control_temperature  calibrate_task.o
    0x0800a72c   0x0800a72c   0x00000008   Code   RO         3118    i.get_nuc_control_point  nuccommu.o
    0x0800a734   0x0800a734   0x00000008   Code   RO         3606    i.get_pitch_gimbal_motor_measure_point  can_receive.o
    0x0800a73c   0x0800a73c   0x00000008   Code   RO         2843    i.get_remote_control_point  remote_control.o
    0x0800a744   0x0800a744   0x00000014   Code   RO         3608    i.get_shoot_motor_measure_point  can_receive.o
    0x0800a758   0x0800a758   0x00000044   Code   RO         1517    i.get_temprate      bsp_adc.o
    0x0800a79c   0x0800a79c   0x00000008   Code   RO         3609    i.get_trigger_motor_measure_point  can_receive.o
    0x0800a7a4   0x0800a7a4   0x00000008   Code   RO         3210    i.get_wantedyaw_point  naive_gimbal_task.o
    0x0800a7ac   0x0800a7ac   0x00000008   Code   RO         3610    i.get_yaw_gimbal_motor_measure_point  can_receive.o
    0x0800a7b4   0x0800a7b4   0x00000174   Code   RO         3211    i.gimbal_PID_calc   naive_gimbal_task.o
    0x0800a928   0x0800a928   0x00000148   Code   RO         3212    i.gimbal_task       naive_gimbal_task.o
    0x0800aa70   0x0800aa70   0x0000004c   Code   RO         2470    i.gyro_offset_calc  ins_task.o
    0x0800aabc   0x0800aabc   0x000000ec   Code   RO         2471    i.imu_cali_slove    ins_task.o
    0x0800aba8   0x0800aba8   0x000000f8   Code   RO         2472    i.imu_cmd_spi_dma   ins_task.o
    0x0800aca0   0x0800aca0   0x0000000c   Code   RO         1901    i.imu_pwm_set       bsp_imu_pwm.o
    0x0800acac   0x0800acac   0x00000098   Code   RO         2473    i.imu_temp_control  ins_task.o
    0x0800ad44   0x0800ad44   0x00000150   Code   RO         3213    i.initGimbalCtrls   naive_gimbal_task.o
    0x0800ae94   0x0800ae94   0x00000002   Code   RO         4080    i.ist8310_GPIO_init  ist8310driver_middleware.o
    0x0800ae96   0x0800ae96   0x00000002   PAD
    0x0800ae98   0x0800ae98   0x00000024   Code   RO         4082    i.ist8310_IIC_read_single_reg  ist8310driver_middleware.o
    0x0800aebc   0x0800aebc   0x00000020   Code   RO         4084    i.ist8310_IIC_write_single_reg  ist8310driver_middleware.o
    0x0800aedc   0x0800aedc   0x00000010   Code   RO         4085    i.ist8310_RST_H     ist8310driver_middleware.o
    0x0800aeec   0x0800aeec   0x00000010   Code   RO         4086    i.ist8310_RST_L     ist8310driver_middleware.o
    0x0800aefc   0x0800aefc   0x00000002   Code   RO         4087    i.ist8310_com_init  ist8310driver_middleware.o
    0x0800aefe   0x0800aefe   0x00000004   Code   RO         4088    i.ist8310_delay_ms  ist8310driver_middleware.o
    0x0800af02   0x0800af02   0x00000002   PAD
    0x0800af04   0x0800af04   0x0000007c   Code   RO         4045    i.ist8310_init      ist8310driver.o
    0x0800af80   0x0800af80   0x00000010   Code   RO         2000    i.laser_on          bsp_laser.o
    0x0800af90   0x0800af90   0x00000118   Code   RO         3047    i.led_RGB_flow_task  led_flow_task.o
    0x0800b0a8   0x0800b0a8   0x00000038   Code   RO         3215    i.limitAnglesSecond  naive_gimbal_task.o
    0x0800b0e0   0x0800b0e0   0x00000086   Code   RO           15    i.main              main.o
    0x0800b166   0x0800b166   0x0000000c   Code   RO        10490    i.makeFreeRtosPriority  cmsis_os.o
    0x0800b172   0x0800b172   0x000000aa   Code   RO         3216    i.monitorRounds     naive_gimbal_task.o
    0x0800b21c   0x0800b21c   0x000000ac   Code   RO         3478    i.monitorTriggerECDRound  naive_shoot_task.o
    0x0800b2c8   0x0800b2c8   0x00000010   Code   RO         3119    i.nuc_control_init  nuccommu.o
    0x0800b2d8   0x0800b2d8   0x0000000e   Code   RO        10492    i.osDelay           cmsis_os.o
    0x0800b2e6   0x0800b2e6   0x0000000a   Code   RO        10495    i.osKernelStart     cmsis_os.o
    0x0800b2f0   0x0800b2f0   0x00000054   Code   RO        10529    i.osThreadCreate    cmsis_os.o
    0x0800b344   0x0800b344   0x00000020   Code   RO        10013    i.pcTaskGetName     tasks.o
    0x0800b364   0x0800b364   0x00000078   Code   RO        10014    i.prvAddCurrentTaskToDelayedList  tasks.o
    0x0800b3dc   0x0800b3dc   0x000000d0   Code   RO        10015    i.prvAddNewTaskToReadyList  tasks.o
    0x0800b4ac   0x0800b4ac   0x00000058   Code   RO        10347    i.prvCheckForValidListAndQueue  timers.o
    0x0800b504   0x0800b504   0x00000026   Code   RO         9686    i.prvCopyDataFromQueue  queue.o
    0x0800b52a   0x0800b52a   0x0000006c   Code   RO         9687    i.prvCopyDataToQueue  queue.o
    0x0800b596   0x0800b596   0x00000034   Code   RO        10016    i.prvDeleteTCB      tasks.o
    0x0800b5ca   0x0800b5ca   0x00000002   PAD
    0x0800b5cc   0x0800b5cc   0x0000004c   Code   RO        10869    i.prvHeapInit       heap_4.o
    0x0800b618   0x0800b618   0x0000005c   Code   RO        10017    i.prvIdleTask       tasks.o
    0x0800b674   0x0800b674   0x00000016   Code   RO         9689    i.prvInitialiseNewQueue  queue.o
    0x0800b68a   0x0800b68a   0x000000a0   Code   RO        10018    i.prvInitialiseNewTask  tasks.o
    0x0800b72a   0x0800b72a   0x00000002   PAD
    0x0800b72c   0x0800b72c   0x0000004c   Code   RO        10870    i.prvInsertBlockIntoFreeList  heap_4.o
    0x0800b778   0x0800b778   0x00000038   Code   RO        10349    i.prvInsertTimerInActiveList  timers.o
    0x0800b7b0   0x0800b7b0   0x0000001a   Code   RO         9690    i.prvIsQueueEmpty   queue.o
    0x0800b7ca   0x0800b7ca   0x00000002   PAD
    0x0800b7cc   0x0800b7cc   0x000000cc   Code   RO        10350    i.prvProcessReceivedCommands  timers.o
    0x0800b898   0x0800b898   0x000000b4   Code   RO        10351    i.prvProcessTimerOrBlockTask  timers.o
    0x0800b94c   0x0800b94c   0x00000020   Code   RO        10019    i.prvResetNextTaskUnblockTime  tasks.o
    0x0800b96c   0x0800b96c   0x00000028   Code   RO        10352    i.prvSampleTimeNow  timers.o
    0x0800b994   0x0800b994   0x00000058   Code   RO        10020    i.prvSearchForNameWithinSingleList  tasks.o
    0x0800b9ec   0x0800b9ec   0x0000006c   Code   RO        10353    i.prvSwitchTimerLists  timers.o
    0x0800ba58   0x0800ba58   0x00000028   Code   RO        10919    i.prvTaskExitError  port.o
    0x0800ba80   0x0800ba80   0x00000028   Code   RO        10354    i.prvTimerTask      timers.o
    0x0800baa8   0x0800baa8   0x0000006a   Code   RO         9691    i.prvUnlockQueue    queue.o
    0x0800bb12   0x0800bb12   0x00000002   PAD
    0x0800bb14   0x0800bb14   0x000000d8   Code   RO        10871    i.pvPortMalloc      heap_4.o
    0x0800bbec   0x0800bbec   0x0000002c   Code   RO        10920    i.pxPortInitialiseStack  port.o
    0x0800bc18   0x0800bc18   0x00000084   Code   RO        11375    i.quat_normalization  AHRS.lib(ahrs.o)
    0x0800bc9c   0x0800bc9c   0x00000034   Code   RO         3217    i.radFormat         naive_gimbal_task.o
    0x0800bcd0   0x0800bcd0   0x00000048   Code   RO         3218    i.refreshAngleStates  naive_gimbal_task.o
    0x0800bd18   0x0800bd18   0x00000010   Code   RO         2844    i.remote_control_init  remote_control.o
    0x0800bd28   0x0800bd28   0x000000b8   Code   RO         3549    i.robot_total_mode_task  robot_total_mode.o
    0x0800bde0   0x0800bde0   0x0000002a   Code   RO         3120    i.sbus_to_nucCtrl   nuccommu.o
    0x0800be0a   0x0800be0a   0x000000b4   Code   RO         2845    i.sbus_to_rc        remote_control.o
    0x0800bebe   0x0800bebe   0x00000002   PAD
    0x0800bec0   0x0800bec0   0x00000030   Code   RO         2216    i.servo_pwm_set     bsp_servo_pwm.o
    0x0800bef0   0x0800bef0   0x00000084   Code   RO         3080    i.servo_task        servo_task.o
    0x0800bf74   0x0800bf74   0x00000070   Code   RO         3479    i.setSpeedByMode    naive_shoot_task.o
    0x0800bfe4   0x0800bfe4   0x00000010   Code   RO         3480    i.shootTaskTrggMonitor  naive_shoot_task.o
    0x0800bff4   0x0800bff4   0x0000015c   Code   RO         3481    i.shoot_task        naive_shoot_task.o
    0x0800c150   0x0800c150   0x0000003e   Code   RO        11788    i.sqrtf             m_wm.l(sqrtf_full.o)
    0x0800c18e   0x0800c18e   0x00000002   PAD
    0x0800c190   0x0800c190   0x00000018   Code   RO         2406    i.toe_is_error      detect_task.o
    0x0800c1a8   0x0800c1a8   0x000000a4   Code   RO         3482    i.triggerModeChange  naive_shoot_task.o
    0x0800c24c   0x0800c24c   0x00000068   Code   RO        10023    i.ulTaskNotifyTake  tasks.o
    0x0800c2b4   0x0800c2b4   0x0000007a   Code   RO        11376    i.update_w          AHRS.lib(ahrs.o)
    0x0800c32e   0x0800c32e   0x00000002   PAD
    0x0800c330   0x0800c330   0x00000064   Code   RO         2170    i.usart1_tx_dma_enable  bsp_usart.o
    0x0800c394   0x0800c394   0x00000048   Code   RO         2171    i.usart1_tx_dma_init  bsp_usart.o
    0x0800c3dc   0x0800c3dc   0x00000026   Code   RO         9646    i.uxListRemove      list.o
    0x0800c402   0x0800c402   0x00000002   PAD
    0x0800c404   0x0800c404   0x00000020   Code   RO        10025    i.uxTaskGetStackHighWaterMark  tasks.o
    0x0800c424   0x0800c424   0x00000014   Code   RO          387    i.vApplicationGetIdleTaskMemory  freertos.o
    0x0800c438   0x0800c438   0x00000018   Code   RO          388    i.vApplicationGetTimerTaskMemory  freertos.o
    0x0800c450   0x0800c450   0x00000016   Code   RO         9647    i.vListInitialise   list.o
    0x0800c466   0x0800c466   0x00000006   Code   RO         9648    i.vListInitialiseItem  list.o
    0x0800c46c   0x0800c46c   0x00000030   Code   RO         9649    i.vListInsert       list.o
    0x0800c49c   0x0800c49c   0x00000018   Code   RO         9650    i.vListInsertEnd    list.o
    0x0800c4b4   0x0800c4b4   0x00000040   Code   RO        10922    i.vPortEnterCritical  port.o
    0x0800c4f4   0x0800c4f4   0x00000028   Code   RO        10923    i.vPortExitCritical  port.o
    0x0800c51c   0x0800c51c   0x0000005c   Code   RO        10872    i.vPortFree         heap_4.o
    0x0800c578   0x0800c578   0x00000024   Code   RO        10924    i.vPortSetupTimerInterrupt  port.o
    0x0800c59c   0x0800c59c   0x00000054   Code   RO        10925    i.vPortValidateInterruptPriority  port.o
    0x0800c5f0   0x0800c5f0   0x00000024   Code   RO         9695    i.vQueueAddToRegistry  queue.o
    0x0800c614   0x0800c614   0x00000044   Code   RO         9698    i.vQueueWaitForMessageRestricted  queue.o
    0x0800c658   0x0800c658   0x0000004c   Code   RO        10029    i.vTaskDelay        tasks.o
    0x0800c6a4   0x0800c6a4   0x00000010   Code   RO        10033    i.vTaskInternalSetTimeOutState  tasks.o
    0x0800c6b4   0x0800c6b4   0x0000000c   Code   RO        10034    i.vTaskMissedYield  tasks.o
    0x0800c6c0   0x0800c6c0   0x000000b8   Code   RO        10035    i.vTaskNotifyGiveFromISR  tasks.o
    0x0800c778   0x0800c778   0x00000030   Code   RO        10036    i.vTaskPlaceOnEventList  tasks.o
    0x0800c7a8   0x0800c7a8   0x00000038   Code   RO        10037    i.vTaskPlaceOnEventListRestricted  tasks.o
    0x0800c7e0   0x0800c7e0   0x00000084   Code   RO        10044    i.vTaskStartScheduler  tasks.o
    0x0800c864   0x0800c864   0x00000010   Code   RO        10046    i.vTaskSuspendAll   tasks.o
    0x0800c874   0x0800c874   0x0000005c   Code   RO        10047    i.vTaskSwitchContext  tasks.o
    0x0800c8d0   0x0800c8d0   0x000000f4   Code   RO        10926    i.xPortStartScheduler  port.o
    0x0800c9c4   0x0800c9c4   0x0000002c   Code   RO        10927    i.xPortSysTickHandler  port.o
    0x0800c9f0   0x0800c9f0   0x00000066   Code   RO         9702    i.xQueueGenericCreateStatic  queue.o
    0x0800ca56   0x0800ca56   0x00000002   PAD
    0x0800ca58   0x0800ca58   0x00000088   Code   RO         9703    i.xQueueGenericReset  queue.o
    0x0800cae0   0x0800cae0   0x00000164   Code   RO         9704    i.xQueueGenericSend  queue.o
    0x0800cc44   0x0800cc44   0x000000bc   Code   RO         9705    i.xQueueGenericSendFromISR  queue.o
    0x0800cd00   0x0800cd00   0x00000138   Code   RO         9713    i.xQueueReceive     queue.o
    0x0800ce38   0x0800ce38   0x00000088   Code   RO        10049    i.xTaskCheckForTimeOut  tasks.o
    0x0800cec0   0x0800cec0   0x0000005a   Code   RO        10050    i.xTaskCreate       tasks.o
    0x0800cf1a   0x0800cf1a   0x0000005a   Code   RO        10051    i.xTaskCreateStatic  tasks.o
    0x0800cf74   0x0800cf74   0x00000084   Code   RO        10055    i.xTaskGetHandle    tasks.o
    0x0800cff8   0x0800cff8   0x0000001c   Code   RO        10056    i.xTaskGetSchedulerState  tasks.o
    0x0800d014   0x0800d014   0x0000000c   Code   RO        10057    i.xTaskGetTickCount  tasks.o
    0x0800d020   0x0800d020   0x000000c8   Code   RO        10059    i.xTaskIncrementTick  tasks.o
    0x0800d0e8   0x0800d0e8   0x00000098   Code   RO        10062    i.xTaskPriorityDisinherit  tasks.o
    0x0800d180   0x0800d180   0x00000074   Code   RO        10064    i.xTaskRemoveFromEventList  tasks.o
    0x0800d1f4   0x0800d1f4   0x000000c4   Code   RO        10065    i.xTaskResumeAll    tasks.o
    0x0800d2b8   0x0800d2b8   0x00000060   Code   RO        10359    i.xTimerCreateTimerTask  timers.o
    0x0800d318   0x0800d318   0x00000064   Code   RO        10360    i.xTimerGenericCommand  timers.o
    0x0800d37c   0x0800d37c   0x000002c4   Code   RO        11696    x$fpl$d2f           g_wm.l(d2f_clz.o)
    0x0800d640   0x0800d640   0x0000024c   Code   RO        11698    x$fpl$dadd          g_wm.l(daddsub_clz.o)
    0x0800d88c   0x0800d88c   0x0000001a   Code   RO        11710    x$fpl$dfltn         g_wm.l(dflt_clz.o)
    0x0800d8a6   0x0800d8a6   0x00000002   PAD
    0x0800d8a8   0x0800d8a8   0x000001c0   Code   RO        11714    x$fpl$dmul          g_wm.l(dmul_clz.o)
    0x0800da68   0x0800da68   0x00000102   Code   RO        11970    x$fpl$dnaninf       g_wm.l(dnaninf.o)
    0x0800db6a   0x0800db6a   0x00000070   Code   RO        11972    x$fpl$drenorm       g_wm.l(drenorm_clz.o)
    0x0800dbda   0x0800dbda   0x0000000c   Code   RO        11974    x$fpl$dretinf       g_wm.l(dretinf.o)
    0x0800dbe6   0x0800dbe6   0x00000002   PAD
    0x0800dbe8   0x0800dbe8   0x0000029c   Code   RO        11700    x$fpl$dsub          g_wm.l(daddsub_clz.o)
    0x0800de84   0x0800de84   0x0000017a   Code   RO        11976    x$fpl$dunder        g_wm.l(dunder_clz.o)
    0x0800dffe   0x0800dffe   0x00000002   PAD
    0x0800e000   0x0800e000   0x000001ec   Code   RO        11978    x$fpl$exception     g_wm.l(except.o)
    0x0800e1ec   0x0800e1ec   0x0000007a   Code   RO        11716    x$fpl$f2d           g_wm.l(f2d.o)
    0x0800e266   0x0800e266   0x000000f2   Code   RO        11980    x$fpl$fnaninf       g_wm.l(fnaninf.o)
    0x0800e358   0x0800e358   0x0000000a   Code   RO        12082    x$fpl$fpinit        g_wm.l(fpinit.o)
    0x0800e362   0x0800e362   0x0000000a   Code   RO        11982    x$fpl$fretinf       g_wm.l(fretinf.o)
    0x0800e36c   0x0800e36c   0x0000013c   Code   RO        11984    x$fpl$funder        g_wm.l(funder_clz.o)
    0x0800e4a8   0x0800e4a8   0x000000b2   Code   RO        12084    x$fpl$retnan        g_wm.l(retnan.o)
    0x0800e55a   0x0800e55a   0x0000007e   Code   RO        11996    x$fpl$trapveneer    g_wm.l(trapv.o)
    0x0800e5d8   0x0800e5d8   0x00000000   Code   RO        11998    x$fpl$usenofp       g_wm.l(usenofp.o)
    0x0800e5d8   0x0800e5d8   0x000000e0   Data   RO          390    .constdata          freertos.o
    0x0800e6b8   0x0800e6b8   0x00000010   Data   RO         1478    .constdata          system_stm32f4xx.o
    0x0800e6c8   0x0800e6c8   0x00000008   Data   RO         1479    .constdata          system_stm32f4xx.o
    0x0800e6d0   0x0800e6d0   0x0000005a   Data   RO         2408    .constdata          detect_task.o
    0x0800e72a   0x0800e72a   0x00000002   PAD
    0x0800e72c   0x0800e72c   0x0000000c   Data   RO         2477    .constdata          ins_task.o
    0x0800e738   0x0800e738   0x00000008   Data   RO         3081    .constdata          servo_task.o
    0x0800e740   0x0800e740   0x00000008   Data   RO         3220    .constdata          naive_gimbal_task.o
    0x0800e748   0x0800e748   0x00000018   Data   RO         3484    .constdata          naive_shoot_task.o
    0x0800e760   0x0800e760   0x00000012   Data   RO         3857    .constdata          bmi088driver.o
    0x0800e772   0x0800e772   0x0000000c   Data   RO         4048    .constdata          ist8310driver.o
    0x0800e77e   0x0800e77e   0x00000008   Data   RO         5838    .constdata          stm32f4xx_hal_dma.o
    0x0800e786   0x0800e786   0x00000002   PAD
    0x0800e788   0x0800e788   0x0000000c   Data   RO        11377    .constdata          AHRS.lib(ahrs.o)
    0x0800e794   0x0800e794   0x00000804   Data   RO        11587    .constdata          arm_cortexM4lf_math.lib(arm_common_tables.o)
    0x0800ef98   0x0800ef98   0x00000054   Data   RO          391    .conststring        freertos.o
    0x0800efec   0x0800efec   0x00000020   Data   RO        12217    Region$$Table       anon$$obj.o


    Execution Region RW_IRAM1 (Exec base: 0x20000000, Load base: 0x0800f00c, Size: 0x0000ca78, Max: 0x00020000, ABSOLUTE, COMPRESSED[0x000000d8])

    Exec Addr    Load Addr    Size         Type   Attr      Idx    E Section Name        Object

    0x20000000   COMPRESSED   0x00000020   Data   RW          394    .data               freertos.o
    0x20000020   COMPRESSED   0x00000004   Data   RW          510    .data               can.o
    0x20000024   COMPRESSED   0x00000008   Data   RW          557    .data               crc.o
    0x2000002c   COMPRESSED   0x00000004   Data   RW         1480    .data               system_stm32f4xx.o
    0x20000030   COMPRESSED   0x00000004   Data   RW         1520    .data               bsp_adc.o
    0x20000034   COMPRESSED   0x00000008   Data   RW         1766    .data               bsp_delay.o
    0x2000003c   COMPRESSED   0x00000008   Data   RW         2034    .data               bsp_led.o
    0x20000044   COMPRESSED   0x00000054   Data   RW         2285    .data               calibrate_task.o
    0x20000098   COMPRESSED   0x0000000c   Data   RW         2409    .data               detect_task.o
    0x200000a4   COMPRESSED   0x000000ac   Data   RW         2479    .data               ins_task.o
    0x20000150   COMPRESSED   0x00000002   Data   RW         2792    .data               referee_usart_task.o
    0x20000152   COMPRESSED   0x00000004   Data   RW         2850    .data               remote_control.o
    0x20000156   COMPRESSED   0x00000002   PAD
    0x20000158   COMPRESSED   0x0000001c   Data   RW         3048    .data               led_flow_task.o
    0x20000174   COMPRESSED   0x0000000c   Data   RW         3082    .data               servo_task.o
    0x20000180   COMPRESSED   0x0000000c   Data   RW         3124    .data               nuccommu.o
    0x2000018c   COMPRESSED   0x00000054   Data   RW         3221    .data               naive_gimbal_task.o
    0x200001e0   COMPRESSED   0x00000058   Data   RW         3485    .data               naive_shoot_task.o
    0x20000238   COMPRESSED   0x00000010   Data   RW         3550    .data               robot_total_mode.o
    0x20000248   COMPRESSED   0x00000048   Data   RW         3612    .data               can_receive.o
    0x20000290   COMPRESSED   0x00000008   Data   RW         3730    .data               oled.o
    0x20000298   COMPRESSED   0x0000002c   Data   RW         3858    .data               bmi088driver.o
    0x200002c4   COMPRESSED   0x0000000c   Data   RW         6265    .data               stm32f4xx_hal.o
    0x200002d0   COMPRESSED   0x0000003c   Data   RW        10068    .data               tasks.o
    0x2000030c   COMPRESSED   0x00000014   Data   RW        10368    .data               timers.o
    0x20000320   COMPRESSED   0x00000018   Data   RW        10877    .data               heap_4.o
    0x20000338   COMPRESSED   0x0000000c   Data   RW        10928    .data               port.o
    0x20000344   COMPRESSED   0x00000001   Data   RW        11144    .data               usbd_ctlreq.o
    0x20000345   COMPRESSED   0x00000003   PAD
    0x20000348   COMPRESSED   0x00000010   Data   RW        11378    .data               AHRS.lib(ahrs.o)
    0x20000358        -       0x000006a8   Zero   RW          389    .bss                freertos.o
    0x20000a00        -       0x00000090   Zero   RW          461    .bss                adc.o
    0x20000a90        -       0x00000050   Zero   RW          509    .bss                can.o
    0x20000ae0        -       0x0000015c   Zero   RW          625    .bss                i2c.o
    0x20000c3c        -       0x00000010   Zero   RW          677    .bss                rng.o
    0x20000c4c        -       0x00000020   Zero   RW          719    .bss                rtc.o
    0x20000c6c        -       0x00000170   Zero   RW          762    .bss                spi.o
    0x20000ddc        -       0x00000180   Zero   RW          815    .bss                tim.o
    0x20000f5c        -       0x000002a0   Zero   RW          889    .bss                usart.o
    0x200011fc        -       0x00000408   Zero   RW         1019    .bss                usbd_conf.o
    0x20001604        -       0x00000010   Zero   RW         1519    .bss                bsp_adc.o
    0x20001614        -       0x00000014   Zero   RW         2279    .bss                calibrate_task.o
    0x20001628        -       0x00000018   Zero   RW         2280    .bss                calibrate_task.o
    0x20001640        -       0x00000018   Zero   RW         2281    .bss                calibrate_task.o
    0x20001658        -       0x00000018   Zero   RW         2282    .bss                calibrate_task.o
    0x20001670        -       0x000000b9   Zero   RW         2283    .bss                calibrate_task.o
    0x20001729        -       0x00000240   Zero   RW         2407    .bss                detect_task.o
    0x20001969   COMPRESSED   0x00000003   PAD
    0x2000196c        -       0x0000011c   Zero   RW         2474    .bss                ins_task.o
    0x20001a88        -       0x000008a1   Zero   RW         2791    .bss                referee_usart_task.o
    0x20002329        -       0x00000072   Zero   RW         2849    .bss                remote_control.o
    0x2000239b   COMPRESSED   0x00000005   PAD
    0x200023a0        -       0x00000074   Zero   RW         3123    .bss                nuccommu.o
    0x20002414        -       0x000001d2   Zero   RW         3219    .bss                naive_gimbal_task.o
    0x200025e6   COMPRESSED   0x00000002   PAD
    0x200025e8        -       0x000000ec   Zero   RW         3483    .bss                naive_shoot_task.o
    0x200026d4        -       0x00000104   Zero   RW         3611    .bss                can_receive.o
    0x200027d8        -       0x00000040   Zero   RW         9716    .bss                queue.o
    0x20002818        -       0x000000f0   Zero   RW        10067    .bss                tasks.o
    0x20002908        -       0x00000110   Zero   RW        10367    .bss                timers.o
    0x20002a18        -       0x00006000   Zero   RW        10876    .bss                heap_4.o
    0x20008a18        -       0x00000060   Zero   RW        12021    .bss                c_w.l(libspace.o)
    0x20008a78        -       0x00002000   Zero   RW            2    HEAP                startup_stm32f407xx.o
    0x2000aa78        -       0x00002000   Zero   RW            1    STACK               startup_stm32f407xx.o


==============================================================================

Image component sizes


      Code (inc. data)   RO Data    RW Data    ZI Data      Debug   Object Name

       324         40          0          0        144       2602   adc.o
        70          6          0          0          0       5572   ahrs_middleware.o
      2152         32         18         44          0      11655   bmi088driver.o
       108         28          0          0          0       5156   bmi088middleware.o
       128         24          0          4         16     645004   bsp_adc.o
        32         10          0          0          0       1105   bsp_buzzer.o
        88          8          0          0          0        642   bsp_can.o
        92         18          0          8          0       1500   bsp_delay.o
        12          0          0          0          0       1145   bsp_flash.o
       164         32          0          0          0       1740   bsp_i2c.o
        12          4          0          0          0        558   bsp_imu_pwm.o
        16          4          0          0          0        511   bsp_laser.o
        60          8          0          8          0        676   bsp_led.o
        96         12          0          0          0       1231   bsp_nuccom.o
       176         26          0          0          0       2227   bsp_rc.o
        48         10          0          0          0        668   bsp_servo_pwm.o
      4980         76          0          0          0       2542   bsp_spi.o
       172         24          0          0          0       1797   bsp_usart.o
       420         32          0         84        277      17882   calibrate_task.o
       384         42          0          4         80       2730   can.o
       716         80          0         72        260       9283   can_receive.o
       120          0          0          0          0      22829   cmsis_os.o
        76         18          0          8          0       1715   crc.o
       488         36         90         12        576       4858   detect_task.o
       172          4          0          0          0        962   dma.o
         0          0          0          0          0      18116   event_groups.o
       124          0          0          0          0       7982   fifo.o
       236         18        308         32       1704       4303   freertos.o
       460         30          0          0          0       1339   gpio.o
       460         24          0         24      24576       5219   heap_4.o
       548         82          0          0        348       3476   i2c.o
      2388        156         12        172        284     602126   ins_task.o
       124          4         12          0          0       2203   ist8310driver.o
       108         22          0          0          0       4283   ist8310driver_middleware.o
       280         10          0         28          0       1989   led_flow_task.o
       138          0          0          0          0       3914   list.o
       292         12          0          0          0     795240   main.o
      1950        142          8         84        466      14040   naive_gimbal_task.o
      1208         82         24         88        236       9967   naive_shoot_task.o
       308         34          0         12        116       5848   nuccommu.o
        36          8          0          8          0       3035   oled.o
       452         14          0          0          0       3314   pid.o
       786         80          0         12          0      12629   port.o
      1498         18          0          0         64      15568   queue.o
       152         20          0          2       2209       4587   referee_usart_task.o
       376         32          0          4        114       4260   remote_control.o
        76         18          0          0         16       1715   rng.o
       192          8          0         16          0       2608   robot_total_mode.o
        80         18          0          0         32       1671   rtc.o
       132         10          8         12          0       1866   servo_task.o
       468         44          0          0        368       2876   spi.o
        64         26        392          0      16384        888   startup_stm32f407xx.o
       144         24          0         12          0       4289   stm32f4xx_hal.o
      1116         54          0          0          0       5654   stm32f4xx_hal_adc.o
      1636          6          0          0          0      15759   stm32f4xx_hal_can.o
       198         14          0          0          0      34283   stm32f4xx_hal_cortex.o
        38          0          0          0          0       1167   stm32f4xx_hal_crc.o
       752         16          8          0          0       4392   stm32f4xx_hal_dma.o
       482         52          0          0          0       3399   stm32f4xx_hal_gpio.o
      2118         44          0          0          0      13326   stm32f4xx_hal_i2c.o
        56          4          0          0          0        954   stm32f4xx_hal_msp.o
      1944         18          0          0          0      10503   stm32f4xx_hal_pcd.o
         2          0          0          0          0       1097   stm32f4xx_hal_pcd_ex.o
      1268         82          0          0          0       6164   stm32f4xx_hal_rcc.o
       316         22          0          0          0       1572   stm32f4xx_hal_rcc_ex.o
        50          0          0          0          0       1195   stm32f4xx_hal_rng.o
       280          6          0          0          0       3100   stm32f4xx_hal_rtc.o
       838          8          0          0          0       5021   stm32f4xx_hal_spi.o
      1356         90          0          0          0      14905   stm32f4xx_hal_tim.o
       150          0          0          0          0       2320   stm32f4xx_hal_tim_ex.o
      1066          8          0          0          0       4396   stm32f4xx_hal_uart.o
       144         42          0          0          0       9417   stm32f4xx_it.o
      1698         96          0          0          0      16799   stm32f4xx_ll_usb.o
        84         18         24          4          0       1335   system_stm32f4xx.o
      2704        188          0         60        240      31495   tasks.o
      1748        142          0          0        384       7239   tim.o
       912         84          0         20        272      27307   timers.o
       792         78          0          0        672       3939   usart.o
       362          4          0          0       1032      13085   usbd_conf.o
       628          0          0          0          0      11175   usbd_core.o
      1114         28          0          1          0       7815   usbd_ctlreq.o
       102          0          0          0          0       4156   usbd_ioreq.o
        96          0          0          0          0       2484   user_lib.o

    ----------------------------------------------------------------------
     48302       2614        940        840      50880    2551394   Object Totals
         0          0         32          0          0          0   (incl. Generated)
        66          0          4          5         10          0   (incl. Padding)

    ----------------------------------------------------------------------

      Code (inc. data)   RO Data    RW Data    ZI Data      Debug   Library Member Name

      2718         84         12         16          0       9922   ahrs.o
         0          0       2052          0          0       4636   arm_common_tables.o
       120         12          0          0          0      16970   arm_cos_f32.o
       116         12          0          0          0        658   arm_sin_f32.o
        90          0          0          0          0          0   __dczerorl2.o
         8          0          0          0          0         68   __main.o
         0          0          0          0          0          0   __rtentry.o
        12          0          0          0          0          0   __rtentry2.o
         6          0          0          0          0          0   __rtentry4.o
        52          8          0          0          0          0   __scatter.o
        28          0          0          0          0          0   __scatter_zi.o
        48          4          0          0          0         84   _fptrap.o
        22          0          0          0          0        100   _rserrno.o
        16          0          0          0          0         68   aeabi_memset.o
        10          0          0          0          0         68   defsig_exit.o
       172        110          0          0          0         76   defsig_fpe_inner.o
        14          0          0          0          0         80   defsig_fpe_outer.o
        50          0          0          0          0         88   defsig_general.o
        18          0          0          0          0         80   exit.o
         6          0          0          0          0        152   heapauxi.o
         0          0          0          0          0          0   indicate_semi.o
         2          0          0          0          0          0   libinit.o
         6          0          0          0          0          0   libinit2.o
         2          0          0          0          0          0   libshutdown.o
         2          0          0          0          0          0   libshutdown2.o
         8          4          0          0         96         68   libspace.o
       238          0          0          0          0        100   lludivv7m.o
         8          4          0          0          0         68   rt_errno_addr_intlibspace.o
        68          0          0          0          0         68   rt_memclr.o
        78          0          0          0          0         80   rt_memclr_w.o
       138          0          0          0          0         68   rt_memcpy_v6.o
       100          0          0          0          0         80   rt_memcpy_w.o
         2          0          0          0          0          0   rtexit.o
        10          0          0          0          0          0   rtexit2.o
        62          0          0          0          0         76   strlen.o
        12          4          0          0          0         68   sys_exit.o
        74          0          0          0          0         80   sys_stackheap_outer.o
        14          0          0          0          0         76   sys_wrch.o
         2          0          0          0          0         68   use_no_semi.o
       708         16          0          0          0        140   d2f_clz.o
      1256         28          0          0          0        408   daddsub_clz.o
        26          0          0          0          0        116   dflt_clz.o
       448         16          0          0          0        164   dmul_clz.o
       258          4          0          0          0        156   dnaninf.o
       112          0          0          0          0        160   drenorm_clz.o
        12          0          0          0          0        116   dretinf.o
       378          0          0          0          0        168   dunder_clz.o
       492         36          0          0          0        148   except.o
       122          8          0          0          0        132   f2d.o
       242          4          0          0          0        144   fnaninf.o
        10          0          0          0          0        116   fpinit.o
        10          0          0          0          0        116   fretinf.o
       316          0          0          0          0        132   funder_clz.o
       178          0          0          0          0        116   retnan.o
       126          0          0          0          0        148   trapv.o
         0          0          0          0          0          0   usenofp.o
       300         42          0          0          0        176   asinf.o
       592         90          0          0          0        184   atan2f.o
        38          0          0          0          0        116   fpclassifyf.o
        44         12          0          0          0        464   funder.o
       120          0          0          0          0        272   sqrtf_full.o

    ----------------------------------------------------------------------
     10146        498       2064         16         96      37642   Library Totals
        26          0          0          0          0          0   (incl. Padding)

    ----------------------------------------------------------------------

      Code (inc. data)   RO Data    RW Data    ZI Data      Debug   Library Name

      2718         84         12         16          0       9922   AHRS.lib
       236         24       2052          0          0      22264   arm_cortexM4lf_math.lib
      1378        134          0          0         96       1764   c_w.l
      4694        112          0          0          0       2480   g_wm.l
      1094        144          0          0          0       1212   m_wm.l

    ----------------------------------------------------------------------
     10146        498       2064         16         96      37642   Library Totals

    ----------------------------------------------------------------------

==============================================================================


      Code (inc. data)   RO Data    RW Data    ZI Data      Debug   

     58448       3112       3004        856      50976    2543900   Grand Totals
     58448       3112       3004        216      50976    2543900   ELF Image Totals (compressed)
     58448       3112       3004        216          0          0   ROM Totals

==============================================================================

    Total RO  Size (Code + RO Data)                61452 (  60.01kB)
    Total RW  Size (RW Data + ZI Data)             51832 (  50.62kB)
    Total ROM Size (Code + RO Data + RW Data)      61668 (  60.22kB)

==============================================================================

